---
http_interactions:
- request:
    method: post
    uri: https://<BALANCED_API_KEY>:@api.balancedpayments.com/bank_accounts
    body:
      encoding: UTF-8
      string: '{"account_number":"9900000002","account_type":"checking","name":"Johann
        Bernoulli","routing_number":"021000021"}'
    headers:
      User-Agent:
      - balanced-ruby/1.1.1
      Content-Type:
      - application/json;revision=1.1
      Accept:
      - application/vnd.api+json;revision=1.1
      Accept-Encoding:
      - gzip;q=1.0,deflate;q=0.6,identity;q=0.3
  response:
    status:
      code: 201
      message: CREATED
    headers:
      Access-Control-Allow-Headers:
      - Content-Type
      Access-Control-Allow-Methods:
      - POST, OPTIONS
      Access-Control-Allow-Origin:
      - "*"
      Content-Type:
      - application/json
      Date:
      - Wed, 29 Oct 2014 21:13:27 GMT
      Server:
      - ngx_openresty/1.2.6.3
      X-Balanced-Guru:
      - OHM6cd1e6765fb011e4877402a1fe53e539
      X-Balanced-Host:
      - bapi-integration-prod-8u30f7-10-3-5-17
      X-Balanced-Marketplace:
      - TEST-MP25WywsPx8EeGEUdXq7NHPH
      X-Balanced-Merchant:
      - TEST-MR25szSXTcDDLogl9uXOlFKV
      X-Balanced-Revision:
      - '1.1'
      X-Balanced-Software-Build:
      - 1.8.38
      X-Midlr-Version:
      - '2'
      X-Newrelic-App-Data:
      - PxQFWFNXCQYTUllWAgAAU0YdFhE1AwE2QgNWEVlbQFtcCxYxSBVbDQoZVA4IF0pcXAgEEBhTVggPbldQAQkWDEQRFgFKXVVGVkcVQQFNE1JKAg5QUVoJCgZXVFUAAwBWUR0WAVBQT0ISVQ5UWQoCVANSDFMFVwRVABQbQQACVEBVOQ==
      Content-Length:
      - '1291'
      Connection:
      - keep-alive
    body:
      encoding: UTF-8
      string: |-
        {
          "bank_accounts": [
            {
              "routing_number": "021000021",
              "bank_name": "JPMORGAN CHASE BANK",
              "account_type": "checking",
              "name": "Johann Bernoulli",
              "links": {
                "customer": null,
                "bank_account_verification": null
              },
              "can_credit": true,
              "created_at": "2014-10-29T21:13:27.685489Z",
              "fingerprint": "2ef53fa3f76e47c5930f77fe0a59aa103b5abfd5622f08305b786808ec574a1e",
              "updated_at": "2014-10-29T21:13:27.685492Z",
              "href": "/bank_accounts/BA3jPgMWEKvQEyrXWDXCSz3G",
              "meta": {},
              "account_number": "xxxxxx0002",
              "address": {
                "city": null,
                "line2": null,
                "line1": null,
                "state": null,
                "postal_code": null,
                "country_code": null
              },
              "can_debit": false,
              "id": "BA3jPgMWEKvQEyrXWDXCSz3G"
            }
          ],
          "links": {
            "bank_accounts.credits": "/bank_accounts/{bank_accounts.id}/credits",
            "bank_accounts.bank_account_verifications": "/bank_accounts/{bank_accounts.id}/verifications",
            "bank_accounts.customer": "/customers/{bank_accounts.customer}",
            "bank_accounts.debits": "/bank_accounts/{bank_accounts.id}/debits",
            "bank_accounts.bank_account_verification": "/verifications/{bank_accounts.bank_account_verification}"
          }
        }
    http_version: 
  recorded_at: Wed, 29 Oct 2014 21:13:28 GMT
- request:
    method: get
    uri: https://<BALANCED_API_KEY>:@api.balancedpayments.com/bank_accounts/BA3jPgMWEKvQEyrXWDXCSz3G
    body:
      encoding: US-ASCII
      string: ''
    headers:
      User-Agent:
      - balanced-ruby/1.1.1
      Content-Type:
      - application/json;revision=1.1
      Accept:
      - application/vnd.api+json;revision=1.1
      Accept-Encoding:
      - gzip;q=1.0,deflate;q=0.6,identity;q=0.3
  response:
    status:
      code: 200
      message: OK
    headers:
      Content-Type:
      - application/json
      Date:
      - Wed, 29 Oct 2014 21:13:28 GMT
      Server:
      - ngx_openresty/1.2.6.3
      X-Balanced-Guru:
      - OHM6d4decda5fb011e495990230f00c9248
      X-Balanced-Host:
      - bapi-integration-prod-8u30f7-10-3-5-17
      X-Balanced-Marketplace:
      - TEST-MP25WywsPx8EeGEUdXq7NHPH
      X-Balanced-Merchant:
      - TEST-MR25szSXTcDDLogl9uXOlFKV
      X-Balanced-Revision:
      - '1.1'
      X-Balanced-Software-Build:
      - 1.8.38
      Content-Length:
      - '504'
      Connection:
      - keep-alive
    body:
      encoding: UTF-8
      string: |-
        {
          "bank_accounts": [
            {
              "routing_number": "021000021",
              "bank_name": "JPMORGAN CHASE BANK",
              "account_type": "checking",
              "name": "Johann Bernoulli",
              "links": {
                "customer": null,
                "bank_account_verification": null
              },
              "can_credit": true,
              "created_at": "2014-10-29T21:13:27.685489Z",
              "fingerprint": "2ef53fa3f76e47c5930f77fe0a59aa103b5abfd5622f08305b786808ec574a1e",
              "updated_at": "2014-10-29T21:13:27.685492Z",
              "href": "/bank_accounts/BA3jPgMWEKvQEyrXWDXCSz3G",
              "meta": {},
              "account_number": "xxxxxx0002",
              "address": {
                "city": null,
                "line2": null,
                "line1": null,
                "state": null,
                "postal_code": null,
                "country_code": null
              },
              "can_debit": false,
              "id": "BA3jPgMWEKvQEyrXWDXCSz3G"
            }
          ],
          "links": {
            "bank_accounts.credits": "/bank_accounts/{bank_accounts.id}/credits",
            "bank_accounts.bank_account_verifications": "/bank_accounts/{bank_accounts.id}/verifications",
            "bank_accounts.customer": "/customers/{bank_accounts.customer}",
            "bank_accounts.debits": "/bank_accounts/{bank_accounts.id}/debits",
            "bank_accounts.bank_account_verification": "/verifications/{bank_accounts.bank_account_verification}"
          }
        }
    http_version: 
  recorded_at: Wed, 29 Oct 2014 21:13:28 GMT
- request:
    method: post
    uri: https://<BALANCED_API_KEY>:@api.balancedpayments.com/bank_accounts/BA3jPgMWEKvQEyrXWDXCSz3G/verifications
    body:
      encoding: UTF-8
      string: "{}"
    headers:
      User-Agent:
      - balanced-ruby/1.1.1
      Content-Type:
      - application/json;revision=1.1
      Accept:
      - application/vnd.api+json;revision=1.1
      Accept-Encoding:
      - gzip;q=1.0,deflate;q=0.6,identity;q=0.3
  response:
    status:
      code: 201
      message: CREATED
    headers:
      Content-Type:
      - application/json
      Date:
      - Wed, 29 Oct 2014 21:13:38 GMT
      Server:
      - ngx_openresty/1.2.6.3
      X-Balanced-Guru:
      - OHM6d7ee5ba5fb011e4b84f0230f00c9248
      X-Balanced-Host:
      - bapi-integration-prod-8u30f7-10-3-4-8
      X-Balanced-Marketplace:
      - TEST-MP25WywsPx8EeGEUdXq7NHPH
      X-Balanced-Merchant:
      - TEST-MR25szSXTcDDLogl9uXOlFKV
      X-Balanced-Revision:
      - '1.1'
      X-Balanced-Software-Build:
      - 1.8.38
      Content-Length:
      - '599'
      Connection:
      - keep-alive
    body:
      encoding: UTF-8
      string: |-
        {
          "bank_account_verifications": [
            {
              "verification_status": "pending",
              "links": {
                "bank_account": "BA3jPgMWEKvQEyrXWDXCSz3G"
              },
              "href": "/verifications/BZ3v4dH7TsDoqPdXE1I9R0rj",
              "created_at": "2014-10-29T21:13:37.689460Z",
              "attempts_remaining": 3,
              "updated_at": "2014-10-29T21:13:38.105158Z",
              "deposit_status": "succeeded",
              "attempts": 0,
              "meta": {},
              "id": "BZ3v4dH7TsDoqPdXE1I9R0rj"
            }
          ],
          "links": {
            "bank_account_verifications.bank_account": "/bank_accounts/{bank_account_verifications.bank_account}"
          }
        }
    http_version: 
  recorded_at: Wed, 29 Oct 2014 21:13:39 GMT
- request:
    method: get
    uri: https://<BALANCED_API_KEY>:@api.balancedpayments.com/bank_accounts/BA3jPgMWEKvQEyrXWDXCSz3G
    body:
      encoding: US-ASCII
      string: ''
    headers:
      User-Agent:
      - balanced-ruby/1.1.1
      Content-Type:
      - application/json;revision=1.1
      Accept:
      - application/vnd.api+json;revision=1.1
      Accept-Encoding:
      - gzip;q=1.0,deflate;q=0.6,identity;q=0.3
  response:
    status:
      code: 200
      message: OK
    headers:
      Content-Type:
      - application/json
      Date:
      - Wed, 29 Oct 2014 21:13:39 GMT
      Server:
      - ngx_openresty/1.2.6.3
      X-Balanced-Guru:
      - OHM73e4b6d25fb011e4bc6302b12035401b
      X-Balanced-Host:
      - bapi-integration-prod-8u30f7-10-3-4-8
      X-Balanced-Marketplace:
      - TEST-MP25WywsPx8EeGEUdXq7NHPH
      X-Balanced-Merchant:
      - TEST-MR25szSXTcDDLogl9uXOlFKV
      X-Balanced-Revision:
      - '1.1'
      X-Balanced-Software-Build:
      - 1.8.38
      Content-Length:
      - '527'
      Connection:
      - keep-alive
    body:
      encoding: UTF-8
      string: |-
        {
          "bank_accounts": [
            {
              "routing_number": "021000021",
              "bank_name": "JPMORGAN CHASE BANK",
              "account_type": "checking",
              "name": "Johann Bernoulli",
              "links": {
                "customer": null,
                "bank_account_verification": "BZ3v4dH7TsDoqPdXE1I9R0rj"
              },
              "can_credit": true,
              "created_at": "2014-10-29T21:13:27.685489Z",
              "fingerprint": "2ef53fa3f76e47c5930f77fe0a59aa103b5abfd5622f08305b786808ec574a1e",
              "updated_at": "2014-10-29T21:13:27.685492Z",
              "href": "/bank_accounts/BA3jPgMWEKvQEyrXWDXCSz3G",
              "meta": {},
              "account_number": "xxxxxx0002",
              "address": {
                "city": null,
                "line2": null,
                "line1": null,
                "state": null,
                "postal_code": null,
                "country_code": null
              },
              "can_debit": false,
              "id": "BA3jPgMWEKvQEyrXWDXCSz3G"
            }
          ],
          "links": {
            "bank_accounts.credits": "/bank_accounts/{bank_accounts.id}/credits",
            "bank_accounts.bank_account_verifications": "/bank_accounts/{bank_accounts.id}/verifications",
            "bank_accounts.customer": "/customers/{bank_accounts.customer}",
            "bank_accounts.debits": "/bank_accounts/{bank_accounts.id}/debits",
            "bank_accounts.bank_account_verification": "/verifications/{bank_accounts.bank_account_verification}"
          }
        }
    http_version: 
  recorded_at: Wed, 29 Oct 2014 21:13:39 GMT
- request:
    method: get
    uri: https://<BALANCED_API_KEY>:@api.balancedpayments.com/verifications/BZ3v4dH7TsDoqPdXE1I9R0rj
    body:
      encoding: US-ASCII
      string: ''
    headers:
      User-Agent:
      - balanced-ruby/1.1.1
      Content-Type:
      - application/json;revision=1.1
      Accept:
      - application/vnd.api+json;revision=1.1
      Accept-Encoding:
      - gzip;q=1.0,deflate;q=0.6,identity;q=0.3
  response:
    status:
      code: 200
      message: OK
    headers:
      Content-Type:
      - application/json
      Date:
      - Wed, 29 Oct 2014 21:13:39 GMT
      Server:
      - ngx_openresty/1.2.6.3
      X-Balanced-Guru:
      - OHM7414d9025fb011e49ead06429171ffad
      X-Balanced-Host:
      - bapi-integration-prod-8u30f7-10-3-5-17
      X-Balanced-Marketplace:
      - TEST-MP25WywsPx8EeGEUdXq7NHPH
      X-Balanced-Merchant:
      - TEST-MR25szSXTcDDLogl9uXOlFKV
      X-Balanced-Revision:
      - '1.1'
      X-Balanced-Software-Build:
      - 1.8.38
      Content-Length:
      - '599'
      Connection:
      - keep-alive
    body:
      encoding: UTF-8
      string: |-
        {
          "bank_account_verifications": [
            {
              "verification_status": "pending",
              "links": {
                "bank_account": "BA3jPgMWEKvQEyrXWDXCSz3G"
              },
              "href": "/verifications/BZ3v4dH7TsDoqPdXE1I9R0rj",
              "created_at": "2014-10-29T21:13:37.689460Z",
              "attempts_remaining": 3,
              "updated_at": "2014-10-29T21:13:38.105158Z",
              "deposit_status": "succeeded",
              "attempts": 0,
              "meta": {},
              "id": "BZ3v4dH7TsDoqPdXE1I9R0rj"
            }
          ],
          "links": {
            "bank_account_verifications.bank_account": "/bank_accounts/{bank_account_verifications.bank_account}"
          }
        }
    http_version: 
  recorded_at: Wed, 29 Oct 2014 21:13:39 GMT
- request:
    method: put
    uri: https://<BALANCED_API_KEY>:@api.balancedpayments.com/verifications/BZ3v4dH7TsDoqPdXE1I9R0rj
    body:
      encoding: UTF-8
      string: '{"verification_status":"pending","links":{"bank_account":"BA3jPgMWEKvQEyrXWDXCSz3G"},"created_at":"2014-10-29T21:13:37.689460Z","attempts_remaining":3,"updated_at":"2014-10-29T21:13:38.105158Z","deposit_status":"succeeded","attempts":0,"meta":{},"id":"BZ3v4dH7TsDoqPdXE1I9R0rj","amount_1":"1","amount_2":"1"}'
    headers:
      User-Agent:
      - balanced-ruby/1.1.1
      Content-Type:
      - application/json;revision=1.1
      Accept:
      - application/vnd.api+json;revision=1.1
      Accept-Encoding:
      - gzip;q=1.0,deflate;q=0.6,identity;q=0.3
  response:
    status:
      code: 200
      message: OK
    headers:
      Content-Type:
      - application/json
      Date:
      - Wed, 29 Oct 2014 21:13:39 GMT
      Server:
      - ngx_openresty/1.2.6.3
      X-Balanced-Guru:
      - OHM7446ed5c5fb011e495990230f00c9248
      X-Balanced-Host:
      - bapi-integration-prod-8u30f7-10-3-4-8
      X-Balanced-Marketplace:
      - TEST-MP25WywsPx8EeGEUdXq7NHPH
      X-Balanced-Merchant:
      - TEST-MR25szSXTcDDLogl9uXOlFKV
      X-Balanced-Revision:
      - '1.1'
      X-Balanced-Software-Build:
      - 1.8.38
      Content-Length:
      - '601'
      Connection:
      - keep-alive
    body:
      encoding: UTF-8
      string: |-
        {
          "bank_account_verifications": [
            {
              "verification_status": "succeeded",
              "links": {
                "bank_account": "BA3jPgMWEKvQEyrXWDXCSz3G"
              },
              "href": "/verifications/BZ3v4dH7TsDoqPdXE1I9R0rj",
              "created_at": "2014-10-29T21:13:37.689460Z",
              "attempts_remaining": 2,
              "updated_at": "2014-10-29T21:13:39.917568Z",
              "deposit_status": "succeeded",
              "attempts": 1,
              "meta": {},
              "id": "BZ3v4dH7TsDoqPdXE1I9R0rj"
            }
          ],
          "links": {
            "bank_account_verifications.bank_account": "/bank_accounts/{bank_account_verifications.bank_account}"
          }
        }
    http_version: 
  recorded_at: Wed, 29 Oct 2014 21:13:40 GMT
- request:
    method: post
    uri: https://<BALANCED_API_KEY>:@api.balancedpayments.com/bank_accounts
    body:
      encoding: UTF-8
      string: '{"account_number":"9900000002","account_type":"checking","name":"Johann
        Bernoulli","routing_number":"021000021"}'
    headers:
      User-Agent:
      - balanced-ruby/1.1.1
      Content-Type:
      - application/json;revision=1.1
      Accept:
      - application/vnd.api+json;revision=1.1
      Accept-Encoding:
      - gzip;q=1.0,deflate;q=0.6,identity;q=0.3
  response:
    status:
      code: 201
      message: CREATED
    headers:
      Access-Control-Allow-Headers:
      - Content-Type
      Access-Control-Allow-Methods:
      - POST, OPTIONS
      Access-Control-Allow-Origin:
      - "*"
      Content-Type:
      - application/json
      Date:
      - Wed, 29 Oct 2014 21:13:40 GMT
      Server:
      - ngx_openresty/1.2.6.3
      X-Balanced-Guru:
      - OHM749c70a65fb011e496fa02a1fe52a36c
      X-Balanced-Host:
      - bapi-integration-prod-8u30f7-10-3-4-8
      X-Balanced-Marketplace:
      - TEST-MP25WywsPx8EeGEUdXq7NHPH
      X-Balanced-Merchant:
      - TEST-MR25szSXTcDDLogl9uXOlFKV
      X-Balanced-Revision:
      - '1.1'
      X-Balanced-Software-Build:
      - 1.8.38
      X-Midlr-Version:
      - '2'
      X-Newrelic-App-Data:
      - PxQFWFNXCQYTUllWAgAAU0YdFhE1AwE2QgNWEVlbQFtcCxYxSBVbDQoZVA4IF0pcXAgEEBhTVggPbldQAQkWDEQRFgFKXVVGVkcVQQFNE1JKAgJVXloMAwZRWVcBCARVUh0WAVBQT0ISB15QXV0HUAsAClgBBQJRXBQbQQACVEBVOQ==
      Content-Length:
      - '1291'
      Connection:
      - keep-alive
    body:
      encoding: UTF-8
      string: |-
        {
          "bank_accounts": [
            {
              "routing_number": "021000021",
              "bank_name": "JPMORGAN CHASE BANK",
              "account_type": "checking",
              "name": "Johann Bernoulli",
              "links": {
                "customer": null,
                "bank_account_verification": null
              },
              "can_credit": true,
              "created_at": "2014-10-29T21:13:40.707571Z",
              "fingerprint": "2ef53fa3f76e47c5930f77fe0a59aa103b5abfd5622f08305b786808ec574a1e",
              "updated_at": "2014-10-29T21:13:40.707573Z",
              "href": "/bank_accounts/BA3yszKyh57CqhL6aKjmDrDv",
              "meta": {},
              "account_number": "xxxxxx0002",
              "address": {
                "city": null,
                "line2": null,
                "line1": null,
                "state": null,
                "postal_code": null,
                "country_code": null
              },
              "can_debit": false,
              "id": "BA3yszKyh57CqhL6aKjmDrDv"
            }
          ],
          "links": {
            "bank_accounts.credits": "/bank_accounts/{bank_accounts.id}/credits",
            "bank_accounts.bank_account_verifications": "/bank_accounts/{bank_accounts.id}/verifications",
            "bank_accounts.customer": "/customers/{bank_accounts.customer}",
            "bank_accounts.debits": "/bank_accounts/{bank_accounts.id}/debits",
            "bank_accounts.bank_account_verification": "/verifications/{bank_accounts.bank_account_verification}"
          }
        }
    http_version: 
  recorded_at: Wed, 29 Oct 2014 21:13:41 GMT
- request:
    method: get
    uri: https://<BALANCED_API_KEY>:@api.balancedpayments.com/bank_accounts/BA3yszKyh57CqhL6aKjmDrDv
    body:
      encoding: US-ASCII
      string: ''
    headers:
      User-Agent:
      - balanced-ruby/1.1.1
      Content-Type:
      - application/json;revision=1.1
      Accept:
      - application/vnd.api+json;revision=1.1
      Accept-Encoding:
      - gzip;q=1.0,deflate;q=0.6,identity;q=0.3
  response:
    status:
      code: 200
      message: OK
    headers:
      Content-Type:
      - application/json
      Date:
      - Wed, 29 Oct 2014 21:13:41 GMT
      Server:
      - ngx_openresty/1.2.6.3
      X-Balanced-Guru:
      - OHM7529f9265fb011e495990230f00c9248
      X-Balanced-Host:
      - bapi-integration-prod-8u30f7-10-3-5-17
      X-Balanced-Marketplace:
      - TEST-MP25WywsPx8EeGEUdXq7NHPH
      X-Balanced-Merchant:
      - TEST-MR25szSXTcDDLogl9uXOlFKV
      X-Balanced-Revision:
      - '1.1'
      X-Balanced-Software-Build:
      - 1.8.38
      Content-Length:
      - '499'
      Connection:
      - keep-alive
    body:
      encoding: UTF-8
      string: |-
        {
          "bank_accounts": [
            {
              "routing_number": "021000021",
              "bank_name": "JPMORGAN CHASE BANK",
              "account_type": "checking",
              "name": "Johann Bernoulli",
              "links": {
                "customer": null,
                "bank_account_verification": null
              },
              "can_credit": true,
              "created_at": "2014-10-29T21:13:40.707571Z",
              "fingerprint": "2ef53fa3f76e47c5930f77fe0a59aa103b5abfd5622f08305b786808ec574a1e",
              "updated_at": "2014-10-29T21:13:40.707573Z",
              "href": "/bank_accounts/BA3yszKyh57CqhL6aKjmDrDv",
              "meta": {},
              "account_number": "xxxxxx0002",
              "address": {
                "city": null,
                "line2": null,
                "line1": null,
                "state": null,
                "postal_code": null,
                "country_code": null
              },
              "can_debit": false,
              "id": "BA3yszKyh57CqhL6aKjmDrDv"
            }
          ],
          "links": {
            "bank_accounts.credits": "/bank_accounts/{bank_accounts.id}/credits",
            "bank_accounts.bank_account_verifications": "/bank_accounts/{bank_accounts.id}/verifications",
            "bank_accounts.customer": "/customers/{bank_accounts.customer}",
            "bank_accounts.debits": "/bank_accounts/{bank_accounts.id}/debits",
            "bank_accounts.bank_account_verification": "/verifications/{bank_accounts.bank_account_verification}"
          }
        }
    http_version: 
  recorded_at: Wed, 29 Oct 2014 21:13:41 GMT
- request:
    method: post
    uri: https://<BALANCED_API_KEY>:@api.balancedpayments.com/bank_accounts/BA3yszKyh57CqhL6aKjmDrDv/verifications
    body:
      encoding: UTF-8
      string: "{}"
    headers:
      User-Agent:
      - balanced-ruby/1.1.1
      Content-Type:
      - application/json;revision=1.1
      Accept:
      - application/vnd.api+json;revision=1.1
      Accept-Encoding:
      - gzip;q=1.0,deflate;q=0.6,identity;q=0.3
  response:
    status:
      code: 201
      message: CREATED
    headers:
      Content-Type:
      - application/json
      Date:
      - Wed, 29 Oct 2014 21:13:52 GMT
      Server:
      - ngx_openresty/1.2.6.3
      X-Balanced-Guru:
      - OHM755c958e5fb011e4910006429171ffad
      X-Balanced-Host:
      - bapi-integration-prod-8u30f7-10-3-5-17
      X-Balanced-Marketplace:
      - TEST-MP25WywsPx8EeGEUdXq7NHPH
      X-Balanced-Merchant:
      - TEST-MR25szSXTcDDLogl9uXOlFKV
      X-Balanced-Revision:
      - '1.1'
      X-Balanced-Software-Build:
      - 1.8.38
      Content-Length:
      - '599'
      Connection:
      - keep-alive
    body:
      encoding: UTF-8
      string: |-
        {
          "bank_account_verifications": [
            {
              "verification_status": "pending",
              "links": {
                "bank_account": "BA3yszKyh57CqhL6aKjmDrDv"
              },
              "href": "/verifications/BZ3L2IJLYsA6iCiRVrDz48sE",
              "created_at": "2014-10-29T21:13:51.881690Z",
              "attempts_remaining": 3,
              "updated_at": "2014-10-29T21:13:52.240272Z",
              "deposit_status": "succeeded",
              "attempts": 0,
              "meta": {},
              "id": "BZ3L2IJLYsA6iCiRVrDz48sE"
            }
          ],
          "links": {
            "bank_account_verifications.bank_account": "/bank_accounts/{bank_account_verifications.bank_account}"
          }
        }
    http_version: 
  recorded_at: Wed, 29 Oct 2014 21:13:53 GMT
- request:
    method: get
    uri: https://<BALANCED_API_KEY>:@api.balancedpayments.com/bank_accounts/BA3yszKyh57CqhL6aKjmDrDv
    body:
      encoding: US-ASCII
      string: ''
    headers:
      User-Agent:
      - balanced-ruby/1.1.1
      Content-Type:
      - application/json;revision=1.1
      Accept:
      - application/vnd.api+json;revision=1.1
      Accept-Encoding:
      - gzip;q=1.0,deflate;q=0.6,identity;q=0.3
  response:
    status:
      code: 200
      message: OK
    headers:
      Content-Type:
      - application/json
      Date:
      - Wed, 29 Oct 2014 21:13:53 GMT
      Server:
      - ngx_openresty/1.2.6.3
      X-Balanced-Guru:
      - OHM7c51c8785fb011e49ead06429171ffad
      X-Balanced-Host:
      - bapi-integration-prod-8u30f7-10-3-5-17
      X-Balanced-Marketplace:
      - TEST-MP25WywsPx8EeGEUdXq7NHPH
      X-Balanced-Merchant:
      - TEST-MR25szSXTcDDLogl9uXOlFKV
      X-Balanced-Revision:
      - '1.1'
      X-Balanced-Software-Build:
      - 1.8.38
      Content-Length:
      - '524'
      Connection:
      - keep-alive
    body:
      encoding: UTF-8
      string: |-
        {
          "bank_accounts": [
            {
              "routing_number": "021000021",
              "bank_name": "JPMORGAN CHASE BANK",
              "account_type": "checking",
              "name": "Johann Bernoulli",
              "links": {
                "customer": null,
                "bank_account_verification": "BZ3L2IJLYsA6iCiRVrDz48sE"
              },
              "can_credit": true,
              "created_at": "2014-10-29T21:13:40.707571Z",
              "fingerprint": "2ef53fa3f76e47c5930f77fe0a59aa103b5abfd5622f08305b786808ec574a1e",
              "updated_at": "2014-10-29T21:13:40.707573Z",
              "href": "/bank_accounts/BA3yszKyh57CqhL6aKjmDrDv",
              "meta": {},
              "account_number": "xxxxxx0002",
              "address": {
                "city": null,
                "line2": null,
                "line1": null,
                "state": null,
                "postal_code": null,
                "country_code": null
              },
              "can_debit": false,
              "id": "BA3yszKyh57CqhL6aKjmDrDv"
            }
          ],
          "links": {
            "bank_accounts.credits": "/bank_accounts/{bank_accounts.id}/credits",
            "bank_accounts.bank_account_verifications": "/bank_accounts/{bank_accounts.id}/verifications",
            "bank_accounts.customer": "/customers/{bank_accounts.customer}",
            "bank_accounts.debits": "/bank_accounts/{bank_accounts.id}/debits",
            "bank_accounts.bank_account_verification": "/verifications/{bank_accounts.bank_account_verification}"
          }
        }
    http_version: 
  recorded_at: Wed, 29 Oct 2014 21:13:53 GMT
- request:
    method: get
    uri: https://<BALANCED_API_KEY>:@api.balancedpayments.com/verifications/BZ3L2IJLYsA6iCiRVrDz48sE
    body:
      encoding: US-ASCII
      string: ''
    headers:
      User-Agent:
      - balanced-ruby/1.1.1
      Content-Type:
      - application/json;revision=1.1
      Accept:
      - application/vnd.api+json;revision=1.1
      Accept-Encoding:
      - gzip;q=1.0,deflate;q=0.6,identity;q=0.3
  response:
    status:
      code: 200
      message: OK
    headers:
      Content-Type:
      - application/json
      Date:
      - Wed, 29 Oct 2014 21:13:53 GMT
      Server:
      - ngx_openresty/1.2.6.3
      X-Balanced-Guru:
      - OHM7c84149a5fb011e49ead06429171ffad
      X-Balanced-Host:
      - bapi-integration-prod-8u30f7-10-3-4-8
      X-Balanced-Marketplace:
      - TEST-MP25WywsPx8EeGEUdXq7NHPH
      X-Balanced-Merchant:
      - TEST-MR25szSXTcDDLogl9uXOlFKV
      X-Balanced-Revision:
      - '1.1'
      X-Balanced-Software-Build:
      - 1.8.38
      Content-Length:
      - '599'
      Connection:
      - keep-alive
    body:
      encoding: UTF-8
      string: |-
        {
          "bank_account_verifications": [
            {
              "verification_status": "pending",
              "links": {
                "bank_account": "BA3yszKyh57CqhL6aKjmDrDv"
              },
              "href": "/verifications/BZ3L2IJLYsA6iCiRVrDz48sE",
              "created_at": "2014-10-29T21:13:51.881690Z",
              "attempts_remaining": 3,
              "updated_at": "2014-10-29T21:13:52.240272Z",
              "deposit_status": "succeeded",
              "attempts": 0,
              "meta": {},
              "id": "BZ3L2IJLYsA6iCiRVrDz48sE"
            }
          ],
          "links": {
            "bank_account_verifications.bank_account": "/bank_accounts/{bank_account_verifications.bank_account}"
          }
        }
    http_version: 
  recorded_at: Wed, 29 Oct 2014 21:13:53 GMT
- request:
    method: put
    uri: https://<BALANCED_API_KEY>:@api.balancedpayments.com/verifications/BZ3L2IJLYsA6iCiRVrDz48sE
    body:
      encoding: UTF-8
      string: '{"verification_status":"pending","links":{"bank_account":"BA3yszKyh57CqhL6aKjmDrDv"},"created_at":"2014-10-29T21:13:51.881690Z","attempts_remaining":3,"updated_at":"2014-10-29T21:13:52.240272Z","deposit_status":"succeeded","attempts":0,"meta":{},"id":"BZ3L2IJLYsA6iCiRVrDz48sE","amount_1":"1","amount_2":"1"}'
    headers:
      User-Agent:
      - balanced-ruby/1.1.1
      Content-Type:
      - application/json;revision=1.1
      Accept:
      - application/vnd.api+json;revision=1.1
      Accept-Encoding:
      - gzip;q=1.0,deflate;q=0.6,identity;q=0.3
  response:
    status:
      code: 200
      message: OK
    headers:
      Content-Type:
      - application/json
      Date:
      - Wed, 29 Oct 2014 21:13:54 GMT
      Server:
      - ngx_openresty/1.2.6.3
      X-Balanced-Guru:
      - OHM7cba3dfe5fb011e49ead06429171ffad
      X-Balanced-Host:
      - bapi-integration-prod-8u30f7-10-3-4-8
      X-Balanced-Marketplace:
      - TEST-MP25WywsPx8EeGEUdXq7NHPH
      X-Balanced-Merchant:
      - TEST-MR25szSXTcDDLogl9uXOlFKV
      X-Balanced-Revision:
      - '1.1'
      X-Balanced-Software-Build:
      - 1.8.38
      Content-Length:
      - '601'
      Connection:
      - keep-alive
    body:
      encoding: UTF-8
      string: |-
        {
          "bank_account_verifications": [
            {
              "verification_status": "succeeded",
              "links": {
                "bank_account": "BA3yszKyh57CqhL6aKjmDrDv"
              },
              "href": "/verifications/BZ3L2IJLYsA6iCiRVrDz48sE",
              "created_at": "2014-10-29T21:13:51.881690Z",
              "attempts_remaining": 2,
              "updated_at": "2014-10-29T21:13:54.007433Z",
              "deposit_status": "succeeded",
              "attempts": 1,
              "meta": {},
              "id": "BZ3L2IJLYsA6iCiRVrDz48sE"
            }
          ],
          "links": {
            "bank_account_verifications.bank_account": "/bank_accounts/{bank_account_verifications.bank_account}"
          }
        }
    http_version: 
  recorded_at: Wed, 29 Oct 2014 21:13:54 GMT
- request:
    method: post
    uri: https://<BALANCED_API_KEY>:@api.balancedpayments.com/cards
    body:
      encoding: UTF-8
      string: '{"number":"4111111111111111","expiration_month":"12","expiration_year":"2020","cvv":"123"}'
    headers:
      User-Agent:
      - balanced-ruby/1.1.1
      Content-Type:
      - application/json;revision=1.1
      Accept:
      - application/vnd.api+json;revision=1.1
      Accept-Encoding:
      - gzip;q=1.0,deflate;q=0.6,identity;q=0.3
  response:
    status:
      code: 201
      message: CREATED
    headers:
      Access-Control-Allow-Headers:
      - Content-Type
      Access-Control-Allow-Methods:
      - POST, OPTIONS
      Access-Control-Allow-Origin:
      - "*"
      Content-Type:
      - application/json
      Date:
      - Wed, 29 Oct 2014 21:18:08 GMT
      Server:
      - ngx_openresty/1.2.6.3
      X-Balanced-Guru:
      - OHM1436938a5fb111e487c002a1fe52a36c
      X-Balanced-Host:
      - bapi-integration-prod-8u30f7-10-3-4-8
      X-Balanced-Marketplace:
      - TEST-MP25WywsPx8EeGEUdXq7NHPH
      X-Balanced-Merchant:
      - TEST-MR25szSXTcDDLogl9uXOlFKV
      X-Balanced-Revision:
      - '1.1'
      X-Balanced-Software-Build:
      - 1.8.38
      X-Midlr-Version:
      - '2'
      X-Newrelic-App-Data:
      - PxQFWFNXCQYTUllWAgAAU0YdFhE1AwE2QgNWEVlbQFtcCxYxSBVbDQoZVA4IF0pcXAgEEBhSVhQAQhhQEAMCFlVAFEIIFBQCHVANVgFSB1JWAwZYVFEOAwdIQVAOCBtGRgEDBAQCBVFUWg5bWwwNAlZHFUFXAF8RAWs=
      Content-Length:
      - '1264'
      Connection:
      - keep-alive
    body:
      encoding: UTF-8
      string: |-
        {
          "cards": [
            {
              "links": {
                "customer": null
              },
              "fingerprint": "b3ecb5551877e4c9ee9937f74cffbcfacc388e575cb4c061c30f8a32d340001b",
              "cvv_result": "Match",
              "number": "xxxxxxxxxxxx1111",
              "avs_postal_match": null,
              "expiration_month": 12,
              "meta": {},
              "id": "CCCGOn7Vt714pIDFQxQ9lLT",
              "category": "other",
              "type": "credit",
              "cvv_match": "yes",
              "bank_name": "JPMORGAN CHASE BANK, N.A.",
              "avs_street_match": null,
              "brand": "Visa",
              "updated_at": "2014-10-29T21:18:08.591248Z",
              "address": {
                "city": null,
                "line2": null,
                "line1": null,
                "state": null,
                "postal_code": null,
                "country_code": null
              },
              "can_debit": true,
              "name": null,
              "expiration_year": 2020,
              "cvv": "xxx",
              "is_verified": true,
              "avs_result": null,
              "can_credit": false,
              "href": "/cards/CCCGOn7Vt714pIDFQxQ9lLT",
              "created_at": "2014-10-29T21:18:08.591244Z"
            }
          ],
          "links": {
            "cards.card_holds": "/cards/{cards.id}/card_holds",
            "cards.customer": "/customers/{cards.customer}",
            "cards.disputes": "/cards/{cards.id}/disputes",
            "cards.debits": "/cards/{cards.id}/debits"
          }
        }
    http_version: 
  recorded_at: Wed, 29 Oct 2014 21:18:09 GMT
- request:
    method: post
    uri: https://<BALANCED_API_KEY>:@api.balancedpayments.com/cards
    body:
      encoding: UTF-8
      string: '{"number":"4111111111111111","expiration_month":"12","expiration_year":"2020","cvv":"123"}'
    headers:
      User-Agent:
      - balanced-ruby/1.1.1
      Content-Type:
      - application/json;revision=1.1
      Accept:
      - application/vnd.api+json;revision=1.1
      Accept-Encoding:
      - gzip;q=1.0,deflate;q=0.6,identity;q=0.3
  response:
    status:
      code: 201
      message: CREATED
    headers:
      Access-Control-Allow-Headers:
      - Content-Type
      Access-Control-Allow-Methods:
      - POST, OPTIONS
      Access-Control-Allow-Origin:
      - "*"
      Content-Type:
      - application/json
      Date:
      - Wed, 29 Oct 2014 22:01:18 GMT
      Server:
      - ngx_openresty/1.2.6.3
      X-Balanced-Guru:
      - OHM1bf3f1845fb711e4877402a1fe53e539
      X-Balanced-Host:
      - bapi-integration-prod-8u30f7-10-3-4-8
      X-Balanced-Marketplace:
      - TEST-MP25WywsPx8EeGEUdXq7NHPH
      X-Balanced-Merchant:
      - TEST-MR25szSXTcDDLogl9uXOlFKV
      X-Balanced-Revision:
      - '1.1'
      X-Balanced-Software-Build:
      - 1.8.39
      X-Midlr-Version:
      - '2'
      X-Newrelic-App-Data:
      - PxQFWFNXCQYTUllWAgAAU0YdFhE1AwE2QgNWEVlbQFtcCxYxSBVbDQoZVA4IF0pcXAgEEBhSVhQAQhhQEAMCFlVAFEIIFBQCHVEPWQZSBFNWAwRYUFQKCwVIQVAOCBtGRlMBUFQFWlZVBApXWQlVBldHFUFXAF8RAWs=
      Content-Length:
      - '1264'
      Connection:
      - keep-alive
    body:
      encoding: UTF-8
      string: |-
        {
          "cards": [
            {
              "links": {
                "customer": null
              },
              "fingerprint": "b3ecb5551877e4c9ee9937f74cffbcfacc388e575cb4c061c30f8a32d340001b",
              "cvv_result": "Match",
              "number": "xxxxxxxxxxxx1111",
              "avs_postal_match": null,
              "expiration_month": 12,
              "meta": {},
              "id": "CCReeheVsgdljJSWoseVlm5",
              "category": "other",
              "type": "credit",
              "cvv_match": "yes",
              "bank_name": "JPMORGAN CHASE BANK, N.A.",
              "avs_street_match": null,
              "brand": "Visa",
              "updated_at": "2014-10-29T22:01:18.495637Z",
              "address": {
                "city": null,
                "line2": null,
                "line1": null,
                "state": null,
                "postal_code": null,
                "country_code": null
              },
              "can_debit": true,
              "name": null,
              "expiration_year": 2020,
              "cvv": "xxx",
              "is_verified": true,
              "avs_result": null,
              "can_credit": false,
              "href": "/cards/CCReeheVsgdljJSWoseVlm5",
              "created_at": "2014-10-29T22:01:18.495634Z"
            }
          ],
          "links": {
            "cards.card_holds": "/cards/{cards.id}/card_holds",
            "cards.customer": "/customers/{cards.customer}",
            "cards.disputes": "/cards/{cards.id}/disputes",
            "cards.debits": "/cards/{cards.id}/debits"
          }
        }
    http_version: 
  recorded_at: Wed, 29 Oct 2014 22:01:18 GMT
recorded_with: VCR 2.9.3
