---
http_interactions:
- request:
    method: post
    uri: https://<BALANCED_API_KEY>:@api.balancedpayments.com/cards
    body:
      encoding: UTF-8
      string: '{"number":"4111111111111111","expiration_month":"12","expiration_year":"2020","cvv":"123"}'
    headers:
      User-Agent:
      - balanced-ruby/1.1.1
      Content-Type:
      - application/json;revision=1.1
      Accept:
      - application/vnd.api+json;revision=1.1
      Accept-Encoding:
      - gzip;q=1.0,deflate;q=0.6,identity;q=0.3
  response:
    status:
      code: 201
      message: CREATED
    headers:
      Access-Control-Allow-Headers:
      - Content-Type
      Access-Control-Allow-Methods:
      - POST, OPTIONS
      Access-Control-Allow-Origin:
      - "*"
      Content-Type:
      - application/json
      Date:
      - Tue, 28 Oct 2014 21:03:46 GMT
      Server:
      - ngx_openresty/1.2.6.3
      X-Balanced-Guru:
      - OHMe7bcfaf45ee511e4a34102a1fe53e539
      X-Balanced-Host:
      - bapi-integration-prod-8u30f7-10-3-4-8
      X-Balanced-Marketplace:
      - TEST-MP25WywsPx8EeGEUdXq7NHPH
      X-Balanced-Merchant:
      - TEST-MR25szSXTcDDLogl9uXOlFKV
      X-Balanced-Revision:
      - '1.1'
      X-Balanced-Software-Build:
      - 1.8.38
      X-Midlr-Version:
      - '2'
      X-Newrelic-App-Data:
      - PxQFWFNXCQYTUllWAgAAU0YdFhE1AwE2QgNWEVlbQFtcCxYxSBVbDQoZVA4IF0pcXAgEEBhSVhQAQhhQEAMCFlVAFEIIFBQCHVANVANYA1tQAA5XVlcMCgJIQVAOCBtGRgICAVQDB1pTBgEBDQhQBgVHFUFXAF8RAWs=
      Content-Length:
      - '1266'
      Connection:
      - keep-alive
    body:
      encoding: UTF-8
      string: |-
        {
          "cards": [
            {
              "links": {
                "customer": null
              },
              "fingerprint": "b3ecb5551877e4c9ee9937f74cffbcfacc388e575cb4c061c30f8a32d340001b",
              "cvv_result": "Match",
              "number": "xxxxxxxxxxxx1111",
              "avs_postal_match": null,
              "expiration_month": 12,
              "meta": {},
              "id": "CC73PpSTi3ePEHqLql2XsOMd",
              "category": "other",
              "type": "credit",
              "cvv_match": "yes",
              "bank_name": "JPMORGAN CHASE BANK, N.A.",
              "avs_street_match": null,
              "brand": "Visa",
              "updated_at": "2014-10-28T21:03:46.128006Z",
              "address": {
                "city": null,
                "line2": null,
                "line1": null,
                "state": null,
                "postal_code": null,
                "country_code": null
              },
              "can_debit": true,
              "name": null,
              "expiration_year": 2020,
              "cvv": "xxx",
              "is_verified": true,
              "avs_result": null,
              "can_credit": false,
              "href": "/cards/CC73PpSTi3ePEHqLql2XsOMd",
              "created_at": "2014-10-28T21:03:46.128003Z"
            }
          ],
          "links": {
            "cards.card_holds": "/cards/{cards.id}/card_holds",
            "cards.customer": "/customers/{cards.customer}",
            "cards.disputes": "/cards/{cards.id}/disputes",
            "cards.debits": "/cards/{cards.id}/debits"
          }
        }
    http_version: 
  recorded_at: Tue, 28 Oct 2014 21:03:47 GMT
- request:
    method: get
    uri: https://<BALANCED_API_KEY>:@api.balancedpayments.com/cards/CC73PpSTi3ePEHqLql2XsOMd
    body:
      encoding: US-ASCII
      string: ''
    headers:
      User-Agent:
      - balanced-ruby/1.1.1
      Content-Type:
      - application/json;revision=1.1
      Accept:
      - application/vnd.api+json;revision=1.1
      Accept-Encoding:
      - gzip;q=1.0,deflate;q=0.6,identity;q=0.3
  response:
    status:
      code: 200
      message: OK
    headers:
      Content-Type:
      - application/json
      Date:
      - Tue, 28 Oct 2014 21:03:46 GMT
      Server:
      - ngx_openresty/1.2.6.3
      X-Balanced-Guru:
      - OHMe84e851e5ee511e495990230f00c9248
      X-Balanced-Host:
      - bapi-integration-prod-8u30f7-10-3-4-8
      X-Balanced-Marketplace:
      - TEST-MP25WywsPx8EeGEUdXq7NHPH
      X-Balanced-Merchant:
      - TEST-MR25szSXTcDDLogl9uXOlFKV
      X-Balanced-Revision:
      - '1.1'
      X-Balanced-Software-Build:
      - 1.8.38
      Content-Length:
      - '565'
      Connection:
      - keep-alive
    body:
      encoding: UTF-8
      string: |-
        {
          "cards": [
            {
              "links": {
                "customer": null
              },
              "fingerprint": "b3ecb5551877e4c9ee9937f74cffbcfacc388e575cb4c061c30f8a32d340001b",
              "cvv_result": "Match",
              "number": "xxxxxxxxxxxx1111",
              "avs_postal_match": null,
              "expiration_month": 12,
              "meta": {},
              "id": "CC73PpSTi3ePEHqLql2XsOMd",
              "category": "other",
              "type": "credit",
              "cvv_match": "yes",
              "bank_name": "JPMORGAN CHASE BANK, N.A.",
              "avs_street_match": null,
              "brand": "Visa",
              "updated_at": "2014-10-28T21:03:46.128006Z",
              "address": {
                "city": null,
                "line2": null,
                "line1": null,
                "state": null,
                "postal_code": null,
                "country_code": null
              },
              "can_debit": true,
              "name": null,
              "expiration_year": 2020,
              "cvv": "xxx",
              "is_verified": true,
              "avs_result": null,
              "can_credit": false,
              "href": "/cards/CC73PpSTi3ePEHqLql2XsOMd",
              "created_at": "2014-10-28T21:03:46.128003Z"
            }
          ],
          "links": {
            "cards.card_holds": "/cards/{cards.id}/card_holds",
            "cards.customer": "/customers/{cards.customer}",
            "cards.disputes": "/cards/{cards.id}/disputes",
            "cards.debits": "/cards/{cards.id}/debits"
          }
        }
    http_version: 
  recorded_at: Tue, 28 Oct 2014 21:03:47 GMT
- request:
    method: post
    uri: https://<BALANCED_API_KEY>:@api.balancedpayments.com/cards/CC73PpSTi3ePEHqLql2XsOMd/debits
    body:
      encoding: UTF-8
      string: '{"amount":514963,"appears_on_statement_as":"Epicodus tuition"}'
    headers:
      User-Agent:
      - balanced-ruby/1.1.1
      Content-Type:
      - application/json;revision=1.1
      Accept:
      - application/vnd.api+json;revision=1.1
      Accept-Encoding:
      - gzip;q=1.0,deflate;q=0.6,identity;q=0.3
  response:
    status:
      code: 201
      message: CREATED
    headers:
      Content-Type:
      - application/json
      Date:
      - Tue, 28 Oct 2014 21:03:47 GMT
      Server:
      - ngx_openresty/1.2.6.3
      X-Balanced-Guru:
      - OHMe87dba0a5ee511e49ead06429171ffad
      X-Balanced-Host:
      - bapi-integration-prod-8u30f7-10-3-4-8
      X-Balanced-Marketplace:
      - TEST-MP25WywsPx8EeGEUdXq7NHPH
      X-Balanced-Merchant:
      - TEST-MR25szSXTcDDLogl9uXOlFKV
      X-Balanced-Revision:
      - '1.1'
      X-Balanced-Software-Build:
      - 1.8.38
      Content-Length:
      - '1086'
      Connection:
      - keep-alive
    body:
      encoding: UTF-8
      string: |-
        {
          "debits": [
            {
              "status": "succeeded",
              "description": null,
              "links": {
                "customer": null,
                "source": "CC73PpSTi3ePEHqLql2XsOMd",
                "card_hold": "HL74LFJ95oiOx1QuMtwXDYYl",
                "order": null,
                "dispute": null
              },
              "updated_at": "2014-10-28T21:03:47.684959Z",
              "created_at": "2014-10-28T21:03:46.991818Z",
              "transaction_number": "WTA5-VSK-BXMM",
              "failure_reason": null,
              "currency": "USD",
              "amount": 514963,
              "failure_reason_code": null,
              "meta": {},
              "href": "/debits/WD74N6vSTpkohPzyqGHMgOIR",
              "appears_on_statement_as": "BAL*Epicodus tuition",
              "id": "WD74N6vSTpkohPzyqGHMgOIR"
            }
          ],
          "links": {
            "debits.customer": "/customers/{debits.customer}",
            "debits.order": "/orders/{debits.order}",
            "debits.dispute": "/disputes/{debits.dispute}",
            "debits.source": "/resources/{debits.source}",
            "debits.events": "/debits/{debits.id}/events",
            "debits.refunds": "/debits/{debits.id}/refunds",
            "debits.card_hold": "/holds/{debits.card_hold}"
          }
        }
    http_version: 
  recorded_at: Tue, 28 Oct 2014 21:03:48 GMT
- request:
    method: post
    uri: https://api:key-6i28pis-hiythfyhqx-njd6gv4a2xuy3@api.mailgun.net/v2/epicodus.com/messages
    body:
      encoding: US-ASCII
      string: from=michael%40epicodus.com&to=user14%40example.com&bcc=michael%40epicodus.com&subject=Epicodus%20tuition%20payment%20receipt&text=Hi%20Example%20Brown%2014.%20This%20is%20to%20confirm%20your%20payment%20of%20%245%2C149.63%20for%20Epicodus%20tuition.%20If%20you%20have%20any%20questions%2C%20reply%20to%20this%20email.%20Thanks!
    headers:
      Accept:
      - "*/*; q=0.5, application/xml"
      Accept-Encoding:
      - gzip, deflate
      Content-Length:
      - '328'
      Content-Type:
      - application/x-www-form-urlencoded
      User-Agent:
      - Ruby
  response:
    status:
      code: 200
      message: OK
    headers:
      Server:
      - nginx/1.4.7
      Date:
      - Tue, 28 Oct 2014 21:03:48 GMT
      Content-Type:
      - application/json
      Content-Length:
      - '91'
      Connection:
      - keep-alive
      Content-Disposition:
      - inline
      Access-Control-Allow-Origin:
      - "*"
      Access-Control-Max-Age:
      - '600'
      Access-Control-Allow-Methods:
      - GET, POST, PUT, DELETE, OPTIONS
      Access-Control-Allow-Headers:
      - Content-Type, x-requested-with
    body:
      encoding: UTF-8
      string: |-
        {
          "message": "Queued. Thank you.",
          "id": "<20141028210348.104872.27768@epicodus.com>"
        }
    http_version: 
  recorded_at: Tue, 28 Oct 2014 21:03:49 GMT
recorded_with: VCR 2.9.3
