---
http_interactions:
- request:
    method: post
    uri: https://ak-test-2q80HU8DISm2atgm0iRKRVIePzDb34qYp@api.balancedpayments.com/bank_accounts
    body:
      encoding: UTF-8
      string: "{\"account_number\":\"9900000002\",\"account_type\":\"checking\",\"name\":\"Johann
        Bernoulli\",\"routing_number\":\"021000021\"}"
    headers:
      user-agent:
      - balanced-ruby/1.1.0
      content-type:
      - application/json;revision=1.1
      accept:
      - application/vnd.api+json;revision=1.1
      authorization:
      - Basic YWstdGVzdC0ycTgwSFU4RElTbTJhdGdtMGlSS1JWSWVQekRiMzRxWXA6
      accept-encoding:
      - gzip;q=1.0,deflate;q=0.6,identity;q=0.3
  response:
    status:
      code: 201
      message: CREATED
    headers:
      access-control-allow-headers:
      - Content-Type
      access-control-allow-methods:
      - POST, OPTIONS
      access-control-allow-origin:
      - "*"
      content-type:
      - application/json
      date:
      - Fri, 27 Jun 2014 19:32:08 GMT
      server:
      - ngx_openresty/1.2.6.3
      x-balanced-guru:
      - OHMba155624fe3111e38da902a1fe53e539
      x-balanced-host:
      - bapi-integration-prod-8u30f7-10-3-5-201
      x-balanced-marketplace:
      - TEST-MP1mjbKr3ZseFeWrJb4R03lj
      x-balanced-merchant:
      - TEST-MR1lb6D220PWeBKNmZs46597
      x-balanced-revision:
      - '1.1'
      x-balanced-software-build:
      - 1.2.64
      x-midlr-version:
      - '2'
      x-newrelic-app-data:
      - PxQFWFNXCQYTVVhWAwQDVUYdFhE1AwE2QgNWEVlbQFtcCxYxSBVbDQoZVA4IF0pcXAgEEBhTVggPbldQAQkWDEQRFgFKXVVGVkcVQQFNE1JKBQ5UUFUMCgNUUlYEBwVRXQIaE1BUVU4QQAoGXAhWAVdcD1QIVgEEXQYVTUYFWV9DATw=
      content-length:
      - '1291'
      connection:
      - Close
    body:
      encoding: UTF-8
      string: |-
        {
          "bank_accounts": [
            {
              "routing_number": "021000021",
              "bank_name": "JPMORGAN CHASE BANK",
              "account_type": "checking",
              "name": "Johann Bernoulli",
              "links": {
                "customer": null,
                "bank_account_verification": null
              },
              "can_credit": true,
              "created_at": "2014-06-27T19:32:08.370622Z",
              "fingerprint": "2ef53fa3f76e47c5930f77fe0a59aa103b5abfd5622f08305b786808ec574a1e",
              "updated_at": "2014-06-27T19:32:08.370625Z",
              "href": "/bank_accounts/BA5FxvcN1AxnQ8uL6FTVKQAh",
              "meta": {},
              "account_number": "xxxxxx0002",
              "address": {
                "city": null,
                "line2": null,
                "line1": null,
                "state": null,
                "postal_code": null,
                "country_code": null
              },
              "can_debit": false,
              "id": "BA5FxvcN1AxnQ8uL6FTVKQAh"
            }
          ],
          "links": {
            "bank_accounts.credits": "/bank_accounts/{bank_accounts.id}/credits",
            "bank_accounts.bank_account_verifications": "/bank_accounts/{bank_accounts.id}/verifications",
            "bank_accounts.customer": "/customers/{bank_accounts.customer}",
            "bank_accounts.debits": "/bank_accounts/{bank_accounts.id}/debits",
            "bank_accounts.bank_account_verification": "/verifications/{bank_accounts.bank_account_verification}"
          }
        }
    http_version: '1.1'
  recorded_at: Fri, 27 Jun 2014 19:31:56 GMT
- request:
    method: get
    uri: https://ak-test-2q80HU8DISm2atgm0iRKRVIePzDb34qYp@api.balancedpayments.com/bank_accounts/BA5FxvcN1AxnQ8uL6FTVKQAh
    body:
      encoding: US-ASCII
      string: ''
    headers:
      user-agent:
      - balanced-ruby/1.1.0
      content-type:
      - application/json;revision=1.1
      accept:
      - application/vnd.api+json;revision=1.1
      authorization:
      - Basic YWstdGVzdC0ycTgwSFU4RElTbTJhdGdtMGlSS1JWSWVQekRiMzRxWXA6
      accept-encoding:
      - gzip;q=1.0,deflate;q=0.6,identity;q=0.3
  response:
    status:
      code: 200
      message: OK
    headers:
      content-encoding:
      - gzip
      content-type:
      - application/json
      date:
      - Fri, 27 Jun 2014 19:32:08 GMT
      server:
      - ngx_openresty/1.2.6.3
      x-balanced-guru:
      - OHMba975e9efe3111e3aecc02b12035401b
      x-balanced-host:
      - bapi-integration-prod-8u30f7-10-3-4-8
      x-balanced-marketplace:
      - TEST-MP1mjbKr3ZseFeWrJb4R03lj
      x-balanced-merchant:
      - TEST-MR1lb6D220PWeBKNmZs46597
      x-balanced-revision:
      - '1.1'
      x-balanced-software-build:
      - 1.2.64
      content-length:
      - '500'
      connection:
      - Close
    body:
      encoding: UTF-8
      string: |-
        {
          "bank_accounts": [
            {
              "routing_number": "021000021",
              "bank_name": "JPMORGAN CHASE BANK",
              "account_type": "checking",
              "name": "Johann Bernoulli",
              "links": {
                "customer": null,
                "bank_account_verification": null
              },
              "can_credit": true,
              "created_at": "2014-06-27T19:32:08.370622Z",
              "fingerprint": "2ef53fa3f76e47c5930f77fe0a59aa103b5abfd5622f08305b786808ec574a1e",
              "updated_at": "2014-06-27T19:32:08.370625Z",
              "href": "/bank_accounts/BA5FxvcN1AxnQ8uL6FTVKQAh",
              "meta": {},
              "account_number": "xxxxxx0002",
              "address": {
                "city": null,
                "line2": null,
                "line1": null,
                "state": null,
                "postal_code": null,
                "country_code": null
              },
              "can_debit": false,
              "id": "BA5FxvcN1AxnQ8uL6FTVKQAh"
            }
          ],
          "links": {
            "bank_accounts.credits": "/bank_accounts/{bank_accounts.id}/credits",
            "bank_accounts.bank_account_verifications": "/bank_accounts/{bank_accounts.id}/verifications",
            "bank_accounts.customer": "/customers/{bank_accounts.customer}",
            "bank_accounts.debits": "/bank_accounts/{bank_accounts.id}/debits",
            "bank_accounts.bank_account_verification": "/verifications/{bank_accounts.bank_account_verification}"
          }
        }
    http_version: '1.1'
  recorded_at: Fri, 27 Jun 2014 19:31:56 GMT
- request:
    method: post
    uri: https://ak-test-2q80HU8DISm2atgm0iRKRVIePzDb34qYp@api.balancedpayments.com/bank_accounts/BA5FxvcN1AxnQ8uL6FTVKQAh/verifications
    body:
      encoding: UTF-8
      string: "{}"
    headers:
      user-agent:
      - balanced-ruby/1.1.0
      content-type:
      - application/json;revision=1.1
      accept:
      - application/vnd.api+json;revision=1.1
      authorization:
      - Basic YWstdGVzdC0ycTgwSFU4RElTbTJhdGdtMGlSS1JWSWVQekRiMzRxWXA6
      accept-encoding:
      - gzip;q=1.0,deflate;q=0.6,identity;q=0.3
  response:
    status:
      code: 201
      message: CREATED
    headers:
      content-type:
      - application/json
      date:
      - Fri, 27 Jun 2014 19:32:15 GMT
      server:
      - ngx_openresty/1.2.6.3
      x-balanced-guru:
      - OHMbad43e0efe3111e3ac8902b12035401b
      x-balanced-host:
      - bapi-integration-prod-8u30f7-10-3-5-201
      x-balanced-marketplace:
      - TEST-MP1mjbKr3ZseFeWrJb4R03lj
      x-balanced-merchant:
      - TEST-MR1lb6D220PWeBKNmZs46597
      x-balanced-revision:
      - '1.1'
      x-balanced-software-build:
      - 1.2.64
      content-length:
      - '599'
      connection:
      - Close
    body:
      encoding: UTF-8
      string: |-
        {
          "bank_account_verifications": [
            {
              "verification_status": "pending",
              "links": {
                "bank_account": "BA5FxvcN1AxnQ8uL6FTVKQAh"
              },
              "href": "/verifications/BZ5MKup7YdklsAJLlKeDBd5D",
              "created_at": "2014-06-27T19:32:14.778828Z",
              "attempts_remaining": 3,
              "updated_at": "2014-06-27T19:32:15.078805Z",
              "deposit_status": "succeeded",
              "attempts": 0,
              "meta": {},
              "id": "BZ5MKup7YdklsAJLlKeDBd5D"
            }
          ],
          "links": {
            "bank_account_verifications.bank_account": "/bank_accounts/{bank_account_verifications.bank_account}"
          }
        }
    http_version: '1.1'
  recorded_at: Fri, 27 Jun 2014 19:32:03 GMT
- request:
    method: get
    uri: https://ak-test-2q80HU8DISm2atgm0iRKRVIePzDb34qYp@api.balancedpayments.com/verifications/BZ5MKup7YdklsAJLlKeDBd5D
    body:
      encoding: US-ASCII
      string: ''
    headers:
      user-agent:
      - balanced-ruby/1.1.0
      content-type:
      - application/json;revision=1.1
      accept:
      - application/vnd.api+json;revision=1.1
      authorization:
      - Basic YWstdGVzdC0ycTgwSFU4RElTbTJhdGdtMGlSS1JWSWVQekRiMzRxWXA6
      accept-encoding:
      - gzip;q=1.0,deflate;q=0.6,identity;q=0.3
  response:
    status:
      code: 200
      message: OK
    headers:
      content-type:
      - application/json
      date:
      - Fri, 27 Jun 2014 19:32:16 GMT
      server:
      - ngx_openresty/1.2.6.3
      x-balanced-guru:
      - OHMbedfca9afe3111e3a4e806429171ffad
      x-balanced-host:
      - bapi-integration-prod-8u30f7-10-3-4-8
      x-balanced-marketplace:
      - TEST-MP1mjbKr3ZseFeWrJb4R03lj
      x-balanced-merchant:
      - TEST-MR1lb6D220PWeBKNmZs46597
      x-balanced-revision:
      - '1.1'
      x-balanced-software-build:
      - 1.2.64
      content-length:
      - '599'
      connection:
      - Close
    body:
      encoding: UTF-8
      string: |-
        {
          "bank_account_verifications": [
            {
              "verification_status": "pending",
              "links": {
                "bank_account": "BA5FxvcN1AxnQ8uL6FTVKQAh"
              },
              "href": "/verifications/BZ5MKup7YdklsAJLlKeDBd5D",
              "created_at": "2014-06-27T19:32:14.778828Z",
              "attempts_remaining": 3,
              "updated_at": "2014-06-27T19:32:15.078805Z",
              "deposit_status": "succeeded",
              "attempts": 0,
              "meta": {},
              "id": "BZ5MKup7YdklsAJLlKeDBd5D"
            }
          ],
          "links": {
            "bank_account_verifications.bank_account": "/bank_accounts/{bank_account_verifications.bank_account}"
          }
        }
    http_version: '1.1'
  recorded_at: Fri, 27 Jun 2014 19:32:03 GMT
- request:
    method: put
    uri: https://ak-test-2q80HU8DISm2atgm0iRKRVIePzDb34qYp@api.balancedpayments.com/verifications/BZ5MKup7YdklsAJLlKeDBd5D
    body:
      encoding: UTF-8
      string: "{\"verification_status\":\"pending\",\"links\":{\"bank_account\":\"BA5FxvcN1AxnQ8uL6FTVKQAh\"},\"created_at\":\"2014-06-27T19:32:14.778828Z\",\"attempts_remaining\":3,\"updated_at\":\"2014-06-27T19:32:15.078805Z\",\"deposit_status\":\"succeeded\",\"attempts\":0,\"meta\":{},\"id\":\"BZ5MKup7YdklsAJLlKeDBd5D\",\"amount_1\":\"1\",\"amount_2\":\"1\"}"
    headers:
      user-agent:
      - balanced-ruby/1.1.0
      content-type:
      - application/json;revision=1.1
      accept:
      - application/vnd.api+json;revision=1.1
      authorization:
      - Basic YWstdGVzdC0ycTgwSFU4RElTbTJhdGdtMGlSS1JWSWVQekRiMzRxWXA6
      accept-encoding:
      - gzip;q=1.0,deflate;q=0.6,identity;q=0.3
  response:
    status:
      code: 200
      message: OK
    headers:
      content-type:
      - application/json
      date:
      - Fri, 27 Jun 2014 19:32:16 GMT
      server:
      - ngx_openresty/1.2.6.3
      x-balanced-guru:
      - OHMbf1a7b7cfe3111e3b7da06429171ffad
      x-balanced-host:
      - bapi-integration-prod-8u30f7-10-3-5-201
      x-balanced-marketplace:
      - TEST-MP1mjbKr3ZseFeWrJb4R03lj
      x-balanced-merchant:
      - TEST-MR1lb6D220PWeBKNmZs46597
      x-balanced-revision:
      - '1.1'
      x-balanced-software-build:
      - 1.2.64
      content-length:
      - '601'
      connection:
      - Close
    body:
      encoding: UTF-8
      string: |-
        {
          "bank_account_verifications": [
            {
              "verification_status": "succeeded",
              "links": {
                "bank_account": "BA5FxvcN1AxnQ8uL6FTVKQAh"
              },
              "href": "/verifications/BZ5MKup7YdklsAJLlKeDBd5D",
              "created_at": "2014-06-27T19:32:14.778828Z",
              "attempts_remaining": 2,
              "updated_at": "2014-06-27T19:32:16.481921Z",
              "deposit_status": "succeeded",
              "attempts": 1,
              "meta": {},
              "id": "BZ5MKup7YdklsAJLlKeDBd5D"
            }
          ],
          "links": {
            "bank_account_verifications.bank_account": "/bank_accounts/{bank_account_verifications.bank_account}"
          }
        }
    http_version: '1.1'
  recorded_at: Fri, 27 Jun 2014 19:32:04 GMT
- request:
    method: get
    uri: https://ak-test-2q80HU8DISm2atgm0iRKRVIePzDb34qYp@api.balancedpayments.com/bank_accounts/BA5FxvcN1AxnQ8uL6FTVKQAh
    body:
      encoding: US-ASCII
      string: ''
    headers:
      user-agent:
      - balanced-ruby/1.1.0
      content-type:
      - application/json;revision=1.1
      accept:
      - application/vnd.api+json;revision=1.1
      authorization:
      - Basic YWstdGVzdC0ycTgwSFU4RElTbTJhdGdtMGlSS1JWSWVQekRiMzRxWXA6
      accept-encoding:
      - gzip;q=1.0,deflate;q=0.6,identity;q=0.3
  response:
    status:
      code: 200
      message: OK
    headers:
      content-encoding:
      - gzip
      content-type:
      - application/json
      date:
      - Fri, 27 Jun 2014 19:32:16 GMT
      server:
      - ngx_openresty/1.2.6.3
      x-balanced-guru:
      - OHMbf632700fe3111e3aecc02b12035401b
      x-balanced-host:
      - bapi-integration-prod-8u30f7-10-3-5-201
      x-balanced-marketplace:
      - TEST-MP1mjbKr3ZseFeWrJb4R03lj
      x-balanced-merchant:
      - TEST-MR1lb6D220PWeBKNmZs46597
      x-balanced-revision:
      - '1.1'
      x-balanced-software-build:
      - 1.2.64
      content-length:
      - '521'
      connection:
      - Close
    body:
      encoding: UTF-8
      string: |-
        {
          "bank_accounts": [
            {
              "routing_number": "021000021",
              "bank_name": "JPMORGAN CHASE BANK",
              "account_type": "checking",
              "name": "Johann Bernoulli",
              "links": {
                "customer": null,
                "bank_account_verification": "BZ5MKup7YdklsAJLlKeDBd5D"
              },
              "can_credit": true,
              "created_at": "2014-06-27T19:32:08.370622Z",
              "fingerprint": "2ef53fa3f76e47c5930f77fe0a59aa103b5abfd5622f08305b786808ec574a1e",
              "updated_at": "2014-06-27T19:32:16.480622Z",
              "href": "/bank_accounts/BA5FxvcN1AxnQ8uL6FTVKQAh",
              "meta": {},
              "account_number": "xxxxxx0002",
              "address": {
                "city": null,
                "line2": null,
                "line1": null,
                "state": null,
                "postal_code": null,
                "country_code": null
              },
              "can_debit": true,
              "id": "BA5FxvcN1AxnQ8uL6FTVKQAh"
            }
          ],
          "links": {
            "bank_accounts.credits": "/bank_accounts/{bank_accounts.id}/credits",
            "bank_accounts.bank_account_verifications": "/bank_accounts/{bank_accounts.id}/verifications",
            "bank_accounts.customer": "/customers/{bank_accounts.customer}",
            "bank_accounts.debits": "/bank_accounts/{bank_accounts.id}/debits",
            "bank_accounts.bank_account_verification": "/verifications/{bank_accounts.bank_account_verification}"
          }
        }
    http_version: '1.1'
  recorded_at: Fri, 27 Jun 2014 19:32:04 GMT
- request:
    method: post
    uri: https://ak-test-2q80HU8DISm2atgm0iRKRVIePzDb34qYp@api.balancedpayments.com/bank_accounts/BA5FxvcN1AxnQ8uL6FTVKQAh/debits
    body:
      encoding: UTF-8
      string: "{\"amount\":65000,\"appears_on_statement_as\":\"Epicodus Tuition\",\"description\":\"Some
        descriptive text for the debit in the dashboard\"}"
    headers:
      user-agent:
      - balanced-ruby/1.1.0
      content-type:
      - application/json;revision=1.1
      accept:
      - application/vnd.api+json;revision=1.1
      authorization:
      - Basic YWstdGVzdC0ycTgwSFU4RElTbTJhdGdtMGlSS1JWSWVQekRiMzRxWXA6
      accept-encoding:
      - gzip;q=1.0,deflate;q=0.6,identity;q=0.3
  response:
    status:
      code: 201
      message: CREATED
    headers:
      content-type:
      - application/json
      date:
      - Fri, 27 Jun 2014 19:32:17 GMT
      server:
      - ngx_openresty/1.2.6.3
      x-balanced-guru:
      - OHMbfa7aa56fe3111e3b7da06429171ffad
      x-balanced-host:
      - bapi-integration-prod-8u30f7-10-3-5-201
      x-balanced-marketplace:
      - TEST-MP1mjbKr3ZseFeWrJb4R03lj
      x-balanced-merchant:
      - TEST-MR1lb6D220PWeBKNmZs46597
      x-balanced-revision:
      - '1.1'
      x-balanced-software-build:
      - 1.2.64
      content-length:
      - '1033'
      connection:
      - Close
    body:
      encoding: UTF-8
      string: |-
        {
          "debits": [
            {
              "status": "succeeded",
              "description": "Some descriptive text for the debit in the dashboard",
              "links": {
                "customer": null,
                "source": "BA5FxvcN1AxnQ8uL6FTVKQAh",
                "order": null,
                "dispute": null
              },
              "updated_at": "2014-06-27T19:32:17.835436Z",
              "created_at": "2014-06-27T19:32:17.456653Z",
              "transaction_number": "W545-138-1552",
              "failure_reason": null,
              "currency": "USD",
              "amount": 65000,
              "failure_reason_code": null,
              "meta": {},
              "href": "/debits/WD5PKLfaHivvVAafkShsf2id",
              "appears_on_statement_as": "BAL*Epicodus Tuition",
              "id": "WD5PKLfaHivvVAafkShsf2id"
            }
          ],
          "links": {
            "debits.customer": "/customers/{debits.customer}",
            "debits.dispute": "/disputes/{debits.dispute}",
            "debits.source": "/resources/{debits.source}",
            "debits.order": "/orders/{debits.order}",
            "debits.refunds": "/debits/{debits.id}/refunds",
            "debits.events": "/debits/{debits.id}/events"
          }
        }
    http_version: '1.1'
  recorded_at: Fri, 27 Jun 2014 19:32:05 GMT
recorded_with: VCR 2.9.0
