---
http_interactions:
- request:
    method: post
    uri: https://<BALANCED_API_KEY>:@api.balancedpayments.com/bank_accounts
    body:
      encoding: UTF-8
      string: '{"account_number":"9900000002","account_type":"checking","name":"Johann
        Bernoulli","routing_number":"021000021"}'
    headers:
      User-Agent:
      - balanced-ruby/1.1.1
      Content-Type:
      - application/json;revision=1.1
      Accept:
      - application/vnd.api+json;revision=1.1
      Accept-Encoding:
      - gzip;q=1.0,deflate;q=0.6,identity;q=0.3
  response:
    status:
      code: 201
      message: CREATED
    headers:
      Access-Control-Allow-Headers:
      - Content-Type
      Access-Control-Allow-Methods:
      - POST, OPTIONS
      Access-Control-Allow-Origin:
      - '*'
      Content-Type:
      - application/json
      Date:
      - Wed, 03 Sep 2014 16:26:36 GMT
      Server:
      - ngx_openresty/1.2.6.3
      X-Balanced-Guru:
      - OHM12f4c704338711e4b8f202a1fe53e539
      X-Balanced-Host:
      - bapi-integration-prod-8u30f7-10-3-5-17
      X-Balanced-Marketplace:
      - TEST-MP1mjbKr3ZseFeWrJb4R03lj
      X-Balanced-Merchant:
      - TEST-MR1lb6D220PWeBKNmZs46597
      X-Balanced-Revision:
      - '1.1'
      X-Balanced-Software-Build:
      - 1.8.7
      X-Midlr-Version:
      - '2'
      X-Newrelic-App-Data:
      - PxQFWFNXCQYTUllWAgAAU0YdFhE1AwE2QgNWEVlbQFtcCxYxSBVbDQoZVA4IF0pcXAgEEBhTVggPbldQAQkWDEQRFgFKXVVGVkcVQQFNE1JKBQFYVVoNCgdVU1sPAwZRXB0WAVBQT0ISBwBXAVsNAFZSD1VSVgtRXRQbQQACVEBVOQ==
      Content-Length:
      - '1289'
      Connection:
      - keep-alive
    body:
      encoding: UTF-8
      string: |-
        {
          "bank_accounts": [
            {
              "routing_number": "021000021",
              "bank_name": "JPMORGAN CHASE BANK",
              "account_type": "checking",
              "name": "Johann Bernoulli",
              "links": {
                "customer": null,
                "bank_account_verification": null
              },
              "can_credit": true,
              "created_at": "2014-09-03T16:26:36.294366Z",
              "fingerprint": "2ef53fa3f76e47c5930f77fe0a59aa103b5abfd5622f08305b786808ec574a1e",
              "updated_at": "2014-09-03T16:26:36.294368Z",
              "href": "/bank_accounts/BAA8Dxt9ltxgc1Ih9rcL1wk",
              "meta": {},
              "account_number": "xxxxxx0002",
              "address": {
                "city": null,
                "line2": null,
                "line1": null,
                "state": null,
                "postal_code": null,
                "country_code": null
              },
              "can_debit": false,
              "id": "BAA8Dxt9ltxgc1Ih9rcL1wk"
            }
          ],
          "links": {
            "bank_accounts.credits": "/bank_accounts/{bank_accounts.id}/credits",
            "bank_accounts.bank_account_verifications": "/bank_accounts/{bank_accounts.id}/verifications",
            "bank_accounts.customer": "/customers/{bank_accounts.customer}",
            "bank_accounts.debits": "/bank_accounts/{bank_accounts.id}/debits",
            "bank_accounts.bank_account_verification": "/verifications/{bank_accounts.bank_account_verification}"
          }
        }
    http_version: 
  recorded_at: Sat, 04 Jan 2014 00:00:00 GMT
- request:
    method: get
    uri: https://<BALANCED_API_KEY>:@api.balancedpayments.com/bank_accounts/BAA8Dxt9ltxgc1Ih9rcL1wk
    body:
      encoding: US-ASCII
      string: ''
    headers:
      User-Agent:
      - balanced-ruby/1.1.1
      Content-Type:
      - application/json;revision=1.1
      Accept:
      - application/vnd.api+json;revision=1.1
      Accept-Encoding:
      - gzip;q=1.0,deflate;q=0.6,identity;q=0.3
  response:
    status:
      code: 200
      message: OK
    headers:
      Content-Type:
      - application/json
      Date:
      - Wed, 03 Sep 2014 16:26:37 GMT
      Server:
      - ngx_openresty/1.2.6.3
      X-Balanced-Guru:
      - OHM138ba502338711e4aecc02b12035401b
      X-Balanced-Host:
      - bapi-integration-prod-8u30f7-10-3-4-8
      X-Balanced-Marketplace:
      - TEST-MP1mjbKr3ZseFeWrJb4R03lj
      X-Balanced-Merchant:
      - TEST-MR1lb6D220PWeBKNmZs46597
      X-Balanced-Revision:
      - '1.1'
      X-Balanced-Software-Build:
      - 1.8.7
      Content-Length:
      - '495'
      Connection:
      - keep-alive
    body:
      encoding: UTF-8
      string: |-
        {
          "bank_accounts": [
            {
              "routing_number": "021000021",
              "bank_name": "JPMORGAN CHASE BANK",
              "account_type": "checking",
              "name": "Johann Bernoulli",
              "links": {
                "customer": null,
                "bank_account_verification": null
              },
              "can_credit": true,
              "created_at": "2014-09-03T16:26:36.294366Z",
              "fingerprint": "2ef53fa3f76e47c5930f77fe0a59aa103b5abfd5622f08305b786808ec574a1e",
              "updated_at": "2014-09-03T16:26:36.294368Z",
              "href": "/bank_accounts/BAA8Dxt9ltxgc1Ih9rcL1wk",
              "meta": {},
              "account_number": "xxxxxx0002",
              "address": {
                "city": null,
                "line2": null,
                "line1": null,
                "state": null,
                "postal_code": null,
                "country_code": null
              },
              "can_debit": false,
              "id": "BAA8Dxt9ltxgc1Ih9rcL1wk"
            }
          ],
          "links": {
            "bank_accounts.credits": "/bank_accounts/{bank_accounts.id}/credits",
            "bank_accounts.bank_account_verifications": "/bank_accounts/{bank_accounts.id}/verifications",
            "bank_accounts.customer": "/customers/{bank_accounts.customer}",
            "bank_accounts.debits": "/bank_accounts/{bank_accounts.id}/debits",
            "bank_accounts.bank_account_verification": "/verifications/{bank_accounts.bank_account_verification}"
          }
        }
    http_version: 
  recorded_at: Sat, 04 Jan 2014 00:00:00 GMT
- request:
    method: post
    uri: https://<BALANCED_API_KEY>:@api.balancedpayments.com/bank_accounts/BAA8Dxt9ltxgc1Ih9rcL1wk/verifications
    body:
      encoding: UTF-8
      string: '{}'
    headers:
      User-Agent:
      - balanced-ruby/1.1.1
      Content-Type:
      - application/json;revision=1.1
      Accept:
      - application/vnd.api+json;revision=1.1
      Accept-Encoding:
      - gzip;q=1.0,deflate;q=0.6,identity;q=0.3
  response:
    status:
      code: 201
      message: CREATED
    headers:
      Content-Type:
      - application/json
      Date:
      - Wed, 03 Sep 2014 16:26:45 GMT
      Server:
      - ngx_openresty/1.2.6.3
      X-Balanced-Guru:
      - OHM13c69694338711e4ac8902b12035401b
      X-Balanced-Host:
      - bapi-integration-prod-8u30f7-10-3-4-8
      X-Balanced-Marketplace:
      - TEST-MP1mjbKr3ZseFeWrJb4R03lj
      X-Balanced-Merchant:
      - TEST-MR1lb6D220PWeBKNmZs46597
      X-Balanced-Revision:
      - '1.1'
      X-Balanced-Software-Build:
      - 1.8.7
      Content-Length:
      - '596'
      Connection:
      - keep-alive
    body:
      encoding: UTF-8
      string: |-
        {
          "bank_account_verifications": [
            {
              "verification_status": "pending",
              "links": {
                "bank_account": "BAA8Dxt9ltxgc1Ih9rcL1wk"
              },
              "href": "/verifications/BZJc1pLRvEUiuisTBh583eB",
              "created_at": "2014-09-03T16:26:44.340473Z",
              "attempts_remaining": 3,
              "updated_at": "2014-09-03T16:26:44.725442Z",
              "deposit_status": "succeeded",
              "attempts": 0,
              "meta": {},
              "id": "BZJc1pLRvEUiuisTBh583eB"
            }
          ],
          "links": {
            "bank_account_verifications.bank_account": "/bank_accounts/{bank_account_verifications.bank_account}"
          }
        }
    http_version: 
  recorded_at: Sat, 04 Jan 2014 00:00:00 GMT
- request:
    method: get
    uri: https://<BALANCED_API_KEY>:@api.balancedpayments.com/bank_accounts/BAA8Dxt9ltxgc1Ih9rcL1wk
    body:
      encoding: US-ASCII
      string: ''
    headers:
      User-Agent:
      - balanced-ruby/1.1.1
      Content-Type:
      - application/json;revision=1.1
      Accept:
      - application/vnd.api+json;revision=1.1
      Accept-Encoding:
      - gzip;q=1.0,deflate;q=0.6,identity;q=0.3
  response:
    status:
      code: 200
      message: OK
    headers:
      Content-Type:
      - application/json
      Date:
      - Wed, 03 Sep 2014 16:26:45 GMT
      Server:
      - ngx_openresty/1.2.6.3
      X-Balanced-Guru:
      - OHM18a0204a338711e4a4e806429171ffad
      X-Balanced-Host:
      - bapi-integration-prod-8u30f7-10-3-4-8
      X-Balanced-Marketplace:
      - TEST-MP1mjbKr3ZseFeWrJb4R03lj
      X-Balanced-Merchant:
      - TEST-MR1lb6D220PWeBKNmZs46597
      X-Balanced-Revision:
      - '1.1'
      X-Balanced-Software-Build:
      - 1.8.7
      Content-Length:
      - '518'
      Connection:
      - keep-alive
    body:
      encoding: UTF-8
      string: |-
        {
          "bank_accounts": [
            {
              "routing_number": "021000021",
              "bank_name": "JPMORGAN CHASE BANK",
              "account_type": "checking",
              "name": "Johann Bernoulli",
              "links": {
                "customer": null,
                "bank_account_verification": "BZJc1pLRvEUiuisTBh583eB"
              },
              "can_credit": true,
              "created_at": "2014-09-03T16:26:36.294366Z",
              "fingerprint": "2ef53fa3f76e47c5930f77fe0a59aa103b5abfd5622f08305b786808ec574a1e",
              "updated_at": "2014-09-03T16:26:36.294368Z",
              "href": "/bank_accounts/BAA8Dxt9ltxgc1Ih9rcL1wk",
              "meta": {},
              "account_number": "xxxxxx0002",
              "address": {
                "city": null,
                "line2": null,
                "line1": null,
                "state": null,
                "postal_code": null,
                "country_code": null
              },
              "can_debit": false,
              "id": "BAA8Dxt9ltxgc1Ih9rcL1wk"
            }
          ],
          "links": {
            "bank_accounts.credits": "/bank_accounts/{bank_accounts.id}/credits",
            "bank_accounts.bank_account_verifications": "/bank_accounts/{bank_accounts.id}/verifications",
            "bank_accounts.customer": "/customers/{bank_accounts.customer}",
            "bank_accounts.debits": "/bank_accounts/{bank_accounts.id}/debits",
            "bank_accounts.bank_account_verification": "/verifications/{bank_accounts.bank_account_verification}"
          }
        }
    http_version: 
  recorded_at: Sat, 04 Jan 2014 00:00:00 GMT
- request:
    method: get
    uri: https://<BALANCED_API_KEY>:@api.balancedpayments.com/verifications/BZJc1pLRvEUiuisTBh583eB
    body:
      encoding: US-ASCII
      string: ''
    headers:
      User-Agent:
      - balanced-ruby/1.1.1
      Content-Type:
      - application/json;revision=1.1
      Accept:
      - application/vnd.api+json;revision=1.1
      Accept-Encoding:
      - gzip;q=1.0,deflate;q=0.6,identity;q=0.3
  response:
    status:
      code: 200
      message: OK
    headers:
      Content-Type:
      - application/json
      Date:
      - Wed, 03 Sep 2014 16:26:45 GMT
      Server:
      - ngx_openresty/1.2.6.3
      X-Balanced-Guru:
      - OHM18ce4042338711e48ad106429171ffad
      X-Balanced-Host:
      - bapi-integration-prod-8u30f7-10-3-4-8
      X-Balanced-Marketplace:
      - TEST-MP1mjbKr3ZseFeWrJb4R03lj
      X-Balanced-Merchant:
      - TEST-MR1lb6D220PWeBKNmZs46597
      X-Balanced-Revision:
      - '1.1'
      X-Balanced-Software-Build:
      - 1.8.7
      Content-Length:
      - '596'
      Connection:
      - keep-alive
    body:
      encoding: UTF-8
      string: |-
        {
          "bank_account_verifications": [
            {
              "verification_status": "pending",
              "links": {
                "bank_account": "BAA8Dxt9ltxgc1Ih9rcL1wk"
              },
              "href": "/verifications/BZJc1pLRvEUiuisTBh583eB",
              "created_at": "2014-09-03T16:26:44.340473Z",
              "attempts_remaining": 3,
              "updated_at": "2014-09-03T16:26:44.725442Z",
              "deposit_status": "succeeded",
              "attempts": 0,
              "meta": {},
              "id": "BZJc1pLRvEUiuisTBh583eB"
            }
          ],
          "links": {
            "bank_account_verifications.bank_account": "/bank_accounts/{bank_account_verifications.bank_account}"
          }
        }
    http_version: 
  recorded_at: Sat, 04 Jan 2014 00:00:00 GMT
- request:
    method: put
    uri: https://<BALANCED_API_KEY>:@api.balancedpayments.com/verifications/BZJc1pLRvEUiuisTBh583eB
    body:
      encoding: UTF-8
      string: '{"verification_status":"pending","links":{"bank_account":"BAA8Dxt9ltxgc1Ih9rcL1wk"},"created_at":"2014-09-03T16:26:44.340473Z","attempts_remaining":3,"updated_at":"2014-09-03T16:26:44.725442Z","deposit_status":"succeeded","attempts":0,"meta":{},"id":"BZJc1pLRvEUiuisTBh583eB","amount_1":"1","amount_2":"1"}'
    headers:
      User-Agent:
      - balanced-ruby/1.1.1
      Content-Type:
      - application/json;revision=1.1
      Accept:
      - application/vnd.api+json;revision=1.1
      Accept-Encoding:
      - gzip;q=1.0,deflate;q=0.6,identity;q=0.3
  response:
    status:
      code: 200
      message: OK
    headers:
      Content-Type:
      - application/json
      Date:
      - Wed, 03 Sep 2014 16:26:46 GMT
      Server:
      - ngx_openresty/1.2.6.3
      X-Balanced-Guru:
      - OHM19055820338711e48ad106429171ffad
      X-Balanced-Host:
      - bapi-integration-prod-8u30f7-10-3-4-8
      X-Balanced-Marketplace:
      - TEST-MP1mjbKr3ZseFeWrJb4R03lj
      X-Balanced-Merchant:
      - TEST-MR1lb6D220PWeBKNmZs46597
      X-Balanced-Revision:
      - '1.1'
      X-Balanced-Software-Build:
      - 1.8.7
      Content-Length:
      - '598'
      Connection:
      - keep-alive
    body:
      encoding: UTF-8
      string: |-
        {
          "bank_account_verifications": [
            {
              "verification_status": "succeeded",
              "links": {
                "bank_account": "BAA8Dxt9ltxgc1Ih9rcL1wk"
              },
              "href": "/verifications/BZJc1pLRvEUiuisTBh583eB",
              "created_at": "2014-09-03T16:26:44.340473Z",
              "attempts_remaining": 2,
              "updated_at": "2014-09-03T16:26:46.199253Z",
              "deposit_status": "succeeded",
              "attempts": 1,
              "meta": {},
              "id": "BZJc1pLRvEUiuisTBh583eB"
            }
          ],
          "links": {
            "bank_account_verifications.bank_account": "/bank_accounts/{bank_account_verifications.bank_account}"
          }
        }
    http_version: 
  recorded_at: Sat, 04 Jan 2014 00:00:00 GMT
- request:
    method: get
    uri: https://<BALANCED_API_KEY>:@api.balancedpayments.com/bank_accounts/BAA8Dxt9ltxgc1Ih9rcL1wk
    body:
      encoding: US-ASCII
      string: ''
    headers:
      User-Agent:
      - balanced-ruby/1.1.1
      Content-Type:
      - application/json;revision=1.1
      Accept:
      - application/vnd.api+json;revision=1.1
      Accept-Encoding:
      - gzip;q=1.0,deflate;q=0.6,identity;q=0.3
  response:
    status:
      code: 200
      message: OK
    headers:
      Content-Type:
      - application/json
      Date:
      - Wed, 03 Sep 2014 16:26:46 GMT
      Server:
      - ngx_openresty/1.2.6.3
      X-Balanced-Guru:
      - OHM194140b0338711e4b88e02b12035401b
      X-Balanced-Host:
      - bapi-integration-prod-8u30f7-10-3-5-17
      X-Balanced-Marketplace:
      - TEST-MP1mjbKr3ZseFeWrJb4R03lj
      X-Balanced-Merchant:
      - TEST-MR1lb6D220PWeBKNmZs46597
      X-Balanced-Revision:
      - '1.1'
      X-Balanced-Software-Build:
      - 1.8.7
      Content-Length:
      - '519'
      Connection:
      - keep-alive
    body:
      encoding: UTF-8
      string: |-
        {
          "bank_accounts": [
            {
              "routing_number": "021000021",
              "bank_name": "JPMORGAN CHASE BANK",
              "account_type": "checking",
              "name": "Johann Bernoulli",
              "links": {
                "customer": null,
                "bank_account_verification": "BZJc1pLRvEUiuisTBh583eB"
              },
              "can_credit": true,
              "created_at": "2014-09-03T16:26:36.294366Z",
              "fingerprint": "2ef53fa3f76e47c5930f77fe0a59aa103b5abfd5622f08305b786808ec574a1e",
              "updated_at": "2014-09-03T16:26:46.197214Z",
              "href": "/bank_accounts/BAA8Dxt9ltxgc1Ih9rcL1wk",
              "meta": {},
              "account_number": "xxxxxx0002",
              "address": {
                "city": null,
                "line2": null,
                "line1": null,
                "state": null,
                "postal_code": null,
                "country_code": null
              },
              "can_debit": true,
              "id": "BAA8Dxt9ltxgc1Ih9rcL1wk"
            }
          ],
          "links": {
            "bank_accounts.credits": "/bank_accounts/{bank_accounts.id}/credits",
            "bank_accounts.bank_account_verifications": "/bank_accounts/{bank_accounts.id}/verifications",
            "bank_accounts.customer": "/customers/{bank_accounts.customer}",
            "bank_accounts.debits": "/bank_accounts/{bank_accounts.id}/debits",
            "bank_accounts.bank_account_verification": "/verifications/{bank_accounts.bank_account_verification}"
          }
        }
    http_version: 
  recorded_at: Sat, 04 Jan 2014 00:00:00 GMT
- request:
    method: post
    uri: https://<BALANCED_API_KEY>:@api.balancedpayments.com/bank_accounts/BAA8Dxt9ltxgc1Ih9rcL1wk/debits
    body:
      encoding: UTF-8
      string: '{"amount":62500,"appears_on_statement_as":"Epicodus tuition"}'
    headers:
      User-Agent:
      - balanced-ruby/1.1.1
      Content-Type:
      - application/json;revision=1.1
      Accept:
      - application/vnd.api+json;revision=1.1
      Accept-Encoding:
      - gzip;q=1.0,deflate;q=0.6,identity;q=0.3
  response:
    status:
      code: 201
      message: CREATED
    headers:
      Content-Type:
      - application/json
      Date:
      - Wed, 03 Sep 2014 16:26:47 GMT
      Server:
      - ngx_openresty/1.2.6.3
      X-Balanced-Guru:
      - OHM19820ee2338711e4a4e806429171ffad
      X-Balanced-Host:
      - bapi-integration-prod-8u30f7-10-3-4-8
      X-Balanced-Marketplace:
      - TEST-MP1mjbKr3ZseFeWrJb4R03lj
      X-Balanced-Merchant:
      - TEST-MR1lb6D220PWeBKNmZs46597
      X-Balanced-Revision:
      - '1.1'
      X-Balanced-Software-Build:
      - 1.8.7
      Content-Length:
      - '1060'
      Connection:
      - keep-alive
    body:
      encoding: UTF-8
      string: |-
        {
          "debits": [
            {
              "status": "succeeded",
              "description": null,
              "links": {
                "customer": null,
                "source": "BAA8Dxt9ltxgc1Ih9rcL1wk",
                "card_hold": null,
                "order": null,
                "dispute": null
              },
              "updated_at": "2014-09-03T16:26:47.281246Z",
              "created_at": "2014-09-03T16:26:46.997463Z",
              "transaction_number": "W3XF-KA1-LZFG",
              "failure_reason": null,
              "currency": "USD",
              "amount": 62500,
              "failure_reason_code": null,
              "meta": {},
              "href": "/debits/WDMbavA9mP1cNnMpWMBzMKF",
              "appears_on_statement_as": "BAL*Epicodus tuition",
              "id": "WDMbavA9mP1cNnMpWMBzMKF"
            }
          ],
          "links": {
            "debits.customer": "/customers/{debits.customer}",
            "debits.order": "/orders/{debits.order}",
            "debits.dispute": "/disputes/{debits.dispute}",
            "debits.source": "/resources/{debits.source}",
            "debits.events": "/debits/{debits.id}/events",
            "debits.refunds": "/debits/{debits.id}/refunds",
            "debits.card_hold": "/holds/{debits.card_hold}"
          }
        }
    http_version: 
  recorded_at: Sat, 04 Jan 2014 00:00:00 GMT
- request:
    method: get
    uri: https://<BALANCED_API_KEY>:@api.balancedpayments.com/bank_accounts/BAA8Dxt9ltxgc1Ih9rcL1wk
    body:
      encoding: US-ASCII
      string: ''
    headers:
      User-Agent:
      - balanced-ruby/1.1.1
      Content-Type:
      - application/json;revision=1.1
      Accept:
      - application/vnd.api+json;revision=1.1
      Accept-Encoding:
      - gzip;q=1.0,deflate;q=0.6,identity;q=0.3
  response:
    status:
      code: 200
      message: OK
    headers:
      Content-Type:
      - application/json
      Date:
      - Wed, 03 Sep 2014 16:26:48 GMT
      Server:
      - ngx_openresty/1.2.6.3
      X-Balanced-Guru:
      - OHM1a70b98e338711e48ad106429171ffad
      X-Balanced-Host:
      - bapi-integration-prod-8u30f7-10-3-4-8
      X-Balanced-Marketplace:
      - TEST-MP1mjbKr3ZseFeWrJb4R03lj
      X-Balanced-Merchant:
      - TEST-MR1lb6D220PWeBKNmZs46597
      X-Balanced-Revision:
      - '1.1'
      X-Balanced-Software-Build:
      - 1.8.7
      Content-Length:
      - '519'
      Connection:
      - keep-alive
    body:
      encoding: UTF-8
      string: |-
        {
          "bank_accounts": [
            {
              "routing_number": "021000021",
              "bank_name": "JPMORGAN CHASE BANK",
              "account_type": "checking",
              "name": "Johann Bernoulli",
              "links": {
                "customer": null,
                "bank_account_verification": "BZJc1pLRvEUiuisTBh583eB"
              },
              "can_credit": true,
              "created_at": "2014-09-03T16:26:36.294366Z",
              "fingerprint": "2ef53fa3f76e47c5930f77fe0a59aa103b5abfd5622f08305b786808ec574a1e",
              "updated_at": "2014-09-03T16:26:46.197214Z",
              "href": "/bank_accounts/BAA8Dxt9ltxgc1Ih9rcL1wk",
              "meta": {},
              "account_number": "xxxxxx0002",
              "address": {
                "city": null,
                "line2": null,
                "line1": null,
                "state": null,
                "postal_code": null,
                "country_code": null
              },
              "can_debit": true,
              "id": "BAA8Dxt9ltxgc1Ih9rcL1wk"
            }
          ],
          "links": {
            "bank_accounts.credits": "/bank_accounts/{bank_accounts.id}/credits",
            "bank_accounts.bank_account_verifications": "/bank_accounts/{bank_accounts.id}/verifications",
            "bank_accounts.customer": "/customers/{bank_accounts.customer}",
            "bank_accounts.debits": "/bank_accounts/{bank_accounts.id}/debits",
            "bank_accounts.bank_account_verification": "/verifications/{bank_accounts.bank_account_verification}"
          }
        }
    http_version: 
  recorded_at: Sat, 04 Jan 2014 00:00:00 GMT
- request:
    method: post
    uri: https://<BALANCED_API_KEY>:@api.balancedpayments.com/bank_accounts/BAA8Dxt9ltxgc1Ih9rcL1wk/debits
    body:
      encoding: UTF-8
      string: '{"amount":1,"appears_on_statement_as":"Epicodus tuition"}'
    headers:
      User-Agent:
      - balanced-ruby/1.1.1
      Content-Type:
      - application/json;revision=1.1
      Accept:
      - application/vnd.api+json;revision=1.1
      Accept-Encoding:
      - gzip;q=1.0,deflate;q=0.6,identity;q=0.3
  response:
    status:
      code: 201
      message: CREATED
    headers:
      Content-Type:
      - application/json
      Date:
      - Wed, 03 Sep 2014 16:26:49 GMT
      Server:
      - ngx_openresty/1.2.6.3
      X-Balanced-Guru:
      - OHM1ab7b1ae338711e4b7da06429171ffad
      X-Balanced-Host:
      - bapi-integration-prod-8u30f7-10-3-5-17
      X-Balanced-Marketplace:
      - TEST-MP1mjbKr3ZseFeWrJb4R03lj
      X-Balanced-Merchant:
      - TEST-MR1lb6D220PWeBKNmZs46597
      X-Balanced-Revision:
      - '1.1'
      X-Balanced-Software-Build:
      - 1.8.7
      Content-Length:
      - '1056'
      Connection:
      - keep-alive
    body:
      encoding: UTF-8
      string: |-
        {
          "debits": [
            {
              "status": "succeeded",
              "description": null,
              "links": {
                "customer": null,
                "source": "BAA8Dxt9ltxgc1Ih9rcL1wk",
                "card_hold": null,
                "order": null,
                "dispute": null
              },
              "updated_at": "2014-09-03T16:26:49.301639Z",
              "created_at": "2014-09-03T16:26:49.017760Z",
              "transaction_number": "WVB3-60Q-PRL5",
              "failure_reason": null,
              "currency": "USD",
              "amount": 1,
              "failure_reason_code": null,
              "meta": {},
              "href": "/debits/WDOrTTorTyBgxmjdzUs0nWo",
              "appears_on_statement_as": "BAL*Epicodus tuition",
              "id": "WDOrTTorTyBgxmjdzUs0nWo"
            }
          ],
          "links": {
            "debits.customer": "/customers/{debits.customer}",
            "debits.order": "/orders/{debits.order}",
            "debits.dispute": "/disputes/{debits.dispute}",
            "debits.source": "/resources/{debits.source}",
            "debits.events": "/debits/{debits.id}/events",
            "debits.refunds": "/debits/{debits.id}/refunds",
            "debits.card_hold": "/holds/{debits.card_hold}"
          }
        }
    http_version: 
  recorded_at: Sat, 04 Jan 2014 00:00:00 GMT
recorded_with: VCR 2.9.2
