---
http_interactions:
- request:
    method: post
    uri: https://api.stripe.com/v1/customers
    body:
      encoding: US-ASCII
      string: description=student168%40example.com
    headers:
      Accept:
      - "*/*; q=0.5, application/xml"
      Accept-Encoding:
      - gzip, deflate
      User-Agent:
      - Stripe/v1 RubyBindings/1.21.0
      Authorization:
      - Bearer <STRIPE_API_KEY>
      Content-Type:
      - application/x-www-form-urlencoded
      X-Stripe-Client-User-Agent:
      - '{"bindings_version":"1.21.0","lang":"ruby","lang_version":"2.2.0 p0 (2014-12-25)","platform":"x86_64-darwin14","engine":"ruby","publisher":"stripe","uname":"Darwin
        Nuatus-iMac.local 14.3.0 Darwin Kernel Version 14.3.0: Mon Mar 23 11:59:05
        PDT 2015; root:xnu-2782.20.48~5/RELEASE_X86_64 x86_64","hostname":"Nuatus-iMac.local"}'
      Content-Length:
      - '36'
  response:
    status:
      code: 200
      message: OK
    headers:
      Server:
      - nginx
      Date:
      - Wed, 03 Jun 2015 17:01:07 GMT
      Content-Type:
      - application/json
      Content-Length:
      - '1140'
      Connection:
      - keep-alive
      Access-Control-Allow-Credentials:
      - 'true'
      Access-Control-Allow-Methods:
      - GET, POST, HEAD, OPTIONS, DELETE
      Access-Control-Allow-Origin:
      - "*"
      Access-Control-Max-Age:
      - '300'
      Cache-Control:
      - no-cache, no-store
      Request-Id:
      - req_QKURo07ERPsYKclo
      Stripe-Version:
      - '2012-11-07'
      Strict-Transport-Security:
      - max-age=31556926; includeSubDomains
    body:
      encoding: UTF-8
      string: |
        {
          "object": "customer",
          "created": 1433350867,
          "id": "cus_6MO0s5XklepymA",
          "livemode": false,
          "description": "student168@example.com",
          "email": null,
          "delinquent": false,
          "metadata": {},
          "subscriptions": {
            "object": "list",
            "total_count": 0,
            "has_more": false,
            "url": "/v1/customers/cus_6MO0s5XklepymA/subscriptions",
            "data": [],
            "count": 0
          },
          "discount": null,
          "account_balance": 0,
          "currency": null,
          "bank_accounts": {
            "object": "list",
            "total_count": 0,
            "has_more": false,
            "url": "/v1/customers/cus_6MO0s5XklepymA/bank_accounts",
            "data": [],
            "count": 0
          },
          "default_bank_account": null,
          "default_source_type": null,
          "cards": {
            "object": "list",
            "total_count": 0,
            "has_more": false,
            "url": "/v1/customers/cus_6MO0s5XklepymA/cards",
            "data": [],
            "count": 0
          },
          "default_card": null,
          "sources": {
            "object": "list",
            "total_count": 0,
            "has_more": false,
            "url": "/v1/customers/cus_6MO0s5XklepymA/sources",
            "data": [],
            "count": 0
          },
          "default_source": null,
          "active_card": null,
          "subscription": null
        }
    http_version: 
  recorded_at: Wed, 03 Jun 2015 17:00:23 GMT
- request:
    method: post
    uri: https://api.stripe.com/v1/customers/cus_6MO0s5XklepymA/sources
    body:
      encoding: US-ASCII
      string: source[object]=bank_account&source[country]=US&source[account_number]=000123456789&source[routing_number]=110000000
    headers:
      Accept:
      - "*/*; q=0.5, application/xml"
      Accept-Encoding:
      - gzip, deflate
      User-Agent:
      - Stripe/v1 RubyBindings/1.21.0
      Authorization:
      - Bearer <STRIPE_API_KEY>
      Content-Type:
      - application/x-www-form-urlencoded
      X-Stripe-Client-User-Agent:
      - '{"bindings_version":"1.21.0","lang":"ruby","lang_version":"2.2.0 p0 (2014-12-25)","platform":"x86_64-darwin14","engine":"ruby","publisher":"stripe","uname":"Darwin
        Nuatus-iMac.local 14.3.0 Darwin Kernel Version 14.3.0: Mon Mar 23 11:59:05
        PDT 2015; root:xnu-2782.20.48~5/RELEASE_X86_64 x86_64","hostname":"Nuatus-iMac.local"}'
      Content-Length:
      - '115'
  response:
    status:
      code: 200
      message: OK
    headers:
      Server:
      - nginx
      Date:
      - Wed, 03 Jun 2015 17:01:08 GMT
      Content-Type:
      - application/json
      Content-Length:
      - '361'
      Connection:
      - keep-alive
      Access-Control-Allow-Credentials:
      - 'true'
      Access-Control-Allow-Methods:
      - GET, POST, HEAD, OPTIONS, DELETE
      Access-Control-Allow-Origin:
      - "*"
      Access-Control-Max-Age:
      - '300'
      Cache-Control:
      - no-cache, no-store
      Request-Id:
      - req_qhSD3Ynpp2KTc8wh
      Stripe-Version:
      - '2012-11-07'
      Strict-Transport-Security:
      - max-age=31556926; includeSubDomains
    body:
      encoding: UTF-8
      string: |
        {
          "object": "bank_account",
          "id": "ba_6MO009NJvJw9L4",
          "last4": "6789",
          "country": "US",
          "currency": "usd",
          "status": "new",
          "fingerprint": "qw2YdYDmIJUuNi9w",
          "routing_number": "110000000",
          "bank_name": "STRIPE TEST BANK",
          "metadata": {},
          "customer": "cus_6MO0s5XklepymA",
          "disabled": false,
          "validated": false,
          "verified": false
        }
    http_version: 
  recorded_at: Wed, 03 Jun 2015 17:00:23 GMT
- request:
    method: get
    uri: https://api.stripe.com/v1/customers/cus_6MO0s5XklepymA
    body:
      encoding: US-ASCII
      string: ''
    headers:
      Accept:
      - "*/*; q=0.5, application/xml"
      Accept-Encoding:
      - gzip, deflate
      User-Agent:
      - Stripe/v1 RubyBindings/1.21.0
      Authorization:
      - Bearer <STRIPE_API_KEY>
      Content-Type:
      - application/x-www-form-urlencoded
      X-Stripe-Client-User-Agent:
      - '{"bindings_version":"1.21.0","lang":"ruby","lang_version":"2.2.0 p0 (2014-12-25)","platform":"x86_64-darwin14","engine":"ruby","publisher":"stripe","uname":"Darwin
        Nuatus-iMac.local 14.3.0 Darwin Kernel Version 14.3.0: Mon Mar 23 11:59:05
        PDT 2015; root:xnu-2782.20.48~5/RELEASE_X86_64 x86_64","hostname":"Nuatus-iMac.local"}'
  response:
    status:
      code: 200
      message: OK
    headers:
      Server:
      - nginx
      Date:
      - Wed, 03 Jun 2015 17:01:08 GMT
      Content-Type:
      - application/json
      Content-Length:
      - '2104'
      Connection:
      - keep-alive
      Access-Control-Allow-Credentials:
      - 'true'
      Access-Control-Allow-Methods:
      - GET, POST, HEAD, OPTIONS, DELETE
      Access-Control-Allow-Origin:
      - "*"
      Access-Control-Max-Age:
      - '300'
      Cache-Control:
      - no-cache, no-store
      Request-Id:
      - req_oTjyMoBMkzXZTT4P
      Stripe-Version:
      - '2012-11-07'
      Strict-Transport-Security:
      - max-age=31556926; includeSubDomains
    body:
      encoding: UTF-8
      string: |
        {
          "object": "customer",
          "created": 1433350867,
          "id": "cus_6MO0s5XklepymA",
          "livemode": false,
          "description": "student168@example.com",
          "email": null,
          "delinquent": false,
          "metadata": {},
          "subscriptions": {
            "object": "list",
            "total_count": 0,
            "has_more": false,
            "url": "/v1/customers/cus_6MO0s5XklepymA/subscriptions",
            "data": [],
            "count": 0
          },
          "discount": null,
          "account_balance": 0,
          "currency": null,
          "bank_accounts": {
            "object": "list",
            "total_count": 1,
            "has_more": false,
            "url": "/v1/customers/cus_6MO0s5XklepymA/bank_accounts",
            "data": [
              {
                "object": "bank_account",
                "id": "ba_6MO009NJvJw9L4",
                "last4": "6789",
                "country": "US",
                "currency": "usd",
                "status": "new",
                "fingerprint": "qw2YdYDmIJUuNi9w",
                "routing_number": "110000000",
                "bank_name": "STRIPE TEST BANK",
                "metadata": {},
                "customer": "cus_6MO0s5XklepymA",
                "disabled": false,
                "validated": false,
                "verified": false
              }
            ],
            "count": 1
          },
          "default_bank_account": "ba_6MO009NJvJw9L4",
          "default_source_type": "bank_account",
          "cards": {
            "object": "list",
            "total_count": 0,
            "has_more": false,
            "url": "/v1/customers/cus_6MO0s5XklepymA/cards",
            "data": [],
            "count": 0
          },
          "default_card": null,
          "sources": {
            "object": "list",
            "total_count": 1,
            "has_more": false,
            "url": "/v1/customers/cus_6MO0s5XklepymA/sources",
            "data": [
              {
                "object": "bank_account",
                "id": "ba_6MO009NJvJw9L4",
                "last4": "6789",
                "country": "US",
                "currency": "usd",
                "status": "new",
                "fingerprint": "qw2YdYDmIJUuNi9w",
                "routing_number": "110000000",
                "bank_name": "STRIPE TEST BANK",
                "metadata": {},
                "customer": "cus_6MO0s5XklepymA",
                "disabled": false,
                "validated": false,
                "verified": false
              }
            ],
            "count": 1
          },
          "default_source": "ba_6MO009NJvJw9L4",
          "active_card": null,
          "subscription": null
        }
    http_version: 
  recorded_at: Wed, 03 Jun 2015 17:00:24 GMT
- request:
    method: get
    uri: https://api.stripe.com/v1/customers/cus_6MO0s5XklepymA/sources/ba_6MO009NJvJw9L4
    body:
      encoding: US-ASCII
      string: ''
    headers:
      Accept:
      - "*/*; q=0.5, application/xml"
      Accept-Encoding:
      - gzip, deflate
      User-Agent:
      - Stripe/v1 RubyBindings/1.21.0
      Authorization:
      - Bearer <STRIPE_API_KEY>
      Content-Type:
      - application/x-www-form-urlencoded
      X-Stripe-Client-User-Agent:
      - '{"bindings_version":"1.21.0","lang":"ruby","lang_version":"2.2.0 p0 (2014-12-25)","platform":"x86_64-darwin14","engine":"ruby","publisher":"stripe","uname":"Darwin
        Nuatus-iMac.local 14.3.0 Darwin Kernel Version 14.3.0: Mon Mar 23 11:59:05
        PDT 2015; root:xnu-2782.20.48~5/RELEASE_X86_64 x86_64","hostname":"Nuatus-iMac.local"}'
  response:
    status:
      code: 200
      message: OK
    headers:
      Server:
      - nginx
      Date:
      - Wed, 03 Jun 2015 17:01:08 GMT
      Content-Type:
      - application/json
      Content-Length:
      - '361'
      Connection:
      - keep-alive
      Access-Control-Allow-Credentials:
      - 'true'
      Access-Control-Allow-Methods:
      - GET, POST, HEAD, OPTIONS, DELETE
      Access-Control-Allow-Origin:
      - "*"
      Access-Control-Max-Age:
      - '300'
      Cache-Control:
      - no-cache, no-store
      Request-Id:
      - req_2Gakibuwibdj7Dri
      Stripe-Version:
      - '2012-11-07'
      Strict-Transport-Security:
      - max-age=31556926; includeSubDomains
    body:
      encoding: UTF-8
      string: |
        {
          "object": "bank_account",
          "id": "ba_6MO009NJvJw9L4",
          "last4": "6789",
          "country": "US",
          "currency": "usd",
          "status": "new",
          "fingerprint": "qw2YdYDmIJUuNi9w",
          "routing_number": "110000000",
          "bank_name": "STRIPE TEST BANK",
          "metadata": {},
          "customer": "cus_6MO0s5XklepymA",
          "disabled": false,
          "validated": false,
          "verified": false
        }
    http_version: 
  recorded_at: Wed, 03 Jun 2015 17:00:24 GMT
- request:
    method: get
    uri: https://api.stripe.com/v1/customers/cus_6MO0s5XklepymA
    body:
      encoding: US-ASCII
      string: ''
    headers:
      Accept:
      - "*/*; q=0.5, application/xml"
      Accept-Encoding:
      - gzip, deflate
      User-Agent:
      - Stripe/v1 RubyBindings/1.21.0
      Authorization:
      - Bearer <STRIPE_API_KEY>
      Content-Type:
      - application/x-www-form-urlencoded
      X-Stripe-Client-User-Agent:
      - '{"bindings_version":"1.21.0","lang":"ruby","lang_version":"2.2.0 p0 (2014-12-25)","platform":"x86_64-darwin14","engine":"ruby","publisher":"stripe","uname":"Darwin
        Nuatus-iMac.local 14.3.0 Darwin Kernel Version 14.3.0: Mon Mar 23 11:59:05
        PDT 2015; root:xnu-2782.20.48~5/RELEASE_X86_64 x86_64","hostname":"Nuatus-iMac.local"}'
  response:
    status:
      code: 200
      message: OK
    headers:
      Server:
      - nginx
      Date:
      - Wed, 03 Jun 2015 17:01:09 GMT
      Content-Type:
      - application/json
      Content-Length:
      - '2104'
      Connection:
      - keep-alive
      Access-Control-Allow-Credentials:
      - 'true'
      Access-Control-Allow-Methods:
      - GET, POST, HEAD, OPTIONS, DELETE
      Access-Control-Allow-Origin:
      - "*"
      Access-Control-Max-Age:
      - '300'
      Cache-Control:
      - no-cache, no-store
      Request-Id:
      - req_OcGKG7Kg5iOoAsbk
      Stripe-Version:
      - '2012-11-07'
      Strict-Transport-Security:
      - max-age=31556926; includeSubDomains
    body:
      encoding: UTF-8
      string: |
        {
          "object": "customer",
          "created": 1433350867,
          "id": "cus_6MO0s5XklepymA",
          "livemode": false,
          "description": "student168@example.com",
          "email": null,
          "delinquent": false,
          "metadata": {},
          "subscriptions": {
            "object": "list",
            "total_count": 0,
            "has_more": false,
            "url": "/v1/customers/cus_6MO0s5XklepymA/subscriptions",
            "data": [],
            "count": 0
          },
          "discount": null,
          "account_balance": 0,
          "currency": null,
          "bank_accounts": {
            "object": "list",
            "total_count": 1,
            "has_more": false,
            "url": "/v1/customers/cus_6MO0s5XklepymA/bank_accounts",
            "data": [
              {
                "object": "bank_account",
                "id": "ba_6MO009NJvJw9L4",
                "last4": "6789",
                "country": "US",
                "currency": "usd",
                "status": "new",
                "fingerprint": "qw2YdYDmIJUuNi9w",
                "routing_number": "110000000",
                "bank_name": "STRIPE TEST BANK",
                "metadata": {},
                "customer": "cus_6MO0s5XklepymA",
                "disabled": false,
                "validated": false,
                "verified": false
              }
            ],
            "count": 1
          },
          "default_bank_account": "ba_6MO009NJvJw9L4",
          "default_source_type": "bank_account",
          "cards": {
            "object": "list",
            "total_count": 0,
            "has_more": false,
            "url": "/v1/customers/cus_6MO0s5XklepymA/cards",
            "data": [],
            "count": 0
          },
          "default_card": null,
          "sources": {
            "object": "list",
            "total_count": 1,
            "has_more": false,
            "url": "/v1/customers/cus_6MO0s5XklepymA/sources",
            "data": [
              {
                "object": "bank_account",
                "id": "ba_6MO009NJvJw9L4",
                "last4": "6789",
                "country": "US",
                "currency": "usd",
                "status": "new",
                "fingerprint": "qw2YdYDmIJUuNi9w",
                "routing_number": "110000000",
                "bank_name": "STRIPE TEST BANK",
                "metadata": {},
                "customer": "cus_6MO0s5XklepymA",
                "disabled": false,
                "validated": false,
                "verified": false
              }
            ],
            "count": 1
          },
          "default_source": "ba_6MO009NJvJw9L4",
          "active_card": null,
          "subscription": null
        }
    http_version: 
  recorded_at: Wed, 03 Jun 2015 17:00:24 GMT
recorded_with: VCR 2.9.3
