---
http_interactions:
- request:
    method: post
    uri: https://<BALANCED_API_KEY>:@api.balancedpayments.com/cards
    body:
      encoding: UTF-8
      string: '{"number":"4111111111111111","expiration_month":"12","expiration_year":"2020","cvv":"123"}'
    headers:
      User-Agent:
      - balanced-ruby/1.1.1
      Content-Type:
      - application/json;revision=1.1
      Accept:
      - application/vnd.api+json;revision=1.1
      Accept-Encoding:
      - gzip;q=1.0,deflate;q=0.6,identity;q=0.3
  response:
    status:
      code: 201
      message: CREATED
    headers:
      Access-Control-Allow-Headers:
      - Content-Type
      Access-Control-Allow-Methods:
      - POST, OPTIONS
      Access-Control-Allow-Origin:
      - "*"
      Content-Type:
      - application/json
      Date:
      - Tue, 21 Oct 2014 21:11:55 GMT
      Server:
      - ngx_openresty/1.2.6.3
      X-Balanced-Guru:
      - OHMe2967c5a596611e49b9902a1fe53e539
      X-Balanced-Host:
      - bapi-integration-prod-8u30f7-10-3-5-17
      X-Balanced-Marketplace:
      - TEST-MP25WywsPx8EeGEUdXq7NHPH
      X-Balanced-Merchant:
      - TEST-MR25szSXTcDDLogl9uXOlFKV
      X-Balanced-Revision:
      - '1.1'
      X-Balanced-Software-Build:
      - 1.8.31
      X-Midlr-Version:
      - '2'
      X-Newrelic-App-Data:
      - PxQFWFNXCQYTUllWAgAAU0YdFhE1AwE2QgNWEVlbQFtcCxYxSBVbDQoZVA4IF0pcXAgEEBhSVhQAQhhQEAMCFlVAFEIIFBQCHVcMUAJZAlNRDg9TXlQLBgNRTUIFCA5KRBNVAldfAVoCUgBQCVsBCwZTG00RB1IOF1Nq
      Content-Length:
      - '1266'
      Connection:
      - keep-alive
    body:
      encoding: UTF-8
      string: |-
        {
          "cards": [
            {
              "links": {
                "customer": null
              },
              "fingerprint": "b3ecb5551877e4c9ee9937f74cffbcfacc388e575cb4c061c30f8a32d340001b",
              "cvv_result": "Match",
              "number": "xxxxxxxxxxxx1111",
              "avs_postal_match": null,
              "expiration_month": 12,
              "meta": {},
              "id": "CC6TP2VtMKOPfRCBiAqFG8qk",
              "category": "other",
              "type": "credit",
              "cvv_match": "yes",
              "bank_name": "JPMORGAN CHASE BANK, N.A.",
              "avs_street_match": null,
              "brand": "Visa",
              "updated_at": "2014-10-21T21:11:55.336701Z",
              "address": {
                "city": null,
                "line2": null,
                "line1": null,
                "state": null,
                "postal_code": null,
                "country_code": null
              },
              "can_debit": true,
              "name": null,
              "expiration_year": 2020,
              "cvv": "xxx",
              "is_verified": true,
              "avs_result": null,
              "can_credit": false,
              "href": "/cards/CC6TP2VtMKOPfRCBiAqFG8qk",
              "created_at": "2014-10-21T21:11:55.336698Z"
            }
          ],
          "links": {
            "cards.card_holds": "/cards/{cards.id}/card_holds",
            "cards.customer": "/customers/{cards.customer}",
            "cards.disputes": "/cards/{cards.id}/disputes",
            "cards.debits": "/cards/{cards.id}/debits"
          }
        }
    http_version: 
  recorded_at: Tue, 21 Oct 2014 21:11:58 GMT
- request:
    method: get
    uri: https://<BALANCED_API_KEY>:@api.balancedpayments.com/cards/CC6TP2VtMKOPfRCBiAqFG8qk
    body:
      encoding: US-ASCII
      string: ''
    headers:
      User-Agent:
      - balanced-ruby/1.1.1
      Content-Type:
      - application/json;revision=1.1
      Accept:
      - application/vnd.api+json;revision=1.1
      Accept-Encoding:
      - gzip;q=1.0,deflate;q=0.6,identity;q=0.3
  response:
    status:
      code: 200
      message: OK
    headers:
      Content-Type:
      - application/json
      Date:
      - Tue, 21 Oct 2014 21:11:56 GMT
      Server:
      - ngx_openresty/1.2.6.3
      X-Balanced-Guru:
      - OHMe31d9fc8596611e49ead06429171ffad
      X-Balanced-Host:
      - bapi-integration-prod-8u30f7-10-3-4-8
      X-Balanced-Marketplace:
      - TEST-MP25WywsPx8EeGEUdXq7NHPH
      X-Balanced-Merchant:
      - TEST-MR25szSXTcDDLogl9uXOlFKV
      X-Balanced-Revision:
      - '1.1'
      X-Balanced-Software-Build:
      - 1.8.31
      Content-Length:
      - '567'
      Connection:
      - keep-alive
    body:
      encoding: UTF-8
      string: |-
        {
          "cards": [
            {
              "links": {
                "customer": null
              },
              "fingerprint": "b3ecb5551877e4c9ee9937f74cffbcfacc388e575cb4c061c30f8a32d340001b",
              "cvv_result": "Match",
              "number": "xxxxxxxxxxxx1111",
              "avs_postal_match": null,
              "expiration_month": 12,
              "meta": {},
              "id": "CC6TP2VtMKOPfRCBiAqFG8qk",
              "category": "other",
              "type": "credit",
              "cvv_match": "yes",
              "bank_name": "JPMORGAN CHASE BANK, N.A.",
              "avs_street_match": null,
              "brand": "Visa",
              "updated_at": "2014-10-21T21:11:55.336701Z",
              "address": {
                "city": null,
                "line2": null,
                "line1": null,
                "state": null,
                "postal_code": null,
                "country_code": null
              },
              "can_debit": true,
              "name": null,
              "expiration_year": 2020,
              "cvv": "xxx",
              "is_verified": true,
              "avs_result": null,
              "can_credit": false,
              "href": "/cards/CC6TP2VtMKOPfRCBiAqFG8qk",
              "created_at": "2014-10-21T21:11:55.336698Z"
            }
          ],
          "links": {
            "cards.card_holds": "/cards/{cards.id}/card_holds",
            "cards.customer": "/customers/{cards.customer}",
            "cards.disputes": "/cards/{cards.id}/disputes",
            "cards.debits": "/cards/{cards.id}/debits"
          }
        }
    http_version: 
  recorded_at: Tue, 21 Oct 2014 21:11:58 GMT
- request:
    method: post
    uri: https://<BALANCED_API_KEY>:@api.balancedpayments.com/cards/CC6TP2VtMKOPfRCBiAqFG8qk/debits
    body:
      encoding: UTF-8
      string: '{"amount":20597,"appears_on_statement_as":"Epicodus tuition"}'
    headers:
      User-Agent:
      - balanced-ruby/1.1.1
      Content-Type:
      - application/json;revision=1.1
      Accept:
      - application/vnd.api+json;revision=1.1
      Accept-Encoding:
      - gzip;q=1.0,deflate;q=0.6,identity;q=0.3
  response:
    status:
      code: 201
      message: CREATED
    headers:
      Content-Type:
      - application/json
      Date:
      - Tue, 21 Oct 2014 21:11:56 GMT
      Server:
      - ngx_openresty/1.2.6.3
      X-Balanced-Guru:
      - OHMe34c8db0596611e4910006429171ffad
      X-Balanced-Host:
      - bapi-integration-prod-8u30f7-10-3-4-8
      X-Balanced-Marketplace:
      - TEST-MP25WywsPx8EeGEUdXq7NHPH
      X-Balanced-Merchant:
      - TEST-MR25szSXTcDDLogl9uXOlFKV
      X-Balanced-Revision:
      - '1.1'
      X-Balanced-Software-Build:
      - 1.8.31
      Content-Length:
      - '1085'
      Connection:
      - keep-alive
    body:
      encoding: UTF-8
      string: |-
        {
          "debits": [
            {
              "status": "succeeded",
              "description": null,
              "links": {
                "customer": null,
                "source": "CC6TP2VtMKOPfRCBiAqFG8qk",
                "card_hold": "HL6UWvWgmM2w75zrpjLmRw6V",
                "order": null,
                "dispute": null
              },
              "updated_at": "2014-10-21T21:11:56.933587Z",
              "created_at": "2014-10-21T21:11:56.356970Z",
              "transaction_number": "WCRD-IR2-2H27",
              "failure_reason": null,
              "currency": "USD",
              "amount": 20597,
              "failure_reason_code": null,
              "meta": {},
              "href": "/debits/WD6UXqRIBjIjPj8mMwDuI76l",
              "appears_on_statement_as": "BAL*Epicodus tuition",
              "id": "WD6UXqRIBjIjPj8mMwDuI76l"
            }
          ],
          "links": {
            "debits.customer": "/customers/{debits.customer}",
            "debits.order": "/orders/{debits.order}",
            "debits.dispute": "/disputes/{debits.dispute}",
            "debits.source": "/resources/{debits.source}",
            "debits.events": "/debits/{debits.id}/events",
            "debits.refunds": "/debits/{debits.id}/refunds",
            "debits.card_hold": "/holds/{debits.card_hold}"
          }
        }
    http_version: 
  recorded_at: Tue, 21 Oct 2014 21:11:59 GMT
recorded_with: VCR 2.9.3
