---
http_interactions:
- request:
    method: post
    uri: https://<BALANCED_API_KEY>:@api.balancedpayments.com/bank_accounts
    body:
      encoding: UTF-8
      string: '{"account_number":"9900000002","account_type":"checking","name":"Johann
        Bernoulli","routing_number":"021000021"}'
    headers:
      User-Agent:
      - balanced-ruby/1.1.1
      Content-Type:
      - application/json;revision=1.1
      Accept:
      - application/vnd.api+json;revision=1.1
      Accept-Encoding:
      - gzip;q=1.0,deflate;q=0.6,identity;q=0.3
  response:
    status:
      code: 201
      message: CREATED
    headers:
      Access-Control-Allow-Headers:
      - Content-Type
      Access-Control-Allow-Methods:
      - POST, OPTIONS
      Access-Control-Allow-Origin:
      - "*"
      Content-Type:
      - application/json
      Date:
      - Thu, 20 Nov 2014 18:05:11 GMT
      Server:
      - ngx_openresty/1.2.6.3
      X-Balanced-Guru:
      - OHMc4a4457a70df11e4a4e602a1fe53e539
      X-Balanced-Host:
      - bapi-integration-prod-8u30f7-10-3-5-17
      X-Balanced-Marketplace:
      - TEST-MP25WywsPx8EeGEUdXq7NHPH
      X-Balanced-Merchant:
      - TEST-MR25szSXTcDDLogl9uXOlFKV
      X-Balanced-Revision:
      - '1.1'
      X-Balanced-Software-Build:
      - 1.10.5
      X-Midlr-Version:
      - '2'
      X-Newrelic-App-Data:
      - PxQFWFNXCQYTUllWAgAAU0YdFhE1AwE2QgNWEVlbQFtcCxYxSBVbDQoZVA4IF0pcXAgEEBhTVggPbldQAQkWDEQRFgFKXVVGVkcVQQFNE1JKAgVVVVMAAwZVVFsOBgRXUAQaE1BUVU4QQFsAWwkCClEAWlECAFJWBlIVTUYFWV9DATw=
      Content-Length:
      - '1291'
      Connection:
      - keep-alive
    body:
      encoding: UTF-8
      string: |-
        {
          "bank_accounts": [
            {
              "routing_number": "021000021",
              "bank_name": "JPMORGAN CHASE BANK",
              "account_type": "checking",
              "name": "Johann Bernoulli",
              "links": {
                "customer": null,
                "bank_account_verification": null
              },
              "can_credit": true,
              "created_at": "2014-11-20T18:05:56.899319Z",
              "fingerprint": "2ef53fa3f76e47c5930f77fe0a59aa103b5abfd5622f08305b786808ec574a1e",
              "updated_at": "2014-11-20T18:05:56.899322Z",
              "href": "/bank_accounts/BA5ZsmAk48TWIFPzej72I3o4",
              "meta": {},
              "account_number": "xxxxxx0002",
              "address": {
                "city": null,
                "line2": null,
                "line1": null,
                "state": null,
                "postal_code": null,
                "country_code": null
              },
              "can_debit": false,
              "id": "BA5ZsmAk48TWIFPzej72I3o4"
            }
          ],
          "links": {
            "bank_accounts.credits": "/bank_accounts/{bank_accounts.id}/credits",
            "bank_accounts.bank_account_verifications": "/bank_accounts/{bank_accounts.id}/verifications",
            "bank_accounts.customer": "/customers/{bank_accounts.customer}",
            "bank_accounts.debits": "/bank_accounts/{bank_accounts.id}/debits",
            "bank_accounts.bank_account_verification": "/verifications/{bank_accounts.bank_account_verification}"
          }
        }
    http_version: 
  recorded_at: Thu, 20 Nov 2014 18:05:11 GMT
- request:
    method: get
    uri: https://<BALANCED_API_KEY>:@api.balancedpayments.com/bank_accounts/BA5ZsmAk48TWIFPzej72I3o4
    body:
      encoding: US-ASCII
      string: ''
    headers:
      User-Agent:
      - balanced-ruby/1.1.1
      Content-Type:
      - application/json;revision=1.1
      Accept:
      - application/vnd.api+json;revision=1.1
      Accept-Encoding:
      - gzip;q=1.0,deflate;q=0.6,identity;q=0.3
  response:
    status:
      code: 200
      message: OK
    headers:
      Content-Type:
      - application/json
      Date:
      - Thu, 20 Nov 2014 18:05:11 GMT
      Server:
      - ngx_openresty/1.2.6.3
      X-Balanced-Guru:
      - OHMc539467070df11e4bc0006429171ffad
      X-Balanced-Host:
      - bapi-integration-prod-8u30f7-10-3-5-17
      X-Balanced-Marketplace:
      - TEST-MP25WywsPx8EeGEUdXq7NHPH
      X-Balanced-Merchant:
      - TEST-MR25szSXTcDDLogl9uXOlFKV
      X-Balanced-Revision:
      - '1.1'
      X-Balanced-Software-Build:
      - 1.10.5
      Content-Length:
      - '501'
      Connection:
      - keep-alive
    body:
      encoding: UTF-8
      string: |-
        {
          "bank_accounts": [
            {
              "routing_number": "021000021",
              "bank_name": "JPMORGAN CHASE BANK",
              "account_type": "checking",
              "name": "Johann Bernoulli",
              "links": {
                "customer": null,
                "bank_account_verification": null
              },
              "can_credit": true,
              "created_at": "2014-11-20T18:05:56.899319Z",
              "fingerprint": "2ef53fa3f76e47c5930f77fe0a59aa103b5abfd5622f08305b786808ec574a1e",
              "updated_at": "2014-11-20T18:05:56.899322Z",
              "href": "/bank_accounts/BA5ZsmAk48TWIFPzej72I3o4",
              "meta": {},
              "account_number": "xxxxxx0002",
              "address": {
                "city": null,
                "line2": null,
                "line1": null,
                "state": null,
                "postal_code": null,
                "country_code": null
              },
              "can_debit": false,
              "id": "BA5ZsmAk48TWIFPzej72I3o4"
            }
          ],
          "links": {
            "bank_accounts.credits": "/bank_accounts/{bank_accounts.id}/credits",
            "bank_accounts.bank_account_verifications": "/bank_accounts/{bank_accounts.id}/verifications",
            "bank_accounts.customer": "/customers/{bank_accounts.customer}",
            "bank_accounts.debits": "/bank_accounts/{bank_accounts.id}/debits",
            "bank_accounts.bank_account_verification": "/verifications/{bank_accounts.bank_account_verification}"
          }
        }
    http_version: 
  recorded_at: Thu, 20 Nov 2014 18:05:12 GMT
- request:
    method: post
    uri: https://<BALANCED_API_KEY>:@api.balancedpayments.com/bank_accounts/BA5ZsmAk48TWIFPzej72I3o4/verifications
    body:
      encoding: UTF-8
      string: "{}"
    headers:
      User-Agent:
      - balanced-ruby/1.1.1
      Content-Type:
      - application/json;revision=1.1
      Accept:
      - application/vnd.api+json;revision=1.1
      Accept-Encoding:
      - gzip;q=1.0,deflate;q=0.6,identity;q=0.3
  response:
    status:
      code: 201
      message: CREATED
    headers:
      Content-Type:
      - application/json
      Date:
      - Thu, 20 Nov 2014 18:05:18 GMT
      Server:
      - ngx_openresty/1.2.6.3
      X-Balanced-Guru:
      - OHMc56ad42e70df11e4a3de02b12035401b
      X-Balanced-Host:
      - bapi-integration-prod-8u30f7-10-3-4-8
      X-Balanced-Marketplace:
      - TEST-MP25WywsPx8EeGEUdXq7NHPH
      X-Balanced-Merchant:
      - TEST-MR25szSXTcDDLogl9uXOlFKV
      X-Balanced-Revision:
      - '1.1'
      X-Balanced-Software-Build:
      - 1.10.5
      Content-Length:
      - '599'
      Connection:
      - keep-alive
    body:
      encoding: UTF-8
      string: |-
        {
          "bank_account_verifications": [
            {
              "verification_status": "pending",
              "links": {
                "bank_account": "BA5ZsmAk48TWIFPzej72I3o4"
              },
              "href": "/verifications/BZ66C7xvP9pN2t9A7O4m8lSZ",
              "created_at": "2014-11-20T18:06:03.263950Z",
              "attempts_remaining": 3,
              "updated_at": "2014-11-20T18:06:03.709366Z",
              "deposit_status": "succeeded",
              "attempts": 0,
              "meta": {},
              "id": "BZ66C7xvP9pN2t9A7O4m8lSZ"
            }
          ],
          "links": {
            "bank_account_verifications.bank_account": "/bank_accounts/{bank_account_verifications.bank_account}"
          }
        }
    http_version: 
  recorded_at: Thu, 20 Nov 2014 18:05:18 GMT
- request:
    method: get
    uri: https://<BALANCED_API_KEY>:@api.balancedpayments.com/bank_accounts/BA5ZsmAk48TWIFPzej72I3o4
    body:
      encoding: US-ASCII
      string: ''
    headers:
      User-Agent:
      - balanced-ruby/1.1.1
      Content-Type:
      - application/json;revision=1.1
      Accept:
      - application/vnd.api+json;revision=1.1
      Accept-Encoding:
      - gzip;q=1.0,deflate;q=0.6,identity;q=0.3
  response:
    status:
      code: 200
      message: OK
    headers:
      Content-Type:
      - application/json
      Date:
      - Thu, 20 Nov 2014 18:05:18 GMT
      Server:
      - ngx_openresty/1.2.6.3
      X-Balanced-Guru:
      - OHMc9735e2470df11e4a3de02b12035401b
      X-Balanced-Host:
      - bapi-integration-prod-8u30f7-10-3-5-17
      X-Balanced-Marketplace:
      - TEST-MP25WywsPx8EeGEUdXq7NHPH
      X-Balanced-Merchant:
      - TEST-MR25szSXTcDDLogl9uXOlFKV
      X-Balanced-Revision:
      - '1.1'
      X-Balanced-Software-Build:
      - 1.10.5
      Content-Length:
      - '522'
      Connection:
      - keep-alive
    body:
      encoding: UTF-8
      string: |-
        {
          "bank_accounts": [
            {
              "routing_number": "021000021",
              "bank_name": "JPMORGAN CHASE BANK",
              "account_type": "checking",
              "name": "Johann Bernoulli",
              "links": {
                "customer": null,
                "bank_account_verification": "BZ66C7xvP9pN2t9A7O4m8lSZ"
              },
              "can_credit": true,
              "created_at": "2014-11-20T18:05:56.899319Z",
              "fingerprint": "2ef53fa3f76e47c5930f77fe0a59aa103b5abfd5622f08305b786808ec574a1e",
              "updated_at": "2014-11-20T18:05:56.899322Z",
              "href": "/bank_accounts/BA5ZsmAk48TWIFPzej72I3o4",
              "meta": {},
              "account_number": "xxxxxx0002",
              "address": {
                "city": null,
                "line2": null,
                "line1": null,
                "state": null,
                "postal_code": null,
                "country_code": null
              },
              "can_debit": false,
              "id": "BA5ZsmAk48TWIFPzej72I3o4"
            }
          ],
          "links": {
            "bank_accounts.credits": "/bank_accounts/{bank_accounts.id}/credits",
            "bank_accounts.bank_account_verifications": "/bank_accounts/{bank_accounts.id}/verifications",
            "bank_accounts.customer": "/customers/{bank_accounts.customer}",
            "bank_accounts.debits": "/bank_accounts/{bank_accounts.id}/debits",
            "bank_accounts.bank_account_verification": "/verifications/{bank_accounts.bank_account_verification}"
          }
        }
    http_version: 
  recorded_at: Thu, 20 Nov 2014 18:05:19 GMT
- request:
    method: get
    uri: https://<BALANCED_API_KEY>:@api.balancedpayments.com/bank_accounts/BA5ZsmAk48TWIFPzej72I3o4
    body:
      encoding: US-ASCII
      string: ''
    headers:
      User-Agent:
      - balanced-ruby/1.1.1
      Content-Type:
      - application/json;revision=1.1
      Accept:
      - application/vnd.api+json;revision=1.1
      Accept-Encoding:
      - gzip;q=1.0,deflate;q=0.6,identity;q=0.3
  response:
    status:
      code: 200
      message: OK
    headers:
      Content-Type:
      - application/json
      Date:
      - Thu, 20 Nov 2014 18:05:19 GMT
      Server:
      - ngx_openresty/1.2.6.3
      X-Balanced-Guru:
      - OHMc9a286b870df11e4bd6f02b12035401b
      X-Balanced-Host:
      - bapi-integration-prod-8u30f7-10-3-5-17
      X-Balanced-Marketplace:
      - TEST-MP25WywsPx8EeGEUdXq7NHPH
      X-Balanced-Merchant:
      - TEST-MR25szSXTcDDLogl9uXOlFKV
      X-Balanced-Revision:
      - '1.1'
      X-Balanced-Software-Build:
      - 1.10.5
      Content-Length:
      - '522'
      Connection:
      - keep-alive
    body:
      encoding: UTF-8
      string: |-
        {
          "bank_accounts": [
            {
              "routing_number": "021000021",
              "bank_name": "JPMORGAN CHASE BANK",
              "account_type": "checking",
              "name": "Johann Bernoulli",
              "links": {
                "customer": null,
                "bank_account_verification": "BZ66C7xvP9pN2t9A7O4m8lSZ"
              },
              "can_credit": true,
              "created_at": "2014-11-20T18:05:56.899319Z",
              "fingerprint": "2ef53fa3f76e47c5930f77fe0a59aa103b5abfd5622f08305b786808ec574a1e",
              "updated_at": "2014-11-20T18:05:56.899322Z",
              "href": "/bank_accounts/BA5ZsmAk48TWIFPzej72I3o4",
              "meta": {},
              "account_number": "xxxxxx0002",
              "address": {
                "city": null,
                "line2": null,
                "line1": null,
                "state": null,
                "postal_code": null,
                "country_code": null
              },
              "can_debit": false,
              "id": "BA5ZsmAk48TWIFPzej72I3o4"
            }
          ],
          "links": {
            "bank_accounts.credits": "/bank_accounts/{bank_accounts.id}/credits",
            "bank_accounts.bank_account_verifications": "/bank_accounts/{bank_accounts.id}/verifications",
            "bank_accounts.customer": "/customers/{bank_accounts.customer}",
            "bank_accounts.debits": "/bank_accounts/{bank_accounts.id}/debits",
            "bank_accounts.bank_account_verification": "/verifications/{bank_accounts.bank_account_verification}"
          }
        }
    http_version: 
  recorded_at: Thu, 20 Nov 2014 18:05:19 GMT
- request:
    method: get
    uri: https://<BALANCED_API_KEY>:@api.balancedpayments.com/verifications/BZ66C7xvP9pN2t9A7O4m8lSZ
    body:
      encoding: US-ASCII
      string: ''
    headers:
      User-Agent:
      - balanced-ruby/1.1.1
      Content-Type:
      - application/json;revision=1.1
      Accept:
      - application/vnd.api+json;revision=1.1
      Accept-Encoding:
      - gzip;q=1.0,deflate;q=0.6,identity;q=0.3
  response:
    status:
      code: 200
      message: OK
    headers:
      Content-Type:
      - application/json
      Date:
      - Thu, 20 Nov 2014 18:05:19 GMT
      Server:
      - ngx_openresty/1.2.6.3
      X-Balanced-Guru:
      - OHMc9d6509270df11e4bc6302b12035401b
      X-Balanced-Host:
      - bapi-integration-prod-8u30f7-10-3-4-8
      X-Balanced-Marketplace:
      - TEST-MP25WywsPx8EeGEUdXq7NHPH
      X-Balanced-Merchant:
      - TEST-MR25szSXTcDDLogl9uXOlFKV
      X-Balanced-Revision:
      - '1.1'
      X-Balanced-Software-Build:
      - 1.10.5
      Content-Length:
      - '599'
      Connection:
      - keep-alive
    body:
      encoding: UTF-8
      string: |-
        {
          "bank_account_verifications": [
            {
              "verification_status": "pending",
              "links": {
                "bank_account": "BA5ZsmAk48TWIFPzej72I3o4"
              },
              "href": "/verifications/BZ66C7xvP9pN2t9A7O4m8lSZ",
              "created_at": "2014-11-20T18:06:03.263950Z",
              "attempts_remaining": 3,
              "updated_at": "2014-11-20T18:06:03.709366Z",
              "deposit_status": "succeeded",
              "attempts": 0,
              "meta": {},
              "id": "BZ66C7xvP9pN2t9A7O4m8lSZ"
            }
          ],
          "links": {
            "bank_account_verifications.bank_account": "/bank_accounts/{bank_account_verifications.bank_account}"
          }
        }
    http_version: 
  recorded_at: Thu, 20 Nov 2014 18:05:19 GMT
- request:
    method: put
    uri: https://<BALANCED_API_KEY>:@api.balancedpayments.com/verifications/BZ66C7xvP9pN2t9A7O4m8lSZ
    body:
      encoding: UTF-8
      string: '{"verification_status":"pending","links":{"bank_account":"BA5ZsmAk48TWIFPzej72I3o4"},"created_at":"2014-11-20T18:06:03.263950Z","attempts_remaining":3,"updated_at":"2014-11-20T18:06:03.709366Z","deposit_status":"succeeded","attempts":0,"meta":{},"id":"BZ66C7xvP9pN2t9A7O4m8lSZ","amount_1":"1","amount_2":"1"}'
    headers:
      User-Agent:
      - balanced-ruby/1.1.1
      Content-Type:
      - application/json;revision=1.1
      Accept:
      - application/vnd.api+json;revision=1.1
      Accept-Encoding:
      - gzip;q=1.0,deflate;q=0.6,identity;q=0.3
  response:
    status:
      code: 200
      message: OK
    headers:
      Content-Type:
      - application/json
      Date:
      - Thu, 20 Nov 2014 18:05:19 GMT
      Server:
      - ngx_openresty/1.2.6.3
      X-Balanced-Guru:
      - OHMca0377b670df11e4bc0006429171ffad
      X-Balanced-Host:
      - bapi-integration-prod-8u30f7-10-3-4-8
      X-Balanced-Marketplace:
      - TEST-MP25WywsPx8EeGEUdXq7NHPH
      X-Balanced-Merchant:
      - TEST-MR25szSXTcDDLogl9uXOlFKV
      X-Balanced-Revision:
      - '1.1'
      X-Balanced-Software-Build:
      - 1.10.5
      Content-Length:
      - '601'
      Connection:
      - keep-alive
    body:
      encoding: UTF-8
      string: |-
        {
          "bank_account_verifications": [
            {
              "verification_status": "succeeded",
              "links": {
                "bank_account": "BA5ZsmAk48TWIFPzej72I3o4"
              },
              "href": "/verifications/BZ66C7xvP9pN2t9A7O4m8lSZ",
              "created_at": "2014-11-20T18:06:03.263950Z",
              "attempts_remaining": 2,
              "updated_at": "2014-11-20T18:06:05.650417Z",
              "deposit_status": "succeeded",
              "attempts": 1,
              "meta": {},
              "id": "BZ66C7xvP9pN2t9A7O4m8lSZ"
            }
          ],
          "links": {
            "bank_account_verifications.bank_account": "/bank_accounts/{bank_account_verifications.bank_account}"
          }
        }
    http_version: 
  recorded_at: Thu, 20 Nov 2014 18:05:20 GMT
- request:
    method: post
    uri: https://<BALANCED_API_KEY>:@api.balancedpayments.com/bank_accounts
    body:
      encoding: UTF-8
      string: '{"account_number":"9900000002","account_type":"checking","name":"Johann
        Bernoulli","routing_number":"021000021"}'
    headers:
      User-Agent:
      - balanced-ruby/1.1.1
      Content-Type:
      - application/json;revision=1.1
      Accept:
      - application/vnd.api+json;revision=1.1
      Accept-Encoding:
      - gzip;q=1.0,deflate;q=0.6,identity;q=0.3
  response:
    status:
      code: 201
      message: CREATED
    headers:
      Access-Control-Allow-Headers:
      - Content-Type
      Access-Control-Allow-Methods:
      - POST, OPTIONS
      Access-Control-Allow-Origin:
      - "*"
      Content-Type:
      - application/json
      Date:
      - Thu, 20 Nov 2014 18:05:20 GMT
      Server:
      - ngx_openresty/1.2.6.3
      X-Balanced-Guru:
      - OHMca49ac7c70df11e49f9802a1fe53e539
      X-Balanced-Host:
      - bapi-integration-prod-8u30f7-10-3-5-17
      X-Balanced-Marketplace:
      - TEST-MP25WywsPx8EeGEUdXq7NHPH
      X-Balanced-Merchant:
      - TEST-MR25szSXTcDDLogl9uXOlFKV
      X-Balanced-Revision:
      - '1.1'
      X-Balanced-Software-Build:
      - 1.10.5
      X-Midlr-Version:
      - '2'
      X-Newrelic-App-Data:
      - PxQFWFNXCQYTUllWAgAAU0YdFhE1AwE2QgNWEVlbQFtcCxYxSBVbDQoZVA4IF0pcXAgEEBhTVggPbldQAQkWDEQRFgFKXVVGVkcVQQFNE1JKAgNRUVoMCgRQVlQEAA9VUh0WAVBQT0ISAFtSAAwBUwUGCgJQVAMDUBQbQQACVEBVOQ==
      Content-Length:
      - '1291'
      Connection:
      - keep-alive
    body:
      encoding: UTF-8
      string: |-
        {
          "bank_accounts": [
            {
              "routing_number": "021000021",
              "bank_name": "JPMORGAN CHASE BANK",
              "account_type": "checking",
              "name": "Johann Bernoulli",
              "links": {
                "customer": null,
                "bank_account_verification": null
              },
              "can_credit": true,
              "created_at": "2014-11-20T18:06:06.412829Z",
              "fingerprint": "2ef53fa3f76e47c5930f77fe0a59aa103b5abfd5622f08305b786808ec574a1e",
              "updated_at": "2014-11-20T18:06:06.412832Z",
              "href": "/bank_accounts/BA6a9GYznW7MyS1lKdKV7ABy",
              "meta": {},
              "account_number": "xxxxxx0002",
              "address": {
                "city": null,
                "line2": null,
                "line1": null,
                "state": null,
                "postal_code": null,
                "country_code": null
              },
              "can_debit": false,
              "id": "BA6a9GYznW7MyS1lKdKV7ABy"
            }
          ],
          "links": {
            "bank_accounts.credits": "/bank_accounts/{bank_accounts.id}/credits",
            "bank_accounts.bank_account_verifications": "/bank_accounts/{bank_accounts.id}/verifications",
            "bank_accounts.customer": "/customers/{bank_accounts.customer}",
            "bank_accounts.debits": "/bank_accounts/{bank_accounts.id}/debits",
            "bank_accounts.bank_account_verification": "/verifications/{bank_accounts.bank_account_verification}"
          }
        }
    http_version: 
  recorded_at: Thu, 20 Nov 2014 18:05:21 GMT
- request:
    method: get
    uri: https://<BALANCED_API_KEY>:@api.balancedpayments.com/bank_accounts/BA6a9GYznW7MyS1lKdKV7ABy
    body:
      encoding: US-ASCII
      string: ''
    headers:
      User-Agent:
      - balanced-ruby/1.1.1
      Content-Type:
      - application/json;revision=1.1
      Accept:
      - application/vnd.api+json;revision=1.1
      Accept-Encoding:
      - gzip;q=1.0,deflate;q=0.6,identity;q=0.3
  response:
    status:
      code: 200
      message: OK
    headers:
      Content-Type:
      - application/json
      Date:
      - Thu, 20 Nov 2014 18:05:20 GMT
      Server:
      - ngx_openresty/1.2.6.3
      X-Balanced-Guru:
      - OHMcab8558270df11e4bc6302b12035401b
      X-Balanced-Host:
      - bapi-integration-prod-8u30f7-10-3-4-8
      X-Balanced-Marketplace:
      - TEST-MP25WywsPx8EeGEUdXq7NHPH
      X-Balanced-Merchant:
      - TEST-MR25szSXTcDDLogl9uXOlFKV
      X-Balanced-Revision:
      - '1.1'
      X-Balanced-Software-Build:
      - 1.10.5
      Content-Length:
      - '500'
      Connection:
      - keep-alive
    body:
      encoding: UTF-8
      string: |-
        {
          "bank_accounts": [
            {
              "routing_number": "021000021",
              "bank_name": "JPMORGAN CHASE BANK",
              "account_type": "checking",
              "name": "Johann Bernoulli",
              "links": {
                "customer": null,
                "bank_account_verification": null
              },
              "can_credit": true,
              "created_at": "2014-11-20T18:06:06.412829Z",
              "fingerprint": "2ef53fa3f76e47c5930f77fe0a59aa103b5abfd5622f08305b786808ec574a1e",
              "updated_at": "2014-11-20T18:06:06.412832Z",
              "href": "/bank_accounts/BA6a9GYznW7MyS1lKdKV7ABy",
              "meta": {},
              "account_number": "xxxxxx0002",
              "address": {
                "city": null,
                "line2": null,
                "line1": null,
                "state": null,
                "postal_code": null,
                "country_code": null
              },
              "can_debit": false,
              "id": "BA6a9GYznW7MyS1lKdKV7ABy"
            }
          ],
          "links": {
            "bank_accounts.credits": "/bank_accounts/{bank_accounts.id}/credits",
            "bank_accounts.bank_account_verifications": "/bank_accounts/{bank_accounts.id}/verifications",
            "bank_accounts.customer": "/customers/{bank_accounts.customer}",
            "bank_accounts.debits": "/bank_accounts/{bank_accounts.id}/debits",
            "bank_accounts.bank_account_verification": "/verifications/{bank_accounts.bank_account_verification}"
          }
        }
    http_version: 
  recorded_at: Thu, 20 Nov 2014 18:05:21 GMT
- request:
    method: post
    uri: https://<BALANCED_API_KEY>:@api.balancedpayments.com/bank_accounts/BA6a9GYznW7MyS1lKdKV7ABy/verifications
    body:
      encoding: UTF-8
      string: "{}"
    headers:
      User-Agent:
      - balanced-ruby/1.1.1
      Content-Type:
      - application/json;revision=1.1
      Accept:
      - application/vnd.api+json;revision=1.1
      Accept-Encoding:
      - gzip;q=1.0,deflate;q=0.6,identity;q=0.3
  response:
    status:
      code: 201
      message: CREATED
    headers:
      Content-Type:
      - application/json
      Date:
      - Thu, 20 Nov 2014 18:05:26 GMT
      Server:
      - ngx_openresty/1.2.6.3
      X-Balanced-Guru:
      - OHMcaeaf52870df11e4bc0006429171ffad
      X-Balanced-Host:
      - bapi-integration-prod-8u30f7-10-3-4-8
      X-Balanced-Marketplace:
      - TEST-MP25WywsPx8EeGEUdXq7NHPH
      X-Balanced-Merchant:
      - TEST-MR25szSXTcDDLogl9uXOlFKV
      X-Balanced-Revision:
      - '1.1'
      X-Balanced-Software-Build:
      - 1.10.5
      Content-Length:
      - '599'
      Connection:
      - keep-alive
    body:
      encoding: UTF-8
      string: |-
        {
          "bank_account_verifications": [
            {
              "verification_status": "pending",
              "links": {
                "bank_account": "BA6a9GYznW7MyS1lKdKV7ABy"
              },
              "href": "/verifications/BZ6glRaMxBAaD7IJIm2CWHMF",
              "created_at": "2014-11-20T18:06:11.921085Z",
              "attempts_remaining": 3,
              "updated_at": "2014-11-20T18:06:12.292471Z",
              "deposit_status": "succeeded",
              "attempts": 0,
              "meta": {},
              "id": "BZ6glRaMxBAaD7IJIm2CWHMF"
            }
          ],
          "links": {
            "bank_account_verifications.bank_account": "/bank_accounts/{bank_account_verifications.bank_account}"
          }
        }
    http_version: 
  recorded_at: Thu, 20 Nov 2014 18:05:27 GMT
- request:
    method: get
    uri: https://<BALANCED_API_KEY>:@api.balancedpayments.com/bank_accounts/BA6a9GYznW7MyS1lKdKV7ABy
    body:
      encoding: US-ASCII
      string: ''
    headers:
      User-Agent:
      - balanced-ruby/1.1.1
      Content-Type:
      - application/json;revision=1.1
      Accept:
      - application/vnd.api+json;revision=1.1
      Accept-Encoding:
      - gzip;q=1.0,deflate;q=0.6,identity;q=0.3
  response:
    status:
      code: 200
      message: OK
    headers:
      Content-Type:
      - application/json
      Date:
      - Thu, 20 Nov 2014 18:05:27 GMT
      Server:
      - ngx_openresty/1.2.6.3
      X-Balanced-Guru:
      - OHMce91365670df11e4bc6302b12035401b
      X-Balanced-Host:
      - bapi-integration-prod-8u30f7-10-3-5-17
      X-Balanced-Marketplace:
      - TEST-MP25WywsPx8EeGEUdXq7NHPH
      X-Balanced-Merchant:
      - TEST-MR25szSXTcDDLogl9uXOlFKV
      X-Balanced-Revision:
      - '1.1'
      X-Balanced-Software-Build:
      - 1.10.5
      Content-Length:
      - '524'
      Connection:
      - keep-alive
    body:
      encoding: UTF-8
      string: |-
        {
          "bank_accounts": [
            {
              "routing_number": "021000021",
              "bank_name": "JPMORGAN CHASE BANK",
              "account_type": "checking",
              "name": "Johann Bernoulli",
              "links": {
                "customer": null,
                "bank_account_verification": "BZ6glRaMxBAaD7IJIm2CWHMF"
              },
              "can_credit": true,
              "created_at": "2014-11-20T18:06:06.412829Z",
              "fingerprint": "2ef53fa3f76e47c5930f77fe0a59aa103b5abfd5622f08305b786808ec574a1e",
              "updated_at": "2014-11-20T18:06:06.412832Z",
              "href": "/bank_accounts/BA6a9GYznW7MyS1lKdKV7ABy",
              "meta": {},
              "account_number": "xxxxxx0002",
              "address": {
                "city": null,
                "line2": null,
                "line1": null,
                "state": null,
                "postal_code": null,
                "country_code": null
              },
              "can_debit": false,
              "id": "BA6a9GYznW7MyS1lKdKV7ABy"
            }
          ],
          "links": {
            "bank_accounts.credits": "/bank_accounts/{bank_accounts.id}/credits",
            "bank_accounts.bank_account_verifications": "/bank_accounts/{bank_accounts.id}/verifications",
            "bank_accounts.customer": "/customers/{bank_accounts.customer}",
            "bank_accounts.debits": "/bank_accounts/{bank_accounts.id}/debits",
            "bank_accounts.bank_account_verification": "/verifications/{bank_accounts.bank_account_verification}"
          }
        }
    http_version: 
  recorded_at: Thu, 20 Nov 2014 18:05:27 GMT
- request:
    method: get
    uri: https://<BALANCED_API_KEY>:@api.balancedpayments.com/bank_accounts/BA6a9GYznW7MyS1lKdKV7ABy
    body:
      encoding: US-ASCII
      string: ''
    headers:
      User-Agent:
      - balanced-ruby/1.1.1
      Content-Type:
      - application/json;revision=1.1
      Accept:
      - application/vnd.api+json;revision=1.1
      Accept-Encoding:
      - gzip;q=1.0,deflate;q=0.6,identity;q=0.3
  response:
    status:
      code: 200
      message: OK
    headers:
      Content-Type:
      - application/json
      Date:
      - Thu, 20 Nov 2014 18:05:27 GMT
      Server:
      - ngx_openresty/1.2.6.3
      X-Balanced-Guru:
      - OHMcecada5070df11e4bc0006429171ffad
      X-Balanced-Host:
      - bapi-integration-prod-8u30f7-10-3-4-8
      X-Balanced-Marketplace:
      - TEST-MP25WywsPx8EeGEUdXq7NHPH
      X-Balanced-Merchant:
      - TEST-MR25szSXTcDDLogl9uXOlFKV
      X-Balanced-Revision:
      - '1.1'
      X-Balanced-Software-Build:
      - 1.10.5
      Content-Length:
      - '524'
      Connection:
      - keep-alive
    body:
      encoding: UTF-8
      string: |-
        {
          "bank_accounts": [
            {
              "routing_number": "021000021",
              "bank_name": "JPMORGAN CHASE BANK",
              "account_type": "checking",
              "name": "Johann Bernoulli",
              "links": {
                "customer": null,
                "bank_account_verification": "BZ6glRaMxBAaD7IJIm2CWHMF"
              },
              "can_credit": true,
              "created_at": "2014-11-20T18:06:06.412829Z",
              "fingerprint": "2ef53fa3f76e47c5930f77fe0a59aa103b5abfd5622f08305b786808ec574a1e",
              "updated_at": "2014-11-20T18:06:06.412832Z",
              "href": "/bank_accounts/BA6a9GYznW7MyS1lKdKV7ABy",
              "meta": {},
              "account_number": "xxxxxx0002",
              "address": {
                "city": null,
                "line2": null,
                "line1": null,
                "state": null,
                "postal_code": null,
                "country_code": null
              },
              "can_debit": false,
              "id": "BA6a9GYznW7MyS1lKdKV7ABy"
            }
          ],
          "links": {
            "bank_accounts.credits": "/bank_accounts/{bank_accounts.id}/credits",
            "bank_accounts.bank_account_verifications": "/bank_accounts/{bank_accounts.id}/verifications",
            "bank_accounts.customer": "/customers/{bank_accounts.customer}",
            "bank_accounts.debits": "/bank_accounts/{bank_accounts.id}/debits",
            "bank_accounts.bank_account_verification": "/verifications/{bank_accounts.bank_account_verification}"
          }
        }
    http_version: 
  recorded_at: Thu, 20 Nov 2014 18:05:28 GMT
- request:
    method: get
    uri: https://<BALANCED_API_KEY>:@api.balancedpayments.com/verifications/BZ6glRaMxBAaD7IJIm2CWHMF
    body:
      encoding: US-ASCII
      string: ''
    headers:
      User-Agent:
      - balanced-ruby/1.1.1
      Content-Type:
      - application/json;revision=1.1
      Accept:
      - application/vnd.api+json;revision=1.1
      Accept-Encoding:
      - gzip;q=1.0,deflate;q=0.6,identity;q=0.3
  response:
    status:
      code: 200
      message: OK
    headers:
      Content-Type:
      - application/json
      Date:
      - Thu, 20 Nov 2014 18:05:28 GMT
      Server:
      - ngx_openresty/1.2.6.3
      X-Balanced-Guru:
      - OHMcefb7eee70df11e4910006429171ffad
      X-Balanced-Host:
      - bapi-integration-prod-8u30f7-10-3-4-8
      X-Balanced-Marketplace:
      - TEST-MP25WywsPx8EeGEUdXq7NHPH
      X-Balanced-Merchant:
      - TEST-MR25szSXTcDDLogl9uXOlFKV
      X-Balanced-Revision:
      - '1.1'
      X-Balanced-Software-Build:
      - 1.10.5
      Content-Length:
      - '599'
      Connection:
      - keep-alive
    body:
      encoding: UTF-8
      string: |-
        {
          "bank_account_verifications": [
            {
              "verification_status": "pending",
              "links": {
                "bank_account": "BA6a9GYznW7MyS1lKdKV7ABy"
              },
              "href": "/verifications/BZ6glRaMxBAaD7IJIm2CWHMF",
              "created_at": "2014-11-20T18:06:11.921085Z",
              "attempts_remaining": 3,
              "updated_at": "2014-11-20T18:06:12.292471Z",
              "deposit_status": "succeeded",
              "attempts": 0,
              "meta": {},
              "id": "BZ6glRaMxBAaD7IJIm2CWHMF"
            }
          ],
          "links": {
            "bank_account_verifications.bank_account": "/bank_accounts/{bank_account_verifications.bank_account}"
          }
        }
    http_version: 
  recorded_at: Thu, 20 Nov 2014 18:05:28 GMT
- request:
    method: put
    uri: https://<BALANCED_API_KEY>:@api.balancedpayments.com/verifications/BZ6glRaMxBAaD7IJIm2CWHMF
    body:
      encoding: UTF-8
      string: '{"verification_status":"pending","links":{"bank_account":"BA6a9GYznW7MyS1lKdKV7ABy"},"created_at":"2014-11-20T18:06:11.921085Z","attempts_remaining":3,"updated_at":"2014-11-20T18:06:12.292471Z","deposit_status":"succeeded","attempts":0,"meta":{},"id":"BZ6glRaMxBAaD7IJIm2CWHMF","amount_1":"1","amount_2":"1"}'
    headers:
      User-Agent:
      - balanced-ruby/1.1.1
      Content-Type:
      - application/json;revision=1.1
      Accept:
      - application/vnd.api+json;revision=1.1
      Accept-Encoding:
      - gzip;q=1.0,deflate;q=0.6,identity;q=0.3
  response:
    status:
      code: 200
      message: OK
    headers:
      Content-Type:
      - application/json
      Date:
      - Thu, 20 Nov 2014 18:05:28 GMT
      Server:
      - ngx_openresty/1.2.6.3
      X-Balanced-Guru:
      - OHMcf2e17a070df11e4910006429171ffad
      X-Balanced-Host:
      - bapi-integration-prod-8u30f7-10-3-5-17
      X-Balanced-Marketplace:
      - TEST-MP25WywsPx8EeGEUdXq7NHPH
      X-Balanced-Merchant:
      - TEST-MR25szSXTcDDLogl9uXOlFKV
      X-Balanced-Revision:
      - '1.1'
      X-Balanced-Software-Build:
      - 1.10.5
      Content-Length:
      - '601'
      Connection:
      - keep-alive
    body:
      encoding: UTF-8
      string: |-
        {
          "bank_account_verifications": [
            {
              "verification_status": "succeeded",
              "links": {
                "bank_account": "BA6a9GYznW7MyS1lKdKV7ABy"
              },
              "href": "/verifications/BZ6glRaMxBAaD7IJIm2CWHMF",
              "created_at": "2014-11-20T18:06:11.921085Z",
              "attempts_remaining": 2,
              "updated_at": "2014-11-20T18:06:14.331035Z",
              "deposit_status": "succeeded",
              "attempts": 1,
              "meta": {},
              "id": "BZ6glRaMxBAaD7IJIm2CWHMF"
            }
          ],
          "links": {
            "bank_account_verifications.bank_account": "/bank_accounts/{bank_account_verifications.bank_account}"
          }
        }
    http_version: 
  recorded_at: Thu, 20 Nov 2014 18:05:29 GMT
- request:
    method: get
    uri: https://<BALANCED_API_KEY>:@api.balancedpayments.com/bank_accounts/BA6a9GYznW7MyS1lKdKV7ABy
    body:
      encoding: US-ASCII
      string: ''
    headers:
      User-Agent:
      - balanced-ruby/1.1.1
      Content-Type:
      - application/json;revision=1.1
      Accept:
      - application/vnd.api+json;revision=1.1
      Accept-Encoding:
      - gzip;q=1.0,deflate;q=0.6,identity;q=0.3
  response:
    status:
      code: 200
      message: OK
    headers:
      Content-Type:
      - application/json
      Date:
      - Thu, 20 Nov 2014 18:05:28 GMT
      Server:
      - ngx_openresty/1.2.6.3
      X-Balanced-Guru:
      - OHMcf7bb2a870df11e4bc0006429171ffad
      X-Balanced-Host:
      - bapi-integration-prod-8u30f7-10-3-5-17
      X-Balanced-Marketplace:
      - TEST-MP25WywsPx8EeGEUdXq7NHPH
      X-Balanced-Merchant:
      - TEST-MR25szSXTcDDLogl9uXOlFKV
      X-Balanced-Revision:
      - '1.1'
      X-Balanced-Software-Build:
      - 1.10.5
      Content-Length:
      - '523'
      Connection:
      - keep-alive
    body:
      encoding: UTF-8
      string: |-
        {
          "bank_accounts": [
            {
              "routing_number": "021000021",
              "bank_name": "JPMORGAN CHASE BANK",
              "account_type": "checking",
              "name": "Johann Bernoulli",
              "links": {
                "customer": null,
                "bank_account_verification": "BZ6glRaMxBAaD7IJIm2CWHMF"
              },
              "can_credit": true,
              "created_at": "2014-11-20T18:06:06.412829Z",
              "fingerprint": "2ef53fa3f76e47c5930f77fe0a59aa103b5abfd5622f08305b786808ec574a1e",
              "updated_at": "2014-11-20T18:06:14.321710Z",
              "href": "/bank_accounts/BA6a9GYznW7MyS1lKdKV7ABy",
              "meta": {},
              "account_number": "xxxxxx0002",
              "address": {
                "city": null,
                "line2": null,
                "line1": null,
                "state": null,
                "postal_code": null,
                "country_code": null
              },
              "can_debit": true,
              "id": "BA6a9GYznW7MyS1lKdKV7ABy"
            }
          ],
          "links": {
            "bank_accounts.credits": "/bank_accounts/{bank_accounts.id}/credits",
            "bank_accounts.bank_account_verifications": "/bank_accounts/{bank_accounts.id}/verifications",
            "bank_accounts.customer": "/customers/{bank_accounts.customer}",
            "bank_accounts.debits": "/bank_accounts/{bank_accounts.id}/debits",
            "bank_accounts.bank_account_verification": "/verifications/{bank_accounts.bank_account_verification}"
          }
        }
    http_version: 
  recorded_at: Thu, 20 Nov 2014 18:05:29 GMT
- request:
    method: post
    uri: https://<BALANCED_API_KEY>:@api.balancedpayments.com/bank_accounts/BA6a9GYznW7MyS1lKdKV7ABy/debits
    body:
      encoding: UTF-8
      string: '{"amount":1,"appears_on_statement_as":"Epicodus tuition"}'
    headers:
      User-Agent:
      - balanced-ruby/1.1.1
      Content-Type:
      - application/json;revision=1.1
      Accept:
      - application/vnd.api+json;revision=1.1
      Accept-Encoding:
      - gzip;q=1.0,deflate;q=0.6,identity;q=0.3
  response:
    status:
      code: 201
      message: CREATED
    headers:
      Content-Type:
      - application/json
      Date:
      - Thu, 20 Nov 2014 18:05:29 GMT
      Server:
      - ngx_openresty/1.2.6.3
      X-Balanced-Guru:
      - OHMcfac34f070df11e4910006429171ffad
      X-Balanced-Host:
      - bapi-integration-prod-8u30f7-10-3-5-17
      X-Balanced-Marketplace:
      - TEST-MP25WywsPx8EeGEUdXq7NHPH
      X-Balanced-Merchant:
      - TEST-MR25szSXTcDDLogl9uXOlFKV
      X-Balanced-Revision:
      - '1.1'
      X-Balanced-Software-Build:
      - 1.10.5
      Content-Length:
      - '1059'
      Connection:
      - keep-alive
    body:
      encoding: UTF-8
      string: |-
        {
          "debits": [
            {
              "status": "succeeded",
              "description": null,
              "links": {
                "customer": null,
                "source": "BA6a9GYznW7MyS1lKdKV7ABy",
                "card_hold": null,
                "order": null,
                "dispute": null
              },
              "updated_at": "2014-11-20T18:06:15.509379Z",
              "created_at": "2014-11-20T18:06:15.111662Z",
              "transaction_number": "WH3Q-ZO1-6QFY",
              "failure_reason": null,
              "currency": "USD",
              "amount": 1,
              "failure_reason_code": null,
              "meta": {},
              "href": "/debits/WD6jWkxpeln1LLLv1wvxEKuk",
              "appears_on_statement_as": "BAL*Epicodus tuition",
              "id": "WD6jWkxpeln1LLLv1wvxEKuk"
            }
          ],
          "links": {
            "debits.customer": "/customers/{debits.customer}",
            "debits.order": "/orders/{debits.order}",
            "debits.dispute": "/disputes/{debits.dispute}",
            "debits.source": "/resources/{debits.source}",
            "debits.events": "/debits/{debits.id}/events",
            "debits.refunds": "/debits/{debits.id}/refunds",
            "debits.card_hold": "/holds/{debits.card_hold}"
          }
        }
    http_version: 
  recorded_at: Thu, 20 Nov 2014 18:05:30 GMT
- request:
    method: post
    uri: https://api:<MAILGUN_API_KEY>@api.mailgun.net/v2/epicodus.com/messages
    body:
      encoding: US-ASCII
      string: from=michael%40epicodus.com&to=student1%40example.com&bcc=michael%40epicodus.com&subject=Epicodus%20tuition%20payment%20receipt&text=Hi%20Example%20Brown%201.%20This%20is%20to%20confirm%20your%20payment%20of%20%240.01%20for%20Epicodus%20tuition.%20If%20you%20have%20any%20questions%2C%20reply%20to%20this%20email.%20Thanks!
    headers:
      Accept:
      - "*/*; q=0.5, application/xml"
      Accept-Encoding:
      - gzip, deflate
      Content-Length:
      - '323'
      Content-Type:
      - application/x-www-form-urlencoded
      User-Agent:
      - Ruby
  response:
    status:
      code: 200
      message: OK
    headers:
      Server:
      - nginx/1.4.7
      Date:
      - Thu, 20 Nov 2014 18:05:30 GMT
      Content-Type:
      - application/json
      Content-Length:
      - '91'
      Connection:
      - keep-alive
      Content-Disposition:
      - inline
      Access-Control-Allow-Origin:
      - "*"
      Access-Control-Max-Age:
      - '600'
      Access-Control-Allow-Methods:
      - GET, POST, PUT, DELETE, OPTIONS
      Access-Control-Allow-Headers:
      - Content-Type, x-requested-with
    body:
      encoding: UTF-8
      string: |-
        {
          "message": "Queued. Thank you.",
          "id": "<20141120180530.130925.21566@epicodus.com>"
        }
    http_version: 
  recorded_at: Thu, 20 Nov 2014 18:05:30 GMT
recorded_with: VCR 2.9.3
