---
http_interactions:
- request:
    method: post
    uri: https://<BALANCED_API_KEY>:@api.balancedpayments.com/bank_accounts
    body:
      encoding: UTF-8
      string: '{"account_number":"9900000002","account_type":"checking","name":"Johann
        Bernoulli","routing_number":"021000021"}'
    headers:
      User-Agent:
      - balanced-ruby/1.1.1
      Content-Type:
      - application/json;revision=1.1
      Accept:
      - application/vnd.api+json;revision=1.1
      Accept-Encoding:
      - gzip;q=1.0,deflate;q=0.6,identity;q=0.3
  response:
    status:
      code: 201
      message: CREATED
    headers:
      Access-Control-Allow-Headers:
      - Content-Type
      Access-Control-Allow-Methods:
      - POST, OPTIONS
      Access-Control-Allow-Origin:
      - "*"
      Content-Type:
      - application/json
      Date:
      - Tue, 21 Oct 2014 18:06:38 GMT
      Server:
      - ngx_openresty/1.2.6.3
      X-Balanced-Guru:
      - OHM005e2a54594d11e4b68802a1fe52a36c
      X-Balanced-Host:
      - bapi-integration-prod-8u30f7-10-3-5-17
      X-Balanced-Marketplace:
      - TEST-MP25WywsPx8EeGEUdXq7NHPH
      X-Balanced-Merchant:
      - TEST-MR25szSXTcDDLogl9uXOlFKV
      X-Balanced-Revision:
      - '1.1'
      X-Balanced-Software-Build:
      - 1.8.30
      X-Midlr-Version:
      - '2'
      X-Newrelic-App-Data:
      - PxQFWFNXCQYTUllWAgAAU0YdFhE1AwE2QgNWEVlbQFtcCxYxSBVbDQoZVA4IF0pcXAgEEBhTVggPbldQAQkWDEQRFgFKXVVGVkcVQQFNE1JKBA9YVFYJCwBQUlcGCQdQUgUaE1BUVU4QQABSCApXAAABClEEVVdQU1UVTUYFWV9DATw=
      Content-Length:
      - '1289'
      Connection:
      - keep-alive
    body:
      encoding: UTF-8
      string: |-
        {
          "bank_accounts": [
            {
              "routing_number": "021000021",
              "bank_name": "JPMORGAN CHASE BANK",
              "account_type": "checking",
              "name": "Johann Bernoulli",
              "links": {
                "customer": null,
                "bank_account_verification": null
              },
              "can_credit": true,
              "created_at": "2014-10-21T18:06:38.419500Z",
              "fingerprint": "2ef53fa3f76e47c5930f77fe0a59aa103b5abfd5622f08305b786808ec574a1e",
              "updated_at": "2014-10-21T18:06:38.419502Z",
              "href": "/bank_accounts/BA100sRrUNca4TezA8oduXC",
              "meta": {},
              "account_number": "xxxxxx0002",
              "address": {
                "city": null,
                "line2": null,
                "line1": null,
                "state": null,
                "postal_code": null,
                "country_code": null
              },
              "can_debit": false,
              "id": "BA100sRrUNca4TezA8oduXC"
            }
          ],
          "links": {
            "bank_accounts.credits": "/bank_accounts/{bank_accounts.id}/credits",
            "bank_accounts.bank_account_verifications": "/bank_accounts/{bank_accounts.id}/verifications",
            "bank_accounts.customer": "/customers/{bank_accounts.customer}",
            "bank_accounts.debits": "/bank_accounts/{bank_accounts.id}/debits",
            "bank_accounts.bank_account_verification": "/verifications/{bank_accounts.bank_account_verification}"
          }
        }
    http_version: 
  recorded_at: Tue, 21 Oct 2014 18:06:41 GMT
- request:
    method: get
    uri: https://<BALANCED_API_KEY>:@api.balancedpayments.com/bank_accounts/BA100sRrUNca4TezA8oduXC
    body:
      encoding: US-ASCII
      string: ''
    headers:
      User-Agent:
      - balanced-ruby/1.1.1
      Content-Type:
      - application/json;revision=1.1
      Accept:
      - application/vnd.api+json;revision=1.1
      Accept-Encoding:
      - gzip;q=1.0,deflate;q=0.6,identity;q=0.3
  response:
    status:
      code: 200
      message: OK
    headers:
      Content-Type:
      - application/json
      Date:
      - Tue, 21 Oct 2014 18:06:39 GMT
      Server:
      - ngx_openresty/1.2.6.3
      X-Balanced-Guru:
      - OHM0150b134594d11e4a09f02b12035401b
      X-Balanced-Host:
      - bapi-integration-prod-8u30f7-10-3-5-17
      X-Balanced-Marketplace:
      - TEST-MP25WywsPx8EeGEUdXq7NHPH
      X-Balanced-Merchant:
      - TEST-MR25szSXTcDDLogl9uXOlFKV
      X-Balanced-Revision:
      - '1.1'
      X-Balanced-Software-Build:
      - 1.8.30
      Content-Length:
      - '497'
      Connection:
      - keep-alive
    body:
      encoding: UTF-8
      string: |-
        {
          "bank_accounts": [
            {
              "routing_number": "021000021",
              "bank_name": "JPMORGAN CHASE BANK",
              "account_type": "checking",
              "name": "Johann Bernoulli",
              "links": {
                "customer": null,
                "bank_account_verification": null
              },
              "can_credit": true,
              "created_at": "2014-10-21T18:06:38.419500Z",
              "fingerprint": "2ef53fa3f76e47c5930f77fe0a59aa103b5abfd5622f08305b786808ec574a1e",
              "updated_at": "2014-10-21T18:06:38.419502Z",
              "href": "/bank_accounts/BA100sRrUNca4TezA8oduXC",
              "meta": {},
              "account_number": "xxxxxx0002",
              "address": {
                "city": null,
                "line2": null,
                "line1": null,
                "state": null,
                "postal_code": null,
                "country_code": null
              },
              "can_debit": false,
              "id": "BA100sRrUNca4TezA8oduXC"
            }
          ],
          "links": {
            "bank_accounts.credits": "/bank_accounts/{bank_accounts.id}/credits",
            "bank_accounts.bank_account_verifications": "/bank_accounts/{bank_accounts.id}/verifications",
            "bank_accounts.customer": "/customers/{bank_accounts.customer}",
            "bank_accounts.debits": "/bank_accounts/{bank_accounts.id}/debits",
            "bank_accounts.bank_account_verification": "/verifications/{bank_accounts.bank_account_verification}"
          }
        }
    http_version: 
  recorded_at: Tue, 21 Oct 2014 18:06:42 GMT
- request:
    method: post
    uri: https://<BALANCED_API_KEY>:@api.balancedpayments.com/bank_accounts/BA100sRrUNca4TezA8oduXC/verifications
    body:
      encoding: UTF-8
      string: "{}"
    headers:
      User-Agent:
      - balanced-ruby/1.1.1
      Content-Type:
      - application/json;revision=1.1
      Accept:
      - application/vnd.api+json;revision=1.1
      Accept-Encoding:
      - gzip;q=1.0,deflate;q=0.6,identity;q=0.3
  response:
    status:
      code: 201
      message: CREATED
    headers:
      Content-Type:
      - application/json
      Date:
      - Tue, 21 Oct 2014 18:06:50 GMT
      Server:
      - ngx_openresty/1.2.6.3
      X-Balanced-Guru:
      - OHM01a783f6594d11e4a0ee06429171ffad
      X-Balanced-Host:
      - bapi-integration-prod-8u30f7-10-3-5-17
      X-Balanced-Marketplace:
      - TEST-MP25WywsPx8EeGEUdXq7NHPH
      X-Balanced-Merchant:
      - TEST-MR25szSXTcDDLogl9uXOlFKV
      X-Balanced-Revision:
      - '1.1'
      X-Balanced-Software-Build:
      - 1.8.30
      Content-Length:
      - '596'
      Connection:
      - keep-alive
    body:
      encoding: UTF-8
      string: |-
        {
          "bank_account_verifications": [
            {
              "verification_status": "pending",
              "links": {
                "bank_account": "BA100sRrUNca4TezA8oduXC"
              },
              "href": "/verifications/BZencB3C46vcdQp6qsi8HNm",
              "created_at": "2014-10-21T18:06:50.308725Z",
              "attempts_remaining": 3,
              "updated_at": "2014-10-21T18:06:50.598976Z",
              "deposit_status": "succeeded",
              "attempts": 0,
              "meta": {},
              "id": "BZencB3C46vcdQp6qsi8HNm"
            }
          ],
          "links": {
            "bank_account_verifications.bank_account": "/bank_accounts/{bank_account_verifications.bank_account}"
          }
        }
    http_version: 
  recorded_at: Tue, 21 Oct 2014 18:06:53 GMT
- request:
    method: get
    uri: https://<BALANCED_API_KEY>:@api.balancedpayments.com/bank_accounts/BA100sRrUNca4TezA8oduXC
    body:
      encoding: US-ASCII
      string: ''
    headers:
      User-Agent:
      - balanced-ruby/1.1.1
      Content-Type:
      - application/json;revision=1.1
      Accept:
      - application/vnd.api+json;revision=1.1
      Accept-Encoding:
      - gzip;q=1.0,deflate;q=0.6,identity;q=0.3
  response:
    status:
      code: 200
      message: OK
    headers:
      Content-Type:
      - application/json
      Date:
      - Tue, 21 Oct 2014 18:06:51 GMT
      Server:
      - ngx_openresty/1.2.6.3
      X-Balanced-Guru:
      - OHM0849946a594d11e4b1cd06429171ffad
      X-Balanced-Host:
      - bapi-integration-prod-8u30f7-10-3-5-17
      X-Balanced-Marketplace:
      - TEST-MP25WywsPx8EeGEUdXq7NHPH
      X-Balanced-Merchant:
      - TEST-MR25szSXTcDDLogl9uXOlFKV
      X-Balanced-Revision:
      - '1.1'
      X-Balanced-Software-Build:
      - 1.8.30
      Content-Length:
      - '516'
      Connection:
      - keep-alive
    body:
      encoding: UTF-8
      string: |-
        {
          "bank_accounts": [
            {
              "routing_number": "021000021",
              "bank_name": "JPMORGAN CHASE BANK",
              "account_type": "checking",
              "name": "Johann Bernoulli",
              "links": {
                "customer": null,
                "bank_account_verification": "BZencB3C46vcdQp6qsi8HNm"
              },
              "can_credit": true,
              "created_at": "2014-10-21T18:06:38.419500Z",
              "fingerprint": "2ef53fa3f76e47c5930f77fe0a59aa103b5abfd5622f08305b786808ec574a1e",
              "updated_at": "2014-10-21T18:06:38.419502Z",
              "href": "/bank_accounts/BA100sRrUNca4TezA8oduXC",
              "meta": {},
              "account_number": "xxxxxx0002",
              "address": {
                "city": null,
                "line2": null,
                "line1": null,
                "state": null,
                "postal_code": null,
                "country_code": null
              },
              "can_debit": false,
              "id": "BA100sRrUNca4TezA8oduXC"
            }
          ],
          "links": {
            "bank_accounts.credits": "/bank_accounts/{bank_accounts.id}/credits",
            "bank_accounts.bank_account_verifications": "/bank_accounts/{bank_accounts.id}/verifications",
            "bank_accounts.customer": "/customers/{bank_accounts.customer}",
            "bank_accounts.debits": "/bank_accounts/{bank_accounts.id}/debits",
            "bank_accounts.bank_account_verification": "/verifications/{bank_accounts.bank_account_verification}"
          }
        }
    http_version: 
  recorded_at: Tue, 21 Oct 2014 18:06:53 GMT
- request:
    method: get
    uri: https://<BALANCED_API_KEY>:@api.balancedpayments.com/verifications/BZencB3C46vcdQp6qsi8HNm
    body:
      encoding: US-ASCII
      string: ''
    headers:
      User-Agent:
      - balanced-ruby/1.1.1
      Content-Type:
      - application/json;revision=1.1
      Accept:
      - application/vnd.api+json;revision=1.1
      Accept-Encoding:
      - gzip;q=1.0,deflate;q=0.6,identity;q=0.3
  response:
    status:
      code: 200
      message: OK
    headers:
      Content-Type:
      - application/json
      Date:
      - Tue, 21 Oct 2014 18:06:51 GMT
      Server:
      - ngx_openresty/1.2.6.3
      X-Balanced-Guru:
      - OHM088f32fe594d11e4b7f006429171ffad
      X-Balanced-Host:
      - bapi-integration-prod-8u30f7-10-3-4-8
      X-Balanced-Marketplace:
      - TEST-MP25WywsPx8EeGEUdXq7NHPH
      X-Balanced-Merchant:
      - TEST-MR25szSXTcDDLogl9uXOlFKV
      X-Balanced-Revision:
      - '1.1'
      X-Balanced-Software-Build:
      - 1.8.30
      Content-Length:
      - '596'
      Connection:
      - keep-alive
    body:
      encoding: UTF-8
      string: |-
        {
          "bank_account_verifications": [
            {
              "verification_status": "pending",
              "links": {
                "bank_account": "BA100sRrUNca4TezA8oduXC"
              },
              "href": "/verifications/BZencB3C46vcdQp6qsi8HNm",
              "created_at": "2014-10-21T18:06:50.308725Z",
              "attempts_remaining": 3,
              "updated_at": "2014-10-21T18:06:50.598976Z",
              "deposit_status": "succeeded",
              "attempts": 0,
              "meta": {},
              "id": "BZencB3C46vcdQp6qsi8HNm"
            }
          ],
          "links": {
            "bank_account_verifications.bank_account": "/bank_accounts/{bank_account_verifications.bank_account}"
          }
        }
    http_version: 
  recorded_at: Tue, 21 Oct 2014 18:06:54 GMT
- request:
    method: put
    uri: https://<BALANCED_API_KEY>:@api.balancedpayments.com/verifications/BZencB3C46vcdQp6qsi8HNm
    body:
      encoding: UTF-8
      string: '{"verification_status":"pending","links":{"bank_account":"BA100sRrUNca4TezA8oduXC"},"created_at":"2014-10-21T18:06:50.308725Z","attempts_remaining":3,"updated_at":"2014-10-21T18:06:50.598976Z","deposit_status":"succeeded","attempts":0,"meta":{},"id":"BZencB3C46vcdQp6qsi8HNm","amount_1":"1","amount_2":"2"}'
    headers:
      User-Agent:
      - balanced-ruby/1.1.1
      Content-Type:
      - application/json;revision=1.1
      Accept:
      - application/vnd.api+json;revision=1.1
      Accept-Encoding:
      - gzip;q=1.0,deflate;q=0.6,identity;q=0.3
  response:
    status:
      code: 409
      message: CONFLICT
    headers:
      Content-Type:
      - application/json
      Date:
      - Tue, 21 Oct 2014 18:06:53 GMT
      Server:
      - ngx_openresty/1.2.6.3
      X-Balanced-Guru:
      - OHM0969f632594d11e4bdff02b12035401b
      X-Balanced-Host:
      - bapi-integration-prod-8u30f7-10-3-4-8
      X-Balanced-Marketplace:
      - TEST-MP25WywsPx8EeGEUdXq7NHPH
      X-Balanced-Merchant:
      - TEST-MR25szSXTcDDLogl9uXOlFKV
      X-Balanced-Revision:
      - '1.1'
      X-Balanced-Software-Build:
      - 1.8.30
      Content-Length:
      - '403'
      Connection:
      - keep-alive
    body:
      encoding: UTF-8
      string: |-
        {
          "errors": [
            {
              "status": "Conflict",
              "category_code": "bank-account-authentication-failed",
              "additional": null,
              "status_code": 409,
              "category_type": "logical",
              "extras": {},
              "request_id": "OHM0969f632594d11e4bdff02b12035401b",
              "description": "Authentication amounts do not match. Your request id is OHM0969f632594d11e4bdff02b12035401b."
            }
          ]
        }
    http_version: 
  recorded_at: Tue, 21 Oct 2014 18:06:55 GMT
recorded_with: VCR 2.9.3
