---
http_interactions:
- request:
    method: post
    uri: https://<BALANCED_API_KEY>:@api.balancedpayments.com/bank_accounts
    body:
      encoding: UTF-8
      string: '{"account_number":"9900000002","account_type":"checking","name":"Johann
        Bernoulli","routing_number":"021000021"}'
    headers:
      User-Agent:
      - balanced-ruby/1.1.0
      Content-Type:
      - application/json;revision=1.1
      Accept:
      - application/vnd.api+json;revision=1.1
      Accept-Encoding:
      - gzip;q=1.0,deflate;q=0.6,identity;q=0.3
  response:
    status:
      code: 201
      message: CREATED
    headers:
      Access-Control-Allow-Headers:
      - Content-Type
      Access-Control-Allow-Methods:
      - POST, OPTIONS
      Access-Control-Allow-Origin:
      - '*'
      Content-Type:
      - application/json
      Date:
      - Tue, 22 Jul 2014 23:36:06 GMT
      Server:
      - ngx_openresty/1.2.6.3
      X-Balanced-Guru:
      - OHMf2e5c6d411f811e4a82802a1fe52a36c
      X-Balanced-Host:
      - bapi-integration-prod-8u30f7-10-3-4-8
      X-Balanced-Marketplace:
      - TEST-MP1mjbKr3ZseFeWrJb4R03lj
      X-Balanced-Merchant:
      - TEST-MR1lb6D220PWeBKNmZs46597
      X-Balanced-Revision:
      - '1.1'
      X-Balanced-Software-Build:
      - 1.2.90
      X-Midlr-Version:
      - '2'
      X-Newrelic-App-Data:
      - PxQFWFNXCQYTUllWAgAAU0YdFhE1AwE2QgNWEVlbQFtcCxYxSBVbDQoZVA4IF0pcXAgEEBhTVggPbldQAQkWDEQRFgFKXVVGVkcVQQFNE1JKAQVVUlsMCgJUVFIGBgdfSBEEAVRKQ0BTVQgDDg0EVFdRCgcHUgYGRhoXBwcPS1Zt
      Content-Length:
      - '1291'
      Connection:
      - keep-alive
    body:
      encoding: UTF-8
      string: |-
        {
          "bank_accounts": [
            {
              "routing_number": "021000021",
              "bank_name": "JPMORGAN CHASE BANK",
              "account_type": "checking",
              "name": "Johann Bernoulli",
              "links": {
                "customer": null,
                "bank_account_verification": null
              },
              "can_credit": true,
              "created_at": "2014-07-22T23:36:06.025863Z",
              "fingerprint": "2ef53fa3f76e47c5930f77fe0a59aa103b5abfd5622f08305b786808ec574a1e",
              "updated_at": "2014-07-22T23:36:06.025867Z",
              "href": "/bank_accounts/BA7pbq6XbtiO9t0tTk601f9z",
              "meta": {},
              "account_number": "xxxxxx0002",
              "address": {
                "city": null,
                "line2": null,
                "line1": null,
                "state": null,
                "postal_code": null,
                "country_code": null
              },
              "can_debit": false,
              "id": "BA7pbq6XbtiO9t0tTk601f9z"
            }
          ],
          "links": {
            "bank_accounts.credits": "/bank_accounts/{bank_accounts.id}/credits",
            "bank_accounts.bank_account_verifications": "/bank_accounts/{bank_accounts.id}/verifications",
            "bank_accounts.customer": "/customers/{bank_accounts.customer}",
            "bank_accounts.debits": "/bank_accounts/{bank_accounts.id}/debits",
            "bank_accounts.bank_account_verification": "/verifications/{bank_accounts.bank_account_verification}"
          }
        }
    http_version: 
  recorded_at: Tue, 22 Jul 2014 23:36:06 GMT
- request:
    method: get
    uri: https://<BALANCED_API_KEY>:@api.balancedpayments.com/bank_accounts/BA7pbq6XbtiO9t0tTk601f9z
    body:
      encoding: US-ASCII
      string: ''
    headers:
      User-Agent:
      - balanced-ruby/1.1.0
      Content-Type:
      - application/json;revision=1.1
      Accept:
      - application/vnd.api+json;revision=1.1
      Accept-Encoding:
      - gzip;q=1.0,deflate;q=0.6,identity;q=0.3
  response:
    status:
      code: 200
      message: OK
    headers:
      Content-Type:
      - application/json
      Date:
      - Tue, 22 Jul 2014 23:36:06 GMT
      Server:
      - ngx_openresty/1.2.6.3
      X-Balanced-Guru:
      - OHMf39d97c811f811e48ad106429171ffad
      X-Balanced-Host:
      - bapi-integration-prod-8u30f7-10-3-4-8
      X-Balanced-Marketplace:
      - TEST-MP1mjbKr3ZseFeWrJb4R03lj
      X-Balanced-Merchant:
      - TEST-MR1lb6D220PWeBKNmZs46597
      X-Balanced-Revision:
      - '1.1'
      X-Balanced-Software-Build:
      - 1.2.90
      Content-Length:
      - '497'
      Connection:
      - keep-alive
    body:
      encoding: UTF-8
      string: |-
        {
          "bank_accounts": [
            {
              "routing_number": "021000021",
              "bank_name": "JPMORGAN CHASE BANK",
              "account_type": "checking",
              "name": "Johann Bernoulli",
              "links": {
                "customer": null,
                "bank_account_verification": null
              },
              "can_credit": true,
              "created_at": "2014-07-22T23:36:06.025863Z",
              "fingerprint": "2ef53fa3f76e47c5930f77fe0a59aa103b5abfd5622f08305b786808ec574a1e",
              "updated_at": "2014-07-22T23:36:06.025867Z",
              "href": "/bank_accounts/BA7pbq6XbtiO9t0tTk601f9z",
              "meta": {},
              "account_number": "xxxxxx0002",
              "address": {
                "city": null,
                "line2": null,
                "line1": null,
                "state": null,
                "postal_code": null,
                "country_code": null
              },
              "can_debit": false,
              "id": "BA7pbq6XbtiO9t0tTk601f9z"
            }
          ],
          "links": {
            "bank_accounts.credits": "/bank_accounts/{bank_accounts.id}/credits",
            "bank_accounts.bank_account_verifications": "/bank_accounts/{bank_accounts.id}/verifications",
            "bank_accounts.customer": "/customers/{bank_accounts.customer}",
            "bank_accounts.debits": "/bank_accounts/{bank_accounts.id}/debits",
            "bank_accounts.bank_account_verification": "/verifications/{bank_accounts.bank_account_verification}"
          }
        }
    http_version: 
  recorded_at: Tue, 22 Jul 2014 23:36:06 GMT
- request:
    method: post
    uri: https://<BALANCED_API_KEY>:@api.balancedpayments.com/bank_accounts/BA7pbq6XbtiO9t0tTk601f9z/verifications
    body:
      encoding: UTF-8
      string: '{}'
    headers:
      User-Agent:
      - balanced-ruby/1.1.0
      Content-Type:
      - application/json;revision=1.1
      Accept:
      - application/vnd.api+json;revision=1.1
      Accept-Encoding:
      - gzip;q=1.0,deflate;q=0.6,identity;q=0.3
  response:
    status:
      code: 201
      message: CREATED
    headers:
      Content-Type:
      - application/json
      Date:
      - Tue, 22 Jul 2014 23:36:16 GMT
      Server:
      - ngx_openresty/1.2.6.3
      X-Balanced-Guru:
      - OHMf3fad72611f811e4a4e806429171ffad
      X-Balanced-Host:
      - bapi-integration-prod-8u30f7-10-3-5-201
      X-Balanced-Marketplace:
      - TEST-MP1mjbKr3ZseFeWrJb4R03lj
      X-Balanced-Merchant:
      - TEST-MR1lb6D220PWeBKNmZs46597
      X-Balanced-Revision:
      - '1.1'
      X-Balanced-Software-Build:
      - 1.2.90
      Content-Length:
      - '599'
      Connection:
      - keep-alive
    body:
      encoding: UTF-8
      string: |-
        {
          "bank_account_verifications": [
            {
              "verification_status": "pending",
              "links": {
                "bank_account": "BA7pbq6XbtiO9t0tTk601f9z"
              },
              "href": "/verifications/BZ7AlVLx7bwUuiN8K3dd4xIt",
              "created_at": "2014-07-22T23:36:15.947944Z",
              "attempts_remaining": 3,
              "updated_at": "2014-07-22T23:36:16.331737Z",
              "deposit_status": "succeeded",
              "attempts": 0,
              "meta": {},
              "id": "BZ7AlVLx7bwUuiN8K3dd4xIt"
            }
          ],
          "links": {
            "bank_account_verifications.bank_account": "/bank_accounts/{bank_account_verifications.bank_account}"
          }
        }
    http_version: 
  recorded_at: Tue, 22 Jul 2014 23:36:16 GMT
- request:
    method: get
    uri: https://<BALANCED_API_KEY>:@api.balancedpayments.com/bank_accounts/BA7pbq6XbtiO9t0tTk601f9z
    body:
      encoding: US-ASCII
      string: ''
    headers:
      User-Agent:
      - balanced-ruby/1.1.0
      Content-Type:
      - application/json;revision=1.1
      Accept:
      - application/vnd.api+json;revision=1.1
      Accept-Encoding:
      - gzip;q=1.0,deflate;q=0.6,identity;q=0.3
  response:
    status:
      code: 200
      message: OK
    headers:
      Content-Type:
      - application/json
      Date:
      - Tue, 22 Jul 2014 23:36:17 GMT
      Server:
      - ngx_openresty/1.2.6.3
      X-Balanced-Guru:
      - OHMf9fd5cd411f811e48ad106429171ffad
      X-Balanced-Host:
      - bapi-integration-prod-8u30f7-10-3-5-17
      X-Balanced-Marketplace:
      - TEST-MP1mjbKr3ZseFeWrJb4R03lj
      X-Balanced-Merchant:
      - TEST-MR1lb6D220PWeBKNmZs46597
      X-Balanced-Revision:
      - '1.1'
      X-Balanced-Software-Build:
      - 1.2.90
      Content-Length:
      - '520'
      Connection:
      - keep-alive
    body:
      encoding: UTF-8
      string: |-
        {
          "bank_accounts": [
            {
              "routing_number": "021000021",
              "bank_name": "JPMORGAN CHASE BANK",
              "account_type": "checking",
              "name": "Johann Bernoulli",
              "links": {
                "customer": null,
                "bank_account_verification": "BZ7AlVLx7bwUuiN8K3dd4xIt"
              },
              "can_credit": true,
              "created_at": "2014-07-22T23:36:06.025863Z",
              "fingerprint": "2ef53fa3f76e47c5930f77fe0a59aa103b5abfd5622f08305b786808ec574a1e",
              "updated_at": "2014-07-22T23:36:06.025867Z",
              "href": "/bank_accounts/BA7pbq6XbtiO9t0tTk601f9z",
              "meta": {},
              "account_number": "xxxxxx0002",
              "address": {
                "city": null,
                "line2": null,
                "line1": null,
                "state": null,
                "postal_code": null,
                "country_code": null
              },
              "can_debit": false,
              "id": "BA7pbq6XbtiO9t0tTk601f9z"
            }
          ],
          "links": {
            "bank_accounts.credits": "/bank_accounts/{bank_accounts.id}/credits",
            "bank_accounts.bank_account_verifications": "/bank_accounts/{bank_accounts.id}/verifications",
            "bank_accounts.customer": "/customers/{bank_accounts.customer}",
            "bank_accounts.debits": "/bank_accounts/{bank_accounts.id}/debits",
            "bank_accounts.bank_account_verification": "/verifications/{bank_accounts.bank_account_verification}"
          }
        }
    http_version: 
  recorded_at: Tue, 22 Jul 2014 23:36:17 GMT
- request:
    method: get
    uri: https://<BALANCED_API_KEY>:@api.balancedpayments.com/verifications/BZ7AlVLx7bwUuiN8K3dd4xIt
    body:
      encoding: US-ASCII
      string: ''
    headers:
      User-Agent:
      - balanced-ruby/1.1.0
      Content-Type:
      - application/json;revision=1.1
      Accept:
      - application/vnd.api+json;revision=1.1
      Accept-Encoding:
      - gzip;q=1.0,deflate;q=0.6,identity;q=0.3
  response:
    status:
      code: 200
      message: OK
    headers:
      Content-Type:
      - application/json
      Date:
      - Tue, 22 Jul 2014 23:36:17 GMT
      Server:
      - ngx_openresty/1.2.6.3
      X-Balanced-Guru:
      - OHMfa2c733411f811e4aecc02b12035401b
      X-Balanced-Host:
      - bapi-integration-prod-8u30f7-10-3-5-17
      X-Balanced-Marketplace:
      - TEST-MP1mjbKr3ZseFeWrJb4R03lj
      X-Balanced-Merchant:
      - TEST-MR1lb6D220PWeBKNmZs46597
      X-Balanced-Revision:
      - '1.1'
      X-Balanced-Software-Build:
      - 1.2.90
      Content-Length:
      - '599'
      Connection:
      - keep-alive
    body:
      encoding: UTF-8
      string: |-
        {
          "bank_account_verifications": [
            {
              "verification_status": "pending",
              "links": {
                "bank_account": "BA7pbq6XbtiO9t0tTk601f9z"
              },
              "href": "/verifications/BZ7AlVLx7bwUuiN8K3dd4xIt",
              "created_at": "2014-07-22T23:36:15.947944Z",
              "attempts_remaining": 3,
              "updated_at": "2014-07-22T23:36:16.331737Z",
              "deposit_status": "succeeded",
              "attempts": 0,
              "meta": {},
              "id": "BZ7AlVLx7bwUuiN8K3dd4xIt"
            }
          ],
          "links": {
            "bank_account_verifications.bank_account": "/bank_accounts/{bank_account_verifications.bank_account}"
          }
        }
    http_version: 
  recorded_at: Tue, 22 Jul 2014 23:36:17 GMT
- request:
    method: put
    uri: https://<BALANCED_API_KEY>:@api.balancedpayments.com/verifications/BZ7AlVLx7bwUuiN8K3dd4xIt
    body:
      encoding: UTF-8
      string: '{"verification_status":"pending","links":{"bank_account":"BA7pbq6XbtiO9t0tTk601f9z"},"created_at":"2014-07-22T23:36:15.947944Z","attempts_remaining":3,"updated_at":"2014-07-22T23:36:16.331737Z","deposit_status":"succeeded","attempts":0,"meta":{},"id":"BZ7AlVLx7bwUuiN8K3dd4xIt","amount_1":1,"amount_2":1}'
    headers:
      User-Agent:
      - balanced-ruby/1.1.0
      Content-Type:
      - application/json;revision=1.1
      Accept:
      - application/vnd.api+json;revision=1.1
      Accept-Encoding:
      - gzip;q=1.0,deflate;q=0.6,identity;q=0.3
  response:
    status:
      code: 200
      message: OK
    headers:
      Content-Type:
      - application/json
      Date:
      - Tue, 22 Jul 2014 23:36:17 GMT
      Server:
      - ngx_openresty/1.2.6.3
      X-Balanced-Guru:
      - OHMfa63820211f811e4ac8902b12035401b
      X-Balanced-Host:
      - bapi-integration-prod-8u30f7-10-3-5-201
      X-Balanced-Marketplace:
      - TEST-MP1mjbKr3ZseFeWrJb4R03lj
      X-Balanced-Merchant:
      - TEST-MR1lb6D220PWeBKNmZs46597
      X-Balanced-Revision:
      - '1.1'
      X-Balanced-Software-Build:
      - 1.2.90
      Content-Length:
      - '601'
      Connection:
      - keep-alive
    body:
      encoding: UTF-8
      string: |-
        {
          "bank_account_verifications": [
            {
              "verification_status": "succeeded",
              "links": {
                "bank_account": "BA7pbq6XbtiO9t0tTk601f9z"
              },
              "href": "/verifications/BZ7AlVLx7bwUuiN8K3dd4xIt",
              "created_at": "2014-07-22T23:36:15.947944Z",
              "attempts_remaining": 2,
              "updated_at": "2014-07-22T23:36:17.882739Z",
              "deposit_status": "succeeded",
              "attempts": 1,
              "meta": {},
              "id": "BZ7AlVLx7bwUuiN8K3dd4xIt"
            }
          ],
          "links": {
            "bank_account_verifications.bank_account": "/bank_accounts/{bank_account_verifications.bank_account}"
          }
        }
    http_version: 
  recorded_at: Tue, 22 Jul 2014 23:36:17 GMT
- request:
    method: get
    uri: https://<BALANCED_API_KEY>:@api.balancedpayments.com/bank_accounts/BA7pbq6XbtiO9t0tTk601f9z
    body:
      encoding: US-ASCII
      string: ''
    headers:
      User-Agent:
      - balanced-ruby/1.1.0
      Content-Type:
      - application/json;revision=1.1
      Accept:
      - application/vnd.api+json;revision=1.1
      Accept-Encoding:
      - gzip;q=1.0,deflate;q=0.6,identity;q=0.3
  response:
    status:
      code: 200
      message: OK
    headers:
      Content-Type:
      - application/json
      Date:
      - Tue, 22 Jul 2014 23:36:18 GMT
      Server:
      - ngx_openresty/1.2.6.3
      X-Balanced-Guru:
      - OHMfaa1d3f411f811e4aecc02b12035401b
      X-Balanced-Host:
      - bapi-integration-prod-8u30f7-10-3-4-8
      X-Balanced-Marketplace:
      - TEST-MP1mjbKr3ZseFeWrJb4R03lj
      X-Balanced-Merchant:
      - TEST-MR1lb6D220PWeBKNmZs46597
      X-Balanced-Revision:
      - '1.1'
      X-Balanced-Software-Build:
      - 1.2.90
      Content-Length:
      - '522'
      Connection:
      - keep-alive
    body:
      encoding: UTF-8
      string: |-
        {
          "bank_accounts": [
            {
              "routing_number": "021000021",
              "bank_name": "JPMORGAN CHASE BANK",
              "account_type": "checking",
              "name": "Johann Bernoulli",
              "links": {
                "customer": null,
                "bank_account_verification": "BZ7AlVLx7bwUuiN8K3dd4xIt"
              },
              "can_credit": true,
              "created_at": "2014-07-22T23:36:06.025863Z",
              "fingerprint": "2ef53fa3f76e47c5930f77fe0a59aa103b5abfd5622f08305b786808ec574a1e",
              "updated_at": "2014-07-22T23:36:17.881558Z",
              "href": "/bank_accounts/BA7pbq6XbtiO9t0tTk601f9z",
              "meta": {},
              "account_number": "xxxxxx0002",
              "address": {
                "city": null,
                "line2": null,
                "line1": null,
                "state": null,
                "postal_code": null,
                "country_code": null
              },
              "can_debit": true,
              "id": "BA7pbq6XbtiO9t0tTk601f9z"
            }
          ],
          "links": {
            "bank_accounts.credits": "/bank_accounts/{bank_accounts.id}/credits",
            "bank_accounts.bank_account_verifications": "/bank_accounts/{bank_accounts.id}/verifications",
            "bank_accounts.customer": "/customers/{bank_accounts.customer}",
            "bank_accounts.debits": "/bank_accounts/{bank_accounts.id}/debits",
            "bank_accounts.bank_account_verification": "/verifications/{bank_accounts.bank_account_verification}"
          }
        }
    http_version: 
  recorded_at: Tue, 22 Jul 2014 23:36:18 GMT
- request:
    method: post
    uri: https://<BALANCED_API_KEY>:@api.balancedpayments.com/bank_accounts/BA7pbq6XbtiO9t0tTk601f9z/debits
    body:
      encoding: UTF-8
      string: '{"amount":1,"appears_on_statement_as":"Epicodus Tuition","description":"Some
        descriptive text for the debit in the dashboard"}'
    headers:
      User-Agent:
      - balanced-ruby/1.1.0
      Content-Type:
      - application/json;revision=1.1
      Accept:
      - application/vnd.api+json;revision=1.1
      Accept-Encoding:
      - gzip;q=1.0,deflate;q=0.6,identity;q=0.3
  response:
    status:
      code: 201
      message: CREATED
    headers:
      Content-Type:
      - application/json
      Date:
      - Tue, 22 Jul 2014 23:36:19 GMT
      Server:
      - ngx_openresty/1.2.6.3
      X-Balanced-Guru:
      - OHMfae9fe9011f811e48ad106429171ffad
      X-Balanced-Host:
      - bapi-integration-prod-8u30f7-10-3-5-201
      X-Balanced-Marketplace:
      - TEST-MP1mjbKr3ZseFeWrJb4R03lj
      X-Balanced-Merchant:
      - TEST-MR1lb6D220PWeBKNmZs46597
      X-Balanced-Revision:
      - '1.1'
      X-Balanced-Software-Build:
      - 1.2.90
      Content-Length:
      - '1029'
      Connection:
      - keep-alive
    body:
      encoding: UTF-8
      string: |-
        {
          "debits": [
            {
              "status": "succeeded",
              "description": "Some descriptive text for the debit in the dashboard",
              "links": {
                "customer": null,
                "source": "BA7pbq6XbtiO9t0tTk601f9z",
                "order": null,
                "dispute": null
              },
              "updated_at": "2014-07-22T23:36:18.989683Z",
              "created_at": "2014-07-22T23:36:18.758142Z",
              "transaction_number": "W133-328-2130",
              "failure_reason": null,
              "currency": "USD",
              "amount": 1,
              "failure_reason_code": null,
              "meta": {},
              "href": "/debits/WD7DvLYg81AgVUjb7QWxKP5T",
              "appears_on_statement_as": "BAL*Epicodus Tuition",
              "id": "WD7DvLYg81AgVUjb7QWxKP5T"
            }
          ],
          "links": {
            "debits.customer": "/customers/{debits.customer}",
            "debits.dispute": "/disputes/{debits.dispute}",
            "debits.source": "/resources/{debits.source}",
            "debits.order": "/orders/{debits.order}",
            "debits.refunds": "/debits/{debits.id}/refunds",
            "debits.events": "/debits/{debits.id}/events"
          }
        }
    http_version: 
  recorded_at: Tue, 22 Jul 2014 23:36:18 GMT
recorded_with: VCR 2.9.2
